Archive member included to satisfy reference by file (symbol)

c:/st/stm32cubeide_1.0.0/stm32cubeide/plugins/com.st.stm32cube.ide.mcu.externaltools.gnu-tools-for-stm32.7-2018-q2-update.win32_1.0.0.201904181610/tools/bin/../lib/gcc/arm-none-eabi/7.3.1/../../../../arm-none-eabi/lib/thumb/v7e-m/fpv4-sp/hard\libstdc++_nano.a(del_opv.o)
                              Src/CppFile/CUart/CUart.o (operator delete[](void*))
c:/st/stm32cubeide_1.0.0/stm32cubeide/plugins/com.st.stm32cube.ide.mcu.externaltools.gnu-tools-for-stm32.7-2018-q2-update.win32_1.0.0.201904181610/tools/bin/../lib/gcc/arm-none-eabi/7.3.1/../../../../arm-none-eabi/lib/thumb/v7e-m/fpv4-sp/hard\libstdc++_nano.a(pure.o)
                              Src/CppFile/CCommand.o (__cxa_pure_virtual)
c:/st/stm32cubeide_1.0.0/stm32cubeide/plugins/com.st.stm32cube.ide.mcu.externaltools.gnu-tools-for-stm32.7-2018-q2-update.win32_1.0.0.201904181610/tools/bin/../lib/gcc/arm-none-eabi/7.3.1/../../../../arm-none-eabi/lib/thumb/v7e-m/fpv4-sp/hard\libstdc++_nano.a(new_opv.o)
                              Src/CppFile/CUart/CUart.o (operator new[](unsigned int))
c:/st/stm32cubeide_1.0.0/stm32cubeide/plugins/com.st.stm32cube.ide.mcu.externaltools.gnu-tools-for-stm32.7-2018-q2-update.win32_1.0.0.201904181610/tools/bin/../lib/gcc/arm-none-eabi/7.3.1/../../../../arm-none-eabi/lib/thumb/v7e-m/fpv4-sp/hard\libstdc++_nano.a(del_ops.o)
                              Src/CppFile/RPLIDAR/A1Protocol.o (operator delete(void*, unsigned int))
c:/st/stm32cubeide_1.0.0/stm32cubeide/plugins/com.st.stm32cube.ide.mcu.externaltools.gnu-tools-for-stm32.7-2018-q2-update.win32_1.0.0.201904181610/tools/bin/../lib/gcc/arm-none-eabi/7.3.1/../../../../arm-none-eabi/lib/thumb/v7e-m/fpv4-sp/hard\libstdc++_nano.a(new_op.o)
                              Src/CppFile/CInvoker.o (operator new(unsigned int))
c:/st/stm32cubeide_1.0.0/stm32cubeide/plugins/com.st.stm32cube.ide.mcu.externaltools.gnu-tools-for-stm32.7-2018-q2-update.win32_1.0.0.201904181610/tools/bin/../lib/gcc/arm-none-eabi/7.3.1/../../../../arm-none-eabi/lib/thumb/v7e-m/fpv4-sp/hard\libstdc++_nano.a(new_handler.o)
                              c:/st/stm32cubeide_1.0.0/stm32cubeide/plugins/com.st.stm32cube.ide.mcu.externaltools.gnu-tools-for-stm32.7-2018-q2-update.win32_1.0.0.201904181610/tools/bin/../lib/gcc/arm-none-eabi/7.3.1/../../../../arm-none-eabi/lib/thumb/v7e-m/fpv4-sp/hard\libstdc++_nano.a(new_op.o) (std::get_new_handler())
c:/st/stm32cubeide_1.0.0/stm32cubeide/plugins/com.st.stm32cube.ide.mcu.externaltools.gnu-tools-for-stm32.7-2018-q2-update.win32_1.0.0.201904181610/tools/bin/../lib/gcc/arm-none-eabi/7.3.1/../../../../arm-none-eabi/lib/thumb/v7e-m/fpv4-sp/hard\libstdc++_nano.a(del_op.o)
                              Src/CppFile/CInvoker.o (operator delete(void*))
c:/st/stm32cubeide_1.0.0/stm32cubeide/plugins/com.st.stm32cube.ide.mcu.externaltools.gnu-tools-for-stm32.7-2018-q2-update.win32_1.0.0.201904181610/tools/bin/../lib/gcc/arm-none-eabi/7.3.1/../../../../arm-none-eabi/lib/thumb/v7e-m/fpv4-sp/hard\libstdc++_nano.a(eh_terminate.o)
                              c:/st/stm32cubeide_1.0.0/stm32cubeide/plugins/com.st.stm32cube.ide.mcu.externaltools.gnu-tools-for-stm32.7-2018-q2-update.win32_1.0.0.201904181610/tools/bin/../lib/gcc/arm-none-eabi/7.3.1/../../../../arm-none-eabi/lib/thumb/v7e-m/fpv4-sp/hard\libstdc++_nano.a(pure.o) (std::terminate())
c:/st/stm32cubeide_1.0.0/stm32cubeide/plugins/com.st.stm32cube.ide.mcu.externaltools.gnu-tools-for-stm32.7-2018-q2-update.win32_1.0.0.201904181610/tools/bin/../lib/gcc/arm-none-eabi/7.3.1/../../../../arm-none-eabi/lib/thumb/v7e-m/fpv4-sp/hard\libstdc++_nano.a(allocator-inst.o)
                              Src/CppFile/RPLIDAR/A1Protocol.o (std::allocator<char>::allocator())
c:/st/stm32cubeide_1.0.0/stm32cubeide/plugins/com.st.stm32cube.ide.mcu.externaltools.gnu-tools-for-stm32.7-2018-q2-update.win32_1.0.0.201904181610/tools/bin/../lib/gcc/arm-none-eabi/7.3.1/../../../../arm-none-eabi/lib/thumb/v7e-m/fpv4-sp/hard\libstdc++_nano.a(list.o)
                              Src/CppFile/CInvoker.o (std::__detail::_List_node_base::_M_hook(std::__detail::_List_node_base*))
c:/st/stm32cubeide_1.0.0/stm32cubeide/plugins/com.st.stm32cube.ide.mcu.externaltools.gnu-tools-for-stm32.7-2018-q2-update.win32_1.0.0.201904181610/tools/bin/../lib/gcc/arm-none-eabi/7.3.1/../../../../arm-none-eabi/lib/thumb/v7e-m/fpv4-sp/hard\libstdc++_nano.a(tree.o)
                              Src/CppFile/CStateMachine/CStateMachine.o (std::_Rb_tree_increment(std::_Rb_tree_node_base*))
c:/st/stm32cubeide_1.0.0/stm32cubeide/plugins/com.st.stm32cube.ide.mcu.externaltools.gnu-tools-for-stm32.7-2018-q2-update.win32_1.0.0.201904181610/tools/bin/../lib/gcc/arm-none-eabi/7.3.1/../../../../arm-none-eabi/lib/thumb/v7e-m/fpv4-sp/hard\libstdc++_nano.a(functexcept.o)
                              Src/CppFile/CInvoker.o (std::__throw_bad_alloc())
[...]
Memory Configuration

Name             Origin             Length             Attributes
CCMRAM           0x0000000010000000 0x0000000000010000 xrw
RAM              0x0000000020000000 0x0000000000020000 xrw
FLASH            0x0000000008000000 0x0000000000100000 xr
*default*        0x0000000000000000 0xffffffffffffffff

Linker script and memory map

LOAD c:/st/stm32cubeide_1.0.0/stm32cubeide/plugins/com.st.stm32cube.ide.mcu.externaltools.gnu-tools-for-stm32.7-2018-q2-update.win32_1.0.0.201904181610/tools/bin/../lib/gcc/arm-none-eabi/7.3.1/thumb/v7e-m/fpv4-sp/hard/crti.o
LOAD c:/st/stm32cubeide_1.0.0/stm32cubeide/plugins/com.st.stm32cube.ide.mcu.externaltools.gnu-tools-for-stm32.7-2018-q2-update.win32_1.0.0.201904181610/tools/bin/../lib/gcc/arm-none-eabi/7.3.1/thumb/v7e-m/fpv4-sp/hard/crtbegin.o
LOAD c:/st/stm32cubeide_1.0.0/stm32cubeide/plugins/com.st.stm32cube.ide.mcu.externaltools.gnu-tools-for-stm32.7-2018-q2-update.win32_1.0.0.201904181610/tools/bin/../lib/gcc/arm-none-eabi/7.3.1/../../../../arm-none-eabi/lib/thumb/v7e-m/fpv4-sp/hard/crt0.o
LOAD Drivers/STM32F4xx_HAL_Driver/Src/stm32f4xx_hal.o
LOAD Drivers/STM32F4xx_HAL_Driver/Src/stm32f4xx_hal_cortex.o
LOAD Drivers/STM32F4xx_HAL_Driver/Src/stm32f4xx_hal_dma.o
LOAD Drivers/STM32F4xx_HAL_Driver/Src/stm32f4xx_hal_dma_ex.o
LOAD Drivers/STM32F4xx_HAL_Driver/Src/stm32f4xx_hal_exti.o
LOAD Drivers/STM32F4xx_HAL_Driver/Src/stm32f4xx_hal_flash.o
LOAD Drivers/STM32F4xx_HAL_Driver/Src/stm32f4xx_hal_flash_ex.o
LOAD Drivers/STM32F4xx_HAL_Driver/Src/stm32f4xx_hal_flash_ramfunc.o
LOAD Drivers/STM32F4xx_HAL_Driver/Src/stm32f4xx_hal_gpio.o
LOAD Drivers/STM32F4xx_HAL_Driver/Src/stm32f4xx_hal_pwr.o
LOAD Drivers/STM32F4xx_HAL_Driver/Src/stm32f4xx_hal_pwr_ex.o
LOAD Drivers/STM32F4xx_HAL_Driver/Src/stm32f4xx_hal_rcc.o
LOAD Drivers/STM32F4xx_HAL_Driver/Src/stm32f4xx_hal_rcc_ex.o
LOAD Drivers/STM32F4xx_HAL_Driver/Src/stm32f4xx_hal_tim.o
LOAD Drivers/STM32F4xx_HAL_Driver/Src/stm32f4xx_hal_tim_ex.o
LOAD Drivers/STM32F4xx_HAL_Driver/Src/stm32f4xx_hal_uart.o
LOAD Src/CppFile/CCommand.o
LOAD Src/CppFile/CDevice.o
LOAD Src/CppFile/CDeviceDecorator.o
LOAD Src/CppFile/CInvoker.o
LOAD Src/CppFile/CObserver.o
LOAD Src/CppFile/CReceiver.o
LOAD Src/CppFile/CStrategy.o
LOAD Src/CppFile/CSubject.o
LOAD Src/CppFile/CStateMachine/CStateMachine.o
LOAD Src/CppFile/CUart/CRelateOfHandleAndCUart.o
LOAD Src/CppFile/CUart/CUart.o
LOAD Src/CppFile/RPLIDAR/A1Protocol.o
LOAD Src/CppFile/RPLIDAR/CCommandOfA1.o
LOAD Src/main.o
LOAD Src/stm32f4xx_hal_msp.o
LOAD Src/stm32f4xx_it.o
LOAD Src/syscalls.o
LOAD Src/sysmem.o
LOAD Src/system_stm32f4xx.o
LOAD Startup/startup_stm32f407zgtx.o
START GROUP
LOAD c:/st/stm32cubeide_1.0.0/stm32cubeide/plugins/com.st.stm32cube.ide.mcu.externaltools.gnu-tools-for-stm32.7-2018-q2-update.win32_1.0.0.201904181610/tools/bin/../lib/gcc/arm-none-eabi/7.3.1/../../../../arm-none-eabi/lib/thumb/v7e-m/fpv4-sp/hard\libstdc++_nano.a
LOAD c:/st/stm32cubeide_1.0.0/stm32cubeide/plugins/com.st.stm32cube.ide.mcu.externaltools.gnu-tools-for-stm32.7-2018-q2-update.win32_1.0.0.201904181610/tools/bin/../lib/gcc/arm-none-eabi/7.3.1/../../../../arm-none-eabi/lib/thumb/v7e-m/fpv4-sp/hard\libsupc++_nano.a
END GROUP
LOAD c:/st/stm32cubeide_1.0.0/stm32cubeide/plugins/com.st.stm32cube.ide.mcu.externaltools.gnu-tools-for-stm32.7-2018-q2-update.win32_1.0.0.201904181610/tools/bin/../lib/gcc/arm-none-eabi/7.3.1/../../../../arm-none-eabi/lib/thumb/v7e-m/fpv4-sp/hard\libstdc++_nano.a
LOAD c:/st/stm32cubeide_1.0.0/stm32cubeide/plugins/com.st.stm32cube.ide.mcu.externaltools.gnu-tools-for-stm32.7-2018-q2-update.win32_1.0.0.201904181610/tools/bin/../lib/gcc/arm-none-eabi/7.3.1/../../../../arm-none-eabi/lib/thumb/v7e-m/fpv4-sp/hard\libm.a
LOAD c:/st/stm32cubeide_1.0.0/stm32cubeide/plugins/com.st.stm32cube.ide.mcu.externaltools.gnu-tools-for-stm32.7-2018-q2-update.win32_1.0.0.201904181610/tools/bin/../lib/gcc/arm-none-eabi/7.3.1/../../../../arm-none-eabi/lib/thumb/v7e-m/fpv4-sp/hard\libc_nano.a
START GROUP
LOAD c:/st/stm32cubeide_1.0.0/stm32cubeide/plugins/com.st.stm32cube.ide.mcu.externaltools.gnu-tools-for-stm32.7-2018-q2-update.win32_1.0.0.201904181610/tools/bin/../lib/gcc/arm-none-eabi/7.3.1/thumb/v7e-m/fpv4-sp/hard\libgcc.a
LOAD c:/st/stm32cubeide_1.0.0/stm32cubeide/plugins/com.st.stm32cube.ide.mcu.externaltools.gnu-tools-for-stm32.7-2018-q2-update.win32_1.0.0.201904181610/tools/bin/../lib/gcc/arm-none-eabi/7.3.1/../../../../arm-none-eabi/lib/thumb/v7e-m/fpv4-sp/hard\libc_nano.a
END GROUP
START GROUP
LOAD c:/st/stm32cubeide_1.0.0/stm32cubeide/plugins/com.st.stm32cube.ide.mcu.externaltools.gnu-tools-for-stm32.7-2018-q2-update.win32_1.0.0.201904181610/tools/bin/../lib/gcc/arm-none-eabi/7.3.1/thumb/v7e-m/fpv4-sp/hard\libgcc.a
LOAD c:/st/stm32cubeide_1.0.0/stm32cubeide/plugins/com.st.stm32cube.ide.mcu.externaltools.gnu-tools-for-stm32.7-2018-q2-update.win32_1.0.0.201904181610/tools/bin/../lib/gcc/arm-none-eabi/7.3.1/../../../../arm-none-eabi/lib/thumb/v7e-m/fpv4-sp/hard\libc_nano.a
LOAD c:/st/stm32cubeide_1.0.0/stm32cubeide/plugins/com.st.stm32cube.ide.mcu.externaltools.gnu-tools-for-stm32.7-2018-q2-update.win32_1.0.0.201904181610/tools/bin/../lib/gcc/arm-none-eabi/7.3.1/../../../../arm-none-eabi/lib/thumb/v7e-m/fpv4-sp/hard\libnosys.a
END GROUP
START GROUP
LOAD c:/st/stm32cubeide_1.0.0/stm32cubeide/plugins/com.st.stm32cube.ide.mcu.externaltools.gnu-tools-for-stm32.7-2018-q2-update.win32_1.0.0.201904181610/tools/bin/../lib/gcc/arm-none-eabi/7.3.1/thumb/v7e-m/fpv4-sp/hard\libgcc.a
LOAD c:/st/stm32cubeide_1.0.0/stm32cubeide/plugins/com.st.stm32cube.ide.mcu.externaltools.gnu-tools-for-stm32.7-2018-q2-update.win32_1.0.0.201904181610/tools/bin/../lib/gcc/arm-none-eabi/7.3.1/../../../../arm-none-eabi/lib/thumb/v7e-m/fpv4-sp/hard\libc_nano.a
LOAD c:/st/stm32cubeide_1.0.0/stm32cubeide/plugins/com.st.stm32cube.ide.mcu.externaltools.gnu-tools-for-stm32.7-2018-q2-update.win32_1.0.0.201904181610/tools/bin/../lib/gcc/arm-none-eabi/7.3.1/../../../../arm-none-eabi/lib/thumb/v7e-m/fpv4-sp/hard\libnosys.a
END GROUP
LOAD c:/st/stm32cubeide_1.0.0/stm32cubeide/plugins/com.st.stm32cube.ide.mcu.externaltools.gnu-tools-for-stm32.7-2018-q2-update.win32_1.0.0.201904181610/tools/bin/../lib/gcc/arm-none-eabi/7.3.1/thumb/v7e-m/fpv4-sp/hard/crtend.o
LOAD c:/st/stm32cubeide_1.0.0/stm32cubeide/plugins/com.st.stm32cube.ide.mcu.externaltools.gnu-tools-for-stm32.7-2018-q2-update.win32_1.0.0.201904181610/tools/bin/../lib/gcc/arm-none-eabi/7.3.1/thumb/v7e-m/fpv4-sp/hard/crtn.o
                0x0000000020020000                _estack = 0x20020000
                0x0000000000000200                _Min_Heap_Size = 0x200
                0x0000000000000400                _Min_Stack_Size = 0x400

.isr_vector     0x0000000008000000      0x188
                0x0000000008000000                . = ALIGN (0x4)
 *(.isr_vector)
 .isr_vector    0x0000000008000000      0x188 Startup/startup_stm32f407zgtx.o
                0x0000000008000000                g_pfnVectors
                0x0000000008000188                . = ALIGN (0x4)

.text           0x0000000008000188     0x87dc
                0x0000000008000188                . = ALIGN (0x4)
 *(.text)
 .text          0x0000000008000188       0x40 c:/st/stm32cubeide_1.0.0/stm32cubeide/plugins/com.st.stm32cube.ide.mcu.externaltools.gnu-tools-for-stm32.7-2018-q2-update.win32_1.0.0.201904181610/tools/bin/../lib/gcc/arm-none-eabi/7.3.1/thumb/v7e-m/fpv4-sp/hard/crtbegin.o
 .text          0x00000000080001c8       0x10 c:/st/stm32cubeide_1.0.0/stm32cubeide/plugins/com.st.stm32cube.ide.mcu.externaltools.gnu-tools-for-stm32.7-2018-q2-update.win32_1.0.0.201904181610/tools/bin/../lib/gcc/arm-none-eabi/7.3.1/../../../../arm-none-eabi/lib/thumb/v7e-m/fpv4-sp/hard\libc_nano.a(lib_a-strlen.o)
                0x00000000080001c8                strlen
 .text          0x00000000080001d8       0x30 c:/st/stm32cubeide_1.0.0/stm32cubeide/plugins/com.st.stm32cube.ide.mcu.externaltools.gnu-tools-for-stm32.7-2018-q2-update.win32_1.0.0.201904181610/tools/bin/../lib/gcc/arm-none-eabi/7.3.1/thumb/v7e-m/fpv4-sp/hard\libgcc.a(_aeabi_uldivmod.o)
                0x00000000080001d8                __aeabi_uldivmod
 .text          0x0000000008000208      0x2cc c:/st/stm32cubeide_1.0.0/stm32cubeide/plugins/com.st.stm32cube.ide.mcu.externaltools.gnu-tools-for-stm32.7-2018-q2-update.win32_1.0.0.201904181610/tools/bin/../lib/gcc/arm-none-eabi/7.3.1/thumb/v7e-m/fpv4-sp/hard\libgcc.a(_udivmoddi4.o)
                0x0000000008000208                __udivmoddi4
 .text          0x00000000080004d4        0x4 c:/st/stm32cubeide_1.0.0/stm32cubeide/plugins/com.st.stm32cube.ide.mcu.externaltools.gnu-tools-for-stm32.7-2018-q2-update.win32_1.0.0.201904181610/tools/bin/../lib/gcc/arm-none-eabi/7.3.1/thumb/v7e-m/fpv4-sp/hard\libgcc.a(_dvmd_tls.o)
                0x00000000080004d4                __aeabi_idiv0
                0x00000000080004d4                __aeabi_ldiv0
 *(.text*)
 .text.HAL_Init
                0x00000000080004d8       0x44 Drivers/STM32F4xx_HAL_Driver/Src/stm32f4xx_hal.o
                0x00000000080004d8                HAL_Init
 .text.HAL_InitTick
                0x000000000800051c       0x60 Drivers/STM32F4xx_HAL_Driver/Src/stm32f4xx_hal.o
                0x000000000800051c                HAL_InitTick
 .text.HAL_IncTick
                0x000000000800057c       0x28 Drivers/STM32F4xx_HAL_Driver/Src/stm32f4xx_hal.o
                0x000000000800057c                HAL_IncTick
 .text.HAL_GetTick
                0x00000000080005a4       0x18 Drivers/STM32F4xx_HAL_Driver/Src/stm32f4xx_hal.o
                0x00000000080005a4                HAL_GetTick
 .text.__NVIC_SetPriorityGrouping
                0x00000000080005bc       0x48 Drivers/STM32F4xx_HAL_Driver/Src/stm32f4xx_hal_cortex.o
 .text.__NVIC_GetPriorityGrouping
                0x0000000008000604       0x1c Drivers/STM32F4xx_HAL_Driver/Src/stm32f4xx_hal_cortex.o
 .text.__NVIC_EnableIRQ
                0x0000000008000620       0x3c Drivers/STM32F4xx_HAL_Driver/Src/stm32f4xx_hal_cortex.o
 .text.__NVIC_SetPriority
                0x000000000800065c       0x54 Drivers/STM32F4xx_HAL_Driver/Src/stm32f4xx_hal_cortex.o
 .text.NVIC_EncodePriority
                0x00000000080006b0       0x66 Drivers/STM32F4xx_HAL_Driver/Src/stm32f4xx_hal_cortex.o
 *fill*         0x0000000008000716        0x2 
 .text.SysTick_Config
                0x0000000008000718       0x44 Drivers/STM32F4xx_HAL_Driver/Src/stm32f4xx_hal_cortex.o
 .text.HAL_NVIC_SetPriorityGrouping
                0x000000000800075c       0x16 Drivers/STM32F4xx_HAL_Driver/Src/stm32f4xx_hal_cortex.o
                0x000000000800075c                HAL_NVIC_SetPriorityGrouping
 .text.HAL_NVIC_SetPriority
                0x0000000008000772       0x38 Drivers/STM32F4xx_HAL_Driver/Src/stm32f4xx_hal_cortex.o
                0x0000000008000772                HAL_NVIC_SetPriority
 .text.HAL_NVIC_EnableIRQ
                0x00000000080007aa       0x1c Drivers/STM32F4xx_HAL_Driver/Src/stm32f4xx_hal_cortex.o
                0x00000000080007aa                HAL_NVIC_EnableIRQ
 .text.HAL_SYSTICK_Config
                0x00000000080007c6       0x18 Drivers/STM32F4xx_HAL_Driver/Src/stm32f4xx_hal_cortex.o
                0x00000000080007c6                HAL_SYSTICK_Config
 *fill*         0x00000000080007de        0x2 
 .text.HAL_DMA_Init
                0x00000000080007e0      0x15c Drivers/STM32F4xx_HAL_Driver/Src/stm32f4xx_hal_dma.o
                0x00000000080007e0                HAL_DMA_Init
 .text.HAL_DMA_Start_IT
                0x000000000800093c       0xc0 Drivers/STM32F4xx_HAL_Driver/Src/stm32f4xx_hal_dma.o
                0x000000000800093c                HAL_DMA_Start_IT
 .text.HAL_DMA_Abort_IT
                0x00000000080009fc       0x44 Drivers/STM32F4xx_HAL_Driver/Src/stm32f4xx_hal_dma.o
                0x00000000080009fc                HAL_DMA_Abort_IT
 .text.HAL_DMA_IRQHandler
                0x0000000008000a40      0x314 Drivers/STM32F4xx_HAL_Driver/Src/stm32f4xx_hal_dma.o
                0x0000000008000a40                HAL_DMA_IRQHandler
 .text.DMA_SetConfig
                0x0000000008000d54       0x5c Drivers/STM32F4xx_HAL_Driver/Src/stm32f4xx_hal_dma.o
 .text.DMA_CalcBaseAndBitshift
                0x0000000008000db0       0x6c Drivers/STM32F4xx_HAL_Driver/Src/stm32f4xx_hal_dma.o
 .text.DMA_CheckFifoParam
                0x0000000008000e1c       0xf4 Drivers/STM32F4xx_HAL_Driver/Src/stm32f4xx_hal_dma.o
 .text.HAL_GPIO_Init
                0x0000000008000f10      0x334 Drivers/STM32F4xx_HAL_Driver/Src/stm32f4xx_hal_gpio.o
                0x0000000008000f10                HAL_GPIO_Init
 .text.HAL_RCC_OscConfig
                0x0000000008001244      0x484 Drivers/STM32F4xx_HAL_Driver/Src/stm32f4xx_hal_rcc.o
                0x0000000008001244                HAL_RCC_OscConfig
 .text.HAL_RCC_ClockConfig
                0x00000000080016c8      0x1c4 Drivers/STM32F4xx_HAL_Driver/Src/stm32f4xx_hal_rcc.o
                0x00000000080016c8                HAL_RCC_ClockConfig
 .text.HAL_RCC_GetSysClockFreq
                0x000000000800188c      0x164 Drivers/STM32F4xx_HAL_Driver/Src/stm32f4xx_hal_rcc.o
                0x000000000800188c                HAL_RCC_GetSysClockFreq
 .text.HAL_RCC_GetHCLKFreq
                0x00000000080019f0       0x18 Drivers/STM32F4xx_HAL_Driver/Src/stm32f4xx_hal_rcc.o
                0x00000000080019f0                HAL_RCC_GetHCLKFreq
 .text.HAL_RCC_GetPCLK1Freq
                0x0000000008001a08       0x28 Drivers/STM32F4xx_HAL_Driver/Src/stm32f4xx_hal_rcc.o
                0x0000000008001a08                HAL_RCC_GetPCLK1Freq
 .text.HAL_RCC_GetPCLK2Freq
                0x0000000008001a30       0x28 Drivers/STM32F4xx_HAL_Driver/Src/stm32f4xx_hal_rcc.o
                0x0000000008001a30                HAL_RCC_GetPCLK2Freq
 .text.HAL_UART_Init
                0x0000000008001a58       0x9a Drivers/STM32F4xx_HAL_Driver/Src/stm32f4xx_hal_uart.o
                0x0000000008001a58                HAL_UART_Init
 .text.HAL_UART_Transmit
                0x0000000008001af2      0x132 Drivers/STM32F4xx_HAL_Driver/Src/stm32f4xx_hal_uart.o
                0x0000000008001af2                HAL_UART_Transmit
 .text.HAL_UART_Receive
                0x0000000008001c24      0x14c Drivers/STM32F4xx_HAL_Driver/Src/stm32f4xx_hal_uart.o
                0x0000000008001c24                HAL_UART_Receive
 .text.HAL_UART_Transmit_IT
                0x0000000008001d70       0x8a Drivers/STM32F4xx_HAL_Driver/Src/stm32f4xx_hal_uart.o
                0x0000000008001d70                HAL_UART_Transmit_IT
 .text.HAL_UART_Receive_IT
                0x0000000008001dfa       0xaa Drivers/STM32F4xx_HAL_Driver/Src/stm32f4xx_hal_uart.o
                0x0000000008001dfa                HAL_UART_Receive_IT
 .text.HAL_UART_Transmit_DMA
                0x0000000008001ea4       0xd8 Drivers/STM32F4xx_HAL_Driver/Src/stm32f4xx_hal_uart.o
                0x0000000008001ea4                HAL_UART_Transmit_DMA
 .text.HAL_UART_Receive_DMA
                0x0000000008001f7c      0x100 Drivers/STM32F4xx_HAL_Driver/Src/stm32f4xx_hal_uart.o
                0x0000000008001f7c                HAL_UART_Receive_DMA
 .text.HAL_UART_IRQHandler
                0x000000000800207c      0x1f8 Drivers/STM32F4xx_HAL_Driver/Src/stm32f4xx_hal_uart.o
                0x000000000800207c                HAL_UART_IRQHandler
 .text.HAL_UART_TxCpltCallback
                0x0000000008002274       0x14 Drivers/STM32F4xx_HAL_Driver/Src/stm32f4xx_hal_uart.o
                0x0000000008002274                HAL_UART_TxCpltCallback
 .text.HAL_UART_TxHalfCpltCallback
                0x0000000008002288       0x14 Drivers/STM32F4xx_HAL_Driver/Src/stm32f4xx_hal_uart.o
                0x0000000008002288                HAL_UART_TxHalfCpltCallback
 .text.HAL_UART_ErrorCallback
                0x000000000800229c       0x14 Drivers/STM32F4xx_HAL_Driver/Src/stm32f4xx_hal_uart.o
                0x000000000800229c                HAL_UART_ErrorCallback
 .text.UART_DMATransmitCplt
                0x00000000080022b0       0x52 Drivers/STM32F4xx_HAL_Driver/Src/stm32f4xx_hal_uart.o
 .text.UART_DMATxHalfCplt
                0x0000000008002302       0x1c Drivers/STM32F4xx_HAL_Driver/Src/stm32f4xx_hal_uart.o
 .text.UART_DMAReceiveCplt
                0x000000000800231e       0x68 Drivers/STM32F4xx_HAL_Driver/Src/stm32f4xx_hal_uart.o
 .text.UART_DMARxHalfCplt
                0x0000000008002386       0x1c Drivers/STM32F4xx_HAL_Driver/Src/stm32f4xx_hal_uart.o
 .text.UART_DMAError
                0x00000000080023a2       0x94 Drivers/STM32F4xx_HAL_Driver/Src/stm32f4xx_hal_uart.o
 .text.UART_WaitOnFlagUntilTimeout
                0x0000000008002436       0x94 Drivers/STM32F4xx_HAL_Driver/Src/stm32f4xx_hal_uart.o
 .text.UART_EndTxTransfer
                0x00000000080024ca       0x2c Drivers/STM32F4xx_HAL_Driver/Src/stm32f4xx_hal_uart.o
 .text.UART_EndRxTransfer
                0x00000000080024f6       0x3c Drivers/STM32F4xx_HAL_Driver/Src/stm32f4xx_hal_uart.o
 .text.UART_DMAAbortOnError
                0x0000000008002532       0x28 Drivers/STM32F4xx_HAL_Driver/Src/stm32f4xx_hal_uart.o
 .text.UART_Transmit_IT
                0x000000000800255a       0xac Drivers/STM32F4xx_HAL_Driver/Src/stm32f4xx_hal_uart.o
 .text.UART_EndTransmit_IT
                0x0000000008002606       0x30 Drivers/STM32F4xx_HAL_Driver/Src/stm32f4xx_hal_uart.o
 .text.UART_Receive_IT
                0x0000000008002636      0x102 Drivers/STM32F4xx_HAL_Driver/Src/stm32f4xx_hal_uart.o
 .text.UART_SetConfig
                0x0000000008002738      0x414 Drivers/STM32F4xx_HAL_Driver/Src/stm32f4xx_hal_uart.o
 .text._ZnwjPv  0x0000000008002b4c       0x18 Src/CppFile/CInvoker.o
                0x0000000008002b4c                operator new(unsigned int, void*)
 .text._ZNSt10_List_nodeIjE9_M_valptrEv
                0x0000000008002b64       0x1c Src/CppFile/CInvoker.o
                0x0000000008002b64                std::_List_node<unsigned int>::_M_valptr()
 .text._ZN9__gnu_cxx16__aligned_membufIjE6_M_ptrEv
                0x0000000008002b80       0x18 Src/CppFile/CInvoker.o
                0x0000000008002b80                __gnu_cxx::__aligned_membuf<unsigned int>::_M_ptr()
 .text._ZN9__gnu_cxx16__aligned_membufIjE7_M_addrEv
                0x0000000008002b98       0x16 Src/CppFile/CInvoker.o
                0x0000000008002b98                __gnu_cxx::__aligned_membuf<unsigned int>::_M_addr()
 *fill*         0x0000000008002bae        0x2 
 .text._ZN3wyz9CReceiverC2Ev
                0x0000000008002bb0       0x20 Src/CppFile/CReceiver.o
                0x0000000008002bb0                wyz::CReceiver::CReceiver()
                0x0000000008002bb0                wyz::CReceiver::CReceiver()
 .text._ZN3wyz13CStateMachine14MergeIntToLongEii
                0x0000000008002bd0       0x24 Src/CppFile/CStateMachine/CStateMachine.o
                0x0000000008002bd0                wyz::CStateMachine::MergeIntToLong(int, int)
 .text._ZN3wyz13CStateMachine28AddItemOfInternalTransitionsEiii
                0x0000000008002bf4       0x40 Src/CppFile/CStateMachine/CStateMachine.o
                0x0000000008002bf4                wyz::CStateMachine::AddItemOfInternalTransitions(int, int, int)
 .text._ZN3wyz13CStateMachine17AddItemOfStateMapEiPNS_10CStateBaseE
                0x0000000008002c34       0x2a Src/CppFile/CStateMachine/CStateMachine.o
                0x0000000008002c34                wyz::CStateMachine::AddItemOfStateMap(int, wyz::CStateBase*)
 .text._ZN3wyz13CStateMachine20AddItemOfTransitionsEiii
                0x0000000008002c5e       0x40 Src/CppFile/CStateMachine/CStateMachine.o
                0x0000000008002c5e                wyz::CStateMachine::AddItemOfTransitions(int, int, int)
 .text._ZN3wyz13CStateMachine8SetEventEP17CMachineEventBase
                0x0000000008002c9e       0x20 Src/CppFile/CStateMachine/CStateMachine.o
                0x0000000008002c9e                wyz::CStateMachine::SetEvent(CMachineEventBase*)
 .text._ZN3wyz13CStateMachine13InternalEventEP17CMachineEventBase
                0x0000000008002cbe       0xf2 Src/CppFile/CStateMachine/CStateMachine.o
                0x0000000008002cbe                wyz::CStateMachine::InternalEvent(CMachineEventBase*)
 .text._ZN3wyz13CStateMachine13ExternalEventEP17CMachineEventBasei
                0x0000000008002db0       0xce Src/CppFile/CStateMachine/CStateMachine.o
                0x0000000008002db0                wyz::CStateMachine::ExternalEvent(CMachineEventBase*, int)
 .text._ZSt4moveIRxEONSt16remove_referenceIT_E4typeEOS2_
                0x0000000008002e7e       0x16 Src/CppFile/CStateMachine/CStateMachine.o
                0x0000000008002e7e                std::remove_reference<long long&>::type&& std::move<long long&>(long long&)
 .text._ZSt7forwardIxEOT_RNSt16remove_referenceIS0_E4typeE
                0x0000000008002e94       0x16 Src/CppFile/CStateMachine/CStateMachine.o
                0x0000000008002e94                long long&& std::forward<long long>(std::remove_reference<long long>::type&)
 .text._ZNSt5tupleIJOxEEC2IJxELb1EEEDpOT_
                0x0000000008002eaa       0x26 Src/CppFile/CStateMachine/CStateMachine.o
                0x0000000008002eaa                std::tuple<long long&&>::tuple<long long, true>(long long&&)
                0x0000000008002eaa                std::tuple<long long&&>::tuple<long long, true>(long long&&)
 .text._ZNSt11_Tuple_implILj0EJOxEEC2IxEEOT_
                0x0000000008002ed0       0x26 Src/CppFile/CStateMachine/CStateMachine.o
                0x0000000008002ed0                std::_Tuple_impl<0u, long long&&>::_Tuple_impl<long long>(long long&&)
                0x0000000008002ed0                std::_Tuple_impl<0u, long long&&>::_Tuple_impl<long long>(long long&&)
 .text._ZNSt10_Head_baseILj0EOxLb0EEC2IxEEOT_
                0x0000000008002ef6       0x20 Src/CppFile/CStateMachine/CStateMachine.o
                0x0000000008002ef6                std::_Head_base<0u, long long&&, false>::_Head_base<long long>(long long&&)
                0x0000000008002ef6                std::_Head_base<0u, long long&&, false>::_Head_base<long long>(long long&&)
 .text._ZNSt5tupleIJOxEEC2EOS1_
                0x0000000008002f16       0x20 Src/CppFile/CStateMachine/CStateMachine.o
                0x0000000008002f16                std::tuple<long long&&>::tuple(std::tuple<long long&&>&&)
                0x0000000008002f16                std::tuple<long long&&>::tuple(std::tuple<long long&&>&&)
 .text._ZSt16forward_as_tupleIJxEESt5tupleIJDpOT_EES3_
                0x0000000008002f36       0x22 Src/CppFile/CStateMachine/CStateMachine.o
                0x0000000008002f36                std::tuple<long long&&> std::forward_as_tuple<long long>(long long&&)
 .text._ZNSt3mapIxiSt4lessIxESaISt4pairIKxiEEEixEOx
                0x0000000008002f58       0xc0 Src/CppFile/CStateMachine/CStateMachine.o
                0x0000000008002f58                std::map<long long, int, std::less<long long>, std::allocator<std::pair<long long const, int> > >::operator[](long long&&)
 .text._ZNSt5tupleIJRKiEEC2IvLb1EEES1_
                0x0000000008003018       0x1e Src/CppFile/CStateMachine/CStateMachine.o
                0x0000000008003018                std::tuple<int const&>::tuple<void, true>(int const&)
                0x0000000008003018                std::tuple<int const&>::tuple<void, true>(int const&)
 .text._ZNSt11_Tuple_implILj0EJRKiEEC2ES1_
                0x0000000008003036       0x1e Src/CppFile/CStateMachine/CStateMachine.o
                0x0000000008003036                std::_Tuple_impl<0u, int const&>::_Tuple_impl(int const&)
                0x0000000008003036                std::_Tuple_impl<0u, int const&>::_Tuple_impl(int const&)
 .text._ZNSt10_Head_baseILj0ERKiLb0EEC2ES1_
                0x0000000008003054       0x1e Src/CppFile/CStateMachine/CStateMachine.o
                0x0000000008003054                std::_Head_base<0u, int const&, false>::_Head_base(int const&)
                0x0000000008003054                std::_Head_base<0u, int const&, false>::_Head_base(int const&)
 *fill*         0x0000000008003072        0x2 
 .text._ZNSt3mapIiPN3wyz10CStateBaseESt4lessIiESaISt4pairIKiS2_EEEixERS6_
                0x0000000008003074       0xb8 Src/CppFile/CStateMachine/CStateMachine.o
                0x0000000008003074                std::map<int, wyz::CStateBase*, std::less<int>, std::allocator<std::pair<int const, wyz::CStateBase*> > >::operator[](int const&)
 .text._ZNKSt3mapIxiSt4lessIxESaISt4pairIKxiEEE5countERS3_
                0x000000000800312c       0x48 Src/CppFile/CStateMachine/CStateMachine.o
                0x000000000800312c                std::map<long long, int, std::less<long long>, std::allocator<std::pair<long long const, int> > >::count(long long const&) const
 .text._ZNSt5tupleIJRKxEEC2IvLb1EEES1_
                0x0000000008003174       0x1e Src/CppFile/CStateMachine/CStateMachine.o
                0x0000000008003174                std::tuple<long long const&>::tuple<void, true>(long long const&)
                0x0000000008003174                std::tuple<long long const&>::tuple<void, true>(long long const&)
 .text._ZNSt11_Tuple_implILj0EJRKxEEC2ES1_
                0x0000000008003192       0x1e Src/CppFile/CStateMachine/CStateMachine.o
                0x0000000008003192                std::_Tuple_impl<0u, long long const&>::_Tuple_impl(long long const&)
                0x0000000008003192                std::_Tuple_impl<0u, long long const&>::_Tuple_impl(long long const&)
 .text._ZNSt10_Head_baseILj0ERKxLb0EEC2ES1_
                0x00000000080031b0       0x1e Src/CppFile/CStateMachine/CStateMachine.o
                0x00000000080031b0                std::_Head_base<0u, long long const&, false>::_Head_base(long long const&)
                0x00000000080031b0                std::_Head_base<0u, long long const&, false>::_Head_base(long long const&)
 *fill*         0x00000000080031ce        0x2 
 .text._ZNSt3mapIxiSt4lessIxESaISt4pairIKxiEEEixERS3_
                0x00000000080031d0       0xb8 Src/CppFile/CStateMachine/CStateMachine.o
                0x00000000080031d0                std::map<long long, int, std::less<long long>, std::allocator<std::pair<long long const, int> > >::operator[](long long const&)
 .text._ZNKSt3mapIiPN3wyz10CStateBaseESt4lessIiESaISt4pairIKiS2_EEE5countERS6_
                0x0000000008003288       0x48 Src/CppFile/CStateMachine/CStateMachine.o
                0x0000000008003288                std::map<int, wyz::CStateBase*, std::less<int>, std::allocator<std::pair<int const, wyz::CStateBase*> > >::count(int const&) const
 .text._ZNSt3mapIxiSt4lessIxESaISt4pairIKxiEEE4findERS3_
                0x00000000080032d0       0x1e Src/CppFile/CStateMachine/CStateMachine.o
                0x00000000080032d0                std::map<long long, int, std::less<long long>, std::allocator<std::pair<long long const, int> > >::find(long long const&)
 .text._ZNSt3mapIxiSt4lessIxESaISt4pairIKxiEEE3endEv
                0x00000000080032ee       0x1a Src/CppFile/CStateMachine/CStateMachine.o
                0x00000000080032ee                std::map<long long, int, std::less<long long>, std::allocator<std::pair<long long const, int> > >::end()
 .text._ZNKSt17_Rb_tree_iteratorISt4pairIKxiEEneERKS3_
                0x0000000008003308       0x28 Src/CppFile/CStateMachine/CStateMachine.o
                0x0000000008003308                std::_Rb_tree_iterator<std::pair<long long const, int> >::operator!=(std::_Rb_tree_iterator<std::pair<long long const, int> > const&) const
 .text._ZNKSt17_Rb_tree_iteratorISt4pairIKxiEEptEv
                0x0000000008003330       0x1c Src/CppFile/CStateMachine/CStateMachine.o
                0x0000000008003330                std::_Rb_tree_iterator<std::pair<long long const, int> >::operator->() const
 .text._ZNSt8_Rb_treeIiSt4pairIKiPN3wyz10CStateBaseEESt10_Select1stIS5_ESt4lessIiESaIS5_EE8_M_beginEv
                0x000000000800334c       0x18 Src/CppFile/CStateMachine/CStateMachine.o
                0x000000000800334c                std::_Rb_tree<int, std::pair<int const, wyz::CStateBase*>, std::_Select1st<std::pair<int const, wyz::CStateBase*> >, std::less<int>, std::allocator<std::pair<int const, wyz::CStateBase*> > >::_M_begin()
 .text._ZNSt8_Rb_treeIxSt4pairIKxiESt10_Select1stIS2_ESt4lessIxESaIS2_EE8_M_beginEv
                0x0000000008003364       0x18 Src/CppFile/CStateMachine/CStateMachine.o
                0x0000000008003364                std::_Rb_tree<long long, std::pair<long long const, int>, std::_Select1st<std::pair<long long const, int> >, std::less<long long>, std::allocator<std::pair<long long const, int> > >::_M_begin()
 .text._ZNSt3mapIxiSt4lessIxESaISt4pairIKxiEEE11lower_boundERS3_
                0x000000000800337c       0x1e Src/CppFile/CStateMachine/CStateMachine.o
                0x000000000800337c                std::map<long long, int, std::less<long long>, std::allocator<std::pair<long long const, int> > >::lower_bound(long long const&)
 .text._ZNKSt17_Rb_tree_iteratorISt4pairIKxiEEeqERKS3_
                0x000000000800339a       0x28 Src/CppFile/CStateMachine/CStateMachine.o
                0x000000000800339a                std::_Rb_tree_iterator<std::pair<long long const, int> >::operator==(std::_Rb_tree_iterator<std::pair<long long const, int> > const&) const
 .text._ZNKSt3mapIxiSt4lessIxESaISt4pairIKxiEEE8key_compEv
                0x00000000080033c2       0x1a Src/CppFile/CStateMachine/CStateMachine.o
                0x00000000080033c2                std::map<long long, int, std::less<long long>, std::allocator<std::pair<long long const, int> > >::key_comp() const
 .text._ZNKSt17_Rb_tree_iteratorISt4pairIKxiEEdeEv
                0x00000000080033dc       0x1c Src/CppFile/CStateMachine/CStateMachine.o
                0x00000000080033dc                std::_Rb_tree_iterator<std::pair<long long const, int> >::operator*() const
 .text._ZNKSt4lessIxEclERKxS2_
                0x00000000080033f8       0x30 Src/CppFile/CStateMachine/CStateMachine.o
                0x00000000080033f8                std::less<long long>::operator()(long long const&, long long const&) const
 .text._ZNSt23_Rb_tree_const_iteratorISt4pairIKxiEEC2ERKSt17_Rb_tree_iteratorIS2_E
                0x0000000008003428       0x20 Src/CppFile/CStateMachine/CStateMachine.o
                0x0000000008003428                std::_Rb_tree_const_iterator<std::pair<long long const, int> >::_Rb_tree_const_iterator(std::_Rb_tree_iterator<std::pair<long long const, int> > const&)
                0x0000000008003428                std::_Rb_tree_const_iterator<std::pair<long long const, int> >::_Rb_tree_const_iterator(std::_Rb_tree_iterator<std::pair<long long const, int> > const&)
 .text._ZNSt11_Tuple_implILj0EJOxEE7_M_headERS1_
                0x0000000008003448       0x1a Src/CppFile/CStateMachine/CStateMachine.o
                0x0000000008003448                std::_Tuple_impl<0u, long long&&>::_M_head(std::_Tuple_impl<0u, long long&&>&)
 .text._ZNSt10_Head_baseILj0EOxLb0EE7_M_headERS1_
                0x0000000008003462       0x18 Src/CppFile/CStateMachine/CStateMachine.o
                0x0000000008003462                std::_Head_base<0u, long long&&, false>::_M_head(std::_Head_base<0u, long long&&, false>&)
 .text._ZSt7forwardIOxEOT_RNSt16remove_referenceIS1_E4typeE
                0x000000000800347a       0x16 Src/CppFile/CStateMachine/CStateMachine.o
                0x000000000800347a                long long&& std::forward<long long&&>(std::remove_reference<long long&&>::type&)
 .text._ZNSt11_Tuple_implILj0EJOxEEC2EOS1_
                0x0000000008003490       0x2e Src/CppFile/CStateMachine/CStateMachine.o
                0x0000000008003490                std::_Tuple_impl<0u, long long&&>::_Tuple_impl(std::_Tuple_impl<0u, long long&&>&&)
                0x0000000008003490                std::_Tuple_impl<0u, long long&&>::_Tuple_impl(std::_Tuple_impl<0u, long long&&>&&)
 .text._ZSt7forwardIRKSt21piecewise_construct_tEOT_RNSt16remove_referenceIS3_E4typeE
                0x00000000080034be       0x16 Src/CppFile/CStateMachine/CStateMachine.o
                0x00000000080034be                std::piecewise_construct_t const& std::forward<std::piecewise_construct_t const&>(std::remove_reference<std::piecewise_construct_t const&>::type&)
 .text._ZSt7forwardISt5tupleIJOxEEEOT_RNSt16remove_referenceIS3_E4typeE
                0x00000000080034d4       0x16 Src/CppFile/CStateMachine/CStateMachine.o
                0x00000000080034d4                std::tuple<long long&&>&& std::forward<std::tuple<long long&&> >(std::remove_reference<std::tuple<long long&&> >::type&)
 .text._ZSt7forwardISt5tupleIJEEEOT_RNSt16remove_referenceIS2_E4typeE
                0x00000000080034ea       0x16 Src/CppFile/CStateMachine/CStateMachine.o
                0x00000000080034ea                std::tuple<>&& std::forward<std::tuple<> >(std::remove_reference<std::tuple<> >::type&)
 .text._ZNSt8_Rb_treeIxSt4pairIKxiESt10_Select1stIS2_ESt4lessIxESaIS2_EE22_M_emplace_hint_uniqueIJRKSt21piecewise_construct_tSt5tupleIJOxEESD_IJEEEEESt17_Rb_tree_iteratorIS2_ESt23_Rb_tree_const_iteratorIS2_EDpOT_
                0x0000000008003500       0x7c Src/CppFile/CStateMachine/CStateMachine.o
                0x0000000008003500                std::_Rb_tree_iterator<std::pair<long long const, int> > std::_Rb_tree<long long, std::pair<long long const, int>, std::_Select1st<std::pair<long long const, int> >, std::less<long long>, std::allocator<std::pair<long long const, int> > >::_M_emplace_hint_unique<std::piecewise_construct_t const&, std::tuple<long long&&>, std::tuple<> >(std::_Rb_tree_const_iterator<std::pair<long long const, int> >, std::piecewise_construct_t const&, std::tuple<long long&&>&&, std::tuple<>&&)
 .text._ZNSt3mapIiPN3wyz10CStateBaseESt4lessIiESaISt4pairIKiS2_EEE11lower_boundERS6_
                0x000000000800357c       0x1e Src/CppFile/CStateMachine/CStateMachine.o
                0x000000000800357c                std::map<int, wyz::CStateBase*, std::less<int>, std::allocator<std::pair<int const, wyz::CStateBase*> > >::lower_bound(int const&)
 .text._ZNSt3mapIiPN3wyz10CStateBaseESt4lessIiESaISt4pairIKiS2_EEE3endEv
                0x000000000800359a       0x1a Src/CppFile/CStateMachine/CStateMachine.o
                0x000000000800359a                std::map<int, wyz::CStateBase*, std::less<int>, std::allocator<std::pair<int const, wyz::CStateBase*> > >::end()
 .text._ZNKSt17_Rb_tree_iteratorISt4pairIKiPN3wyz10CStateBaseEEEeqERKS6_
                0x00000000080035b4       0x28 Src/CppFile/CStateMachine/CStateMachine.o
                0x00000000080035b4                std::_Rb_tree_iterator<std::pair<int const, wyz::CStateBase*> >::operator==(std::_Rb_tree_iterator<std::pair<int const, wyz::CStateBase*> > const&) const
 .text._ZNKSt3mapIiPN3wyz10CStateBaseESt4lessIiESaISt4pairIKiS2_EEE8key_compEv
                0x00000000080035dc       0x1a Src/CppFile/CStateMachine/CStateMachine.o
                0x00000000080035dc                std::map<int, wyz::CStateBase*, std::less<int>, std::allocator<std::pair<int const, wyz::CStateBase*> > >::key_comp() const
 .text._ZNKSt17_Rb_tree_iteratorISt4pairIKiPN3wyz10CStateBaseEEEdeEv
                0x00000000080035f6       0x1c Src/CppFile/CStateMachine/CStateMachine.o
                0x00000000080035f6                std::_Rb_tree_iterator<std::pair<int const, wyz::CStateBase*> >::operator*() const
 .text._ZNKSt4lessIiEclERKiS2_
                0x0000000008003612       0x2a Src/CppFile/CStateMachine/CStateMachine.o
                0x0000000008003612                std::less<int>::operator()(int const&, int const&) const
 .text._ZNSt23_Rb_tree_const_iteratorISt4pairIKiPN3wyz10CStateBaseEEEC2ERKSt17_Rb_tree_iteratorIS5_E
                0x000000000800363c       0x20 Src/CppFile/CStateMachine/CStateMachine.o
                0x000000000800363c                std::_Rb_tree_const_iterator<std::pair<int const, wyz::CStateBase*> >::_Rb_tree_const_iterator(std::_Rb_tree_iterator<std::pair<int const, wyz::CStateBase*> > const&)
                0x000000000800363c                std::_Rb_tree_const_iterator<std::pair<int const, wyz::CStateBase*> >::_Rb_tree_const_iterator(std::_Rb_tree_iterator<std::pair<int const, wyz::CStateBase*> > const&)
 .text._ZSt7forwardISt5tupleIJRKiEEEOT_RNSt16remove_referenceIS4_E4typeE
                0x000000000800365c       0x16 Src/CppFile/CStateMachine/CStateMachine.o
                0x000000000800365c                std::tuple<int const&>&& std::forward<std::tuple<int const&> >(std::remove_reference<std::tuple<int const&> >::type&)
 .text._ZNSt8_Rb_treeIiSt4pairIKiPN3wyz10CStateBaseEESt10_Select1stIS5_ESt4lessIiESaIS5_EE22_M_emplace_hint_uniqueIJRKSt21piecewise_construct_tSt5tupleIJRS1_EESG_IJEEEEESt17_Rb_tree_iteratorIS5_ESt23_Rb_tree_const_iteratorIS5_EDpOT_
                0x0000000008003672       0x7c Src/CppFile/CStateMachine/CStateMachine.o
                0x0000000008003672                std::_Rb_tree_iterator<std::pair<int const, wyz::CStateBase*> > std::_Rb_tree<int, std::pair<int const, wyz::CStateBase*>, std::_Select1st<std::pair<int const, wyz::CStateBase*> >, std::less<int>, std::allocator<std::pair<int const, wyz::CStateBase*> > >::_M_emplace_hint_unique<std::piecewise_construct_t const&, std::tuple<int const&>, std::tuple<> >(std::_Rb_tree_const_iterator<std::pair<int const, wyz::CStateBase*> >, std::piecewise_construct_t const&, std::tuple<int const&>&&, std::tuple<>&&)
 .text._ZNKSt8_Rb_treeIxSt4pairIKxiESt10_Select1stIS2_ESt4lessIxESaIS2_EE4findERS1_
                0x00000000080036ee       0x78 Src/CppFile/CStateMachine/CStateMachine.o
                0x00000000080036ee                std::_Rb_tree<long long, std::pair<long long const, int>, std::_Select1st<std::pair<long long const, int> >, std::less<long long>, std::allocator<std::pair<long long const, int> > >::find(long long const&) const
 .text._ZNKSt8_Rb_treeIxSt4pairIKxiESt10_Select1stIS2_ESt4lessIxESaIS2_EE3endEv
                0x0000000008003766       0x22 Src/CppFile/CStateMachine/CStateMachine.o
                0x0000000008003766                std::_Rb_tree<long long, std::pair<long long const, int>, std::_Select1st<std::pair<long long const, int> >, std::less<long long>, std::allocator<std::pair<long long const, int> > >::end() const
 .text._ZNKSt23_Rb_tree_const_iteratorISt4pairIKxiEEeqERKS3_
                0x0000000008003788       0x28 Src/CppFile/CStateMachine/CStateMachine.o
                0x0000000008003788                std::_Rb_tree_const_iterator<std::pair<long long const, int> >::operator==(std::_Rb_tree_const_iterator<std::pair<long long const, int> > const&) const
 .text._ZSt7forwardISt5tupleIJRKxEEEOT_RNSt16remove_referenceIS4_E4typeE
                0x00000000080037b0       0x16 Src/CppFile/CStateMachine/CStateMachine.o
                0x00000000080037b0                std::tuple<long long const&>&& std::forward<std::tuple<long long const&> >(std::remove_reference<std::tuple<long long const&> >::type&)
 .text._ZNSt8_Rb_treeIxSt4pairIKxiESt10_Select1stIS2_ESt4lessIxESaIS2_EE22_M_emplace_hint_uniqueIJRKSt21piecewise_construct_tSt5tupleIJRS1_EESD_IJEEEEESt17_Rb_tree_iteratorIS2_ESt23_Rb_tree_const_iteratorIS2_EDpOT_
                0x00000000080037c6       0x7c Src/CppFile/CStateMachine/CStateMachine.o
                0x00000000080037c6                std::_Rb_tree_iterator<std::pair<long long const, int> > std::_Rb_tree<long long, std::pair<long long const, int>, std::_Select1st<std::pair<long long const, int> >, std::less<long long>, std::allocator<std::pair<long long const, int> > >::_M_emplace_hint_unique<std::piecewise_construct_t const&, std::tuple<long long const&>, std::tuple<> >(std::_Rb_tree_const_iterator<std::pair<long long const, int> >, std::piecewise_construct_t const&, std::tuple<long long const&>&&, std::tuple<>&&)
 .text._ZNKSt8_Rb_treeIiSt4pairIKiPN3wyz10CStateBaseEESt10_Select1stIS5_ESt4lessIiESaIS5_EE4findERS1_
                0x0000000008003842       0x78 Src/CppFile/CStateMachine/CStateMachine.o
                0x0000000008003842                std::_Rb_tree<int, std::pair<int const, wyz::CStateBase*>, std::_Select1st<std::pair<int const, wyz::CStateBase*> >, std::less<int>, std::allocator<std::pair<int const, wyz::CStateBase*> > >::find(int const&) const
 .text._ZNKSt8_Rb_treeIiSt4pairIKiPN3wyz10CStateBaseEESt10_Select1stIS5_ESt4lessIiESaIS5_EE3endEv
                0x00000000080038ba       0x22 Src/CppFile/CStateMachine/CStateMachine.o
                0x00000000080038ba                std::_Rb_tree<int, std::pair<int const, wyz::CStateBase*>, std::_Select1st<std::pair<int const, wyz::CStateBase*> >, std::less<int>, std::allocator<std::pair<int const, wyz::CStateBase*> > >::end() const
 .text._ZNKSt23_Rb_tree_const_iteratorISt4pairIKiPN3wyz10CStateBaseEEEeqERKS6_
                0x00000000080038dc       0x28 Src/CppFile/CStateMachine/CStateMachine.o
                0x00000000080038dc                std::_Rb_tree_const_iterator<std::pair<int const, wyz::CStateBase*> >::operator==(std::_Rb_tree_const_iterator<std::pair<int const, wyz::CStateBase*> > const&) const
 .text._ZNSt8_Rb_treeIxSt4pairIKxiESt10_Select1stIS2_ESt4lessIxESaIS2_EE4findERS1_
                0x0000000008003904       0x78 Src/CppFile/CStateMachine/CStateMachine.o
                0x0000000008003904                std::_Rb_tree<long long, std::pair<long long const, int>, std::_Select1st<std::pair<long long const, int> >, std::less<long long>, std::allocator<std::pair<long long const, int> > >::find(long long const&)
 .text._ZNSt8_Rb_treeIxSt4pairIKxiESt10_Select1stIS2_ESt4lessIxESaIS2_EE3endEv
                0x000000000800397c       0x22 Src/CppFile/CStateMachine/CStateMachine.o
                0x000000000800397c                std::_Rb_tree<long long, std::pair<long long const, int>, std::_Select1st<std::pair<long long const, int> >, std::less<long long>, std::allocator<std::pair<long long const, int> > >::end()
 .text._ZNSt13_Rb_tree_nodeISt4pairIKxiEE9_M_valptrEv
                0x000000000800399e       0x1c Src/CppFile/CStateMachine/CStateMachine.o
                0x000000000800399e                std::_Rb_tree_node<std::pair<long long const, int> >::_M_valptr()
 .text._ZNSt8_Rb_treeIiSt4pairIKiPN3wyz10CStateBaseEESt10_Select1stIS5_ESt4lessIiESaIS5_EE8_S_rightEPSt18_Rb_tree_node_base
                0x00000000080039ba       0x18 Src/CppFile/CStateMachine/CStateMachine.o
                0x00000000080039ba                std::_Rb_tree<int, std::pair<int const, wyz::CStateBase*>, std::_Select1st<std::pair<int const, wyz::CStateBase*> >, std::less<int>, std::allocator<std::pair<int const, wyz::CStateBase*> > >::_S_right(std::_Rb_tree_node_base*)
 .text._ZNSt8_Rb_treeIiSt4pairIKiPN3wyz10CStateBaseEESt10_Select1stIS5_ESt4lessIiESaIS5_EE7_S_leftEPSt18_Rb_tree_node_base
                0x00000000080039d2       0x18 Src/CppFile/CStateMachine/CStateMachine.o
                0x00000000080039d2                std::_Rb_tree<int, std::pair<int const, wyz::CStateBase*>, std::_Select1st<std::pair<int const, wyz::CStateBase*> >, std::less<int>, std::allocator<std::pair<int const, wyz::CStateBase*> > >::_S_left(std::_Rb_tree_node_base*)
 .text._ZNSt8_Rb_treeIiSt4pairIKiPN3wyz10CStateBaseEESt10_Select1stIS5_ESt4lessIiESaIS5_EE12_M_drop_nodeEPSt13_Rb_tree_nodeIS5_E
                0x00000000080039ea       0x22 Src/CppFile/CStateMachine/CStateMachine.o
                0x00000000080039ea                std::_Rb_tree<int, std::pair<int const, wyz::CStateBase*>, std::_Select1st<std::pair<int const, wyz::CStateBase*> >, std::less<int>, std::allocator<std::pair<int const, wyz::CStateBase*> > >::_M_drop_node(std::_Rb_tree_node<std::pair<int const, wyz::CStateBase*> >*)
 .text._ZNSt8_Rb_treeIxSt4pairIKxiESt10_Select1stIS2_ESt4lessIxESaIS2_EE8_S_rightEPSt18_Rb_tree_node_base
                0x0000000008003a0c       0x18 Src/CppFile/CStateMachine/CStateMachine.o
                0x0000000008003a0c                std::_Rb_tree<long long, std::pair<long long const, int>, std::_Select1st<std::pair<long long const, int> >, std::less<long long>, std::allocator<std::pair<long long const, int> > >::_S_right(std::_Rb_tree_node_base*)
 .text._ZNSt8_Rb_treeIxSt4pairIKxiESt10_Select1stIS2_ESt4lessIxESaIS2_EE7_S_leftEPSt18_Rb_tree_node_base
                0x0000000008003a24       0x18 Src/CppFile/CStateMachine/CStateMachine.o
                0x0000000008003a24                std::_Rb_tree<long long, std::pair<long long const, int>, std::_Select1st<std::pair<long long const, int> >, std::less<long long>, std::allocator<std::pair<long long const, int> > >::_S_left(std::_Rb_tree_node_base*)
 .text._ZNSt8_Rb_treeIxSt4pairIKxiESt10_Select1stIS2_ESt4lessIxESaIS2_EE12_M_drop_nodeEPSt13_Rb_tree_nodeIS2_E
                0x0000000008003a3c       0x22 Src/CppFile/CStateMachine/CStateMachine.o
                0x0000000008003a3c                std::_Rb_tree<long long, std::pair<long long const, int>, std::_Select1st<std::pair<long long const, int> >, std::less<long long>, std::allocator<std::pair<long long const, int> > >::_M_drop_node(std::_Rb_tree_node<std::pair<long long const, int> >*)
 .text._ZNSt8_Rb_treeIxSt4pairIKxiESt10_Select1stIS2_ESt4lessIxESaIS2_EE11lower_boundERS1_
                0x0000000008003a5e       0x2e Src/CppFile/CStateMachine/CStateMachine.o
                0x0000000008003a5e                std::_Rb_tree<long long, std::pair<long long const, int>, std::_Select1st<std::pair<long long const, int> >, std::less<long long>, std::allocator<std::pair<long long const, int> > >::lower_bound(long long const&)
 .text._ZNKSt8_Rb_treeIxSt4pairIKxiESt10_Select1stIS2_ESt4lessIxESaIS2_EE8key_compEv
                0x0000000008003a8c       0x14 Src/CppFile/CStateMachine/CStateMachine.o
                0x0000000008003a8c                std::_Rb_tree<long long, std::pair<long long const, int>, std::_Select1st<std::pair<long long const, int> >, std::less<long long>, std::allocator<std::pair<long long const, int> > >::key_comp() const
 .text._ZNSt8_Rb_treeIxSt4pairIKxiESt10_Select1stIS2_ESt4lessIxESaIS2_EE14_M_create_nodeIJRKSt21piecewise_construct_tSt5tupleIJOxEESD_IJEEEEEPSt13_Rb_tree_nodeIS2_EDpOT_
                0x0000000008003aa0       0x46 Src/CppFile/CStateMachine/CStateMachine.o
                0x0000000008003aa0                std::_Rb_tree_node<std::pair<long long const, int> >* std::_Rb_tree<long long, std::pair<long long const, int>, std::_Select1st<std::pair<long long const, int> >, std::less<long long>, std::allocator<std::pair<long long const, int> > >::_M_create_node<std::piecewise_construct_t const&, std::tuple<long long&&>, std::tuple<> >(std::piecewise_construct_t const&, std::tuple<long long&&>&&, std::tuple<>&&)
 .text._ZNSt4pairIPSt18_Rb_tree_node_baseS1_EC2IRS1_Lb1EEERKS1_OT_
                0x0000000008003ae6       0x2c Src/CppFile/CStateMachine/CStateMachine.o
                0x0000000008003ae6                std::pair<std::_Rb_tree_node_base*, std::_Rb_tree_node_base*>::pair<std::_Rb_tree_node_base*&, true>(std::_Rb_tree_node_base* const&, std::_Rb_tree_node_base*&)
                0x0000000008003ae6                std::pair<std::_Rb_tree_node_base*, std::_Rb_tree_node_base*>::pair<std::_Rb_tree_node_base*&, true>(std::_Rb_tree_node_base* const&, std::_Rb_tree_node_base*&)
 .text._ZSt7forwardIRPSt18_Rb_tree_node_baseEOT_RNSt16remove_referenceIS3_E4typeE
                0x0000000008003b12       0x16 Src/CppFile/CStateMachine/CStateMachine.o
                0x0000000008003b12                std::_Rb_tree_node_base*& std::forward<std::_Rb_tree_node_base*&>(std::remove_reference<std::_Rb_tree_node_base*&>::type&)
 .text._ZNSt4pairIPSt18_Rb_tree_node_baseS1_EC2IRS1_S4_Lb1EEEOT_OT0_
                0x0000000008003b28       0x32 Src/CppFile/CStateMachine/CStateMachine.o
                0x0000000008003b28                std::pair<std::_Rb_tree_node_base*, std::_Rb_tree_node_base*>::pair<std::_Rb_tree_node_base*&, std::_Rb_tree_node_base*&, true>(std::_Rb_tree_node_base*&, std::_Rb_tree_node_base*&)
                0x0000000008003b28                std::pair<std::_Rb_tree_node_base*, std::_Rb_tree_node_base*>::pair<std::_Rb_tree_node_base*&, std::_Rb_tree_node_base*&, true>(std::_Rb_tree_node_base*&, std::_Rb_tree_node_base*&)
 .text._ZNSt4pairIPSt18_Rb_tree_node_baseS1_EC2IRS1_Lb1EEEOT_RKS1_
                0x0000000008003b5a       0x2c Src/CppFile/CStateMachine/CStateMachine.o
                0x0000000008003b5a                std::pair<std::_Rb_tree_node_base*, std::_Rb_tree_node_base*>::pair<std::_Rb_tree_node_base*&, true>(std::_Rb_tree_node_base*&, std::_Rb_tree_node_base* const&)
                0x0000000008003b5a                std::pair<std::_Rb_tree_node_base*, std::_Rb_tree_node_base*>::pair<std::_Rb_tree_node_base*&, true>(std::_Rb_tree_node_base*&, std::_Rb_tree_node_base* const&)
 .text._ZNSt8_Rb_treeIxSt4pairIKxiESt10_Select1stIS2_ESt4lessIxESaIS2_EE29_M_get_insert_hint_unique_posESt23_Rb_tree_const_iteratorIS2_ERS1_
                0x0000000008003b86      0x246 Src/CppFile/CStateMachine/CStateMachine.o
                0x0000000008003b86                std::_Rb_tree<long long, std::pair<long long const, int>, std::_Select1st<std::pair<long long const, int> >, std::less<long long>, std::allocator<std::pair<long long const, int> > >::_M_get_insert_hint_unique_pos(std::_Rb_tree_const_iterator<std::pair<long long const, int> >, long long const&)
 .text._ZNSt8_Rb_treeIxSt4pairIKxiESt10_Select1stIS2_ESt4lessIxESaIS2_EE6_S_keyEPKSt13_Rb_tree_nodeIS2_E
                0x0000000008003dcc       0x26 Src/CppFile/CStateMachine/CStateMachine.o
                0x0000000008003dcc                std::_Rb_tree<long long, std::pair<long long const, int>, std::_Select1st<std::pair<long long const, int> >, std::less<long long>, std::allocator<std::pair<long long const, int> > >::_S_key(std::_Rb_tree_node<std::pair<long long const, int> > const*)
 .text._ZNSt8_Rb_treeIxSt4pairIKxiESt10_Select1stIS2_ESt4lessIxESaIS2_EE14_M_insert_nodeEPSt18_Rb_tree_node_baseSA_PSt13_Rb_tree_nodeIS2_E
                0x0000000008003df2       0x7a Src/CppFile/CStateMachine/CStateMachine.o
                0x0000000008003df2                std::_Rb_tree<long long, std::pair<long long const, int>, std::_Select1st<std::pair<long long const, int> >, std::less<long long>, std::allocator<std::pair<long long const, int> > >::_M_insert_node(std::_Rb_tree_node_base*, std::_Rb_tree_node_base*, std::_Rb_tree_node<std::pair<long long const, int> >*)
 .text._ZNSt17_Rb_tree_iteratorISt4pairIKxiEEC2EPSt18_Rb_tree_node_base
                0x0000000008003e6c       0x1e Src/CppFile/CStateMachine/CStateMachine.o
                0x0000000008003e6c                std::_Rb_tree_iterator<std::pair<long long const, int> >::_Rb_tree_iterator(std::_Rb_tree_node_base*)
                0x0000000008003e6c                std::_Rb_tree_iterator<std::pair<long long const, int> >::_Rb_tree_iterator(std::_Rb_tree_node_base*)
 .text._ZNSt8_Rb_treeIiSt4pairIKiPN3wyz10CStateBaseEESt10_Select1stIS5_ESt4lessIiESaIS5_EE11lower_boundERS1_
                0x0000000008003e8a       0x2e Src/CppFile/CStateMachine/CStateMachine.o
                0x0000000008003e8a                std::_Rb_tree<int, std::pair<int const, wyz::CStateBase*>, std::_Select1st<std::pair<int const, wyz::CStateBase*> >, std::less<int>, std::allocator<std::pair<int const, wyz::CStateBase*> > >::lower_bound(int const&)
 .text._ZNSt8_Rb_treeIiSt4pairIKiPN3wyz10CStateBaseEESt10_Select1stIS5_ESt4lessIiESaIS5_EE3endEv
                0x0000000008003eb8       0x22 Src/CppFile/CStateMachine/CStateMachine.o
                0x0000000008003eb8                std::_Rb_tree<int, std::pair<int const, wyz::CStateBase*>, std::_Select1st<std::pair<int const, wyz::CStateBase*> >, std::less<int>, std::allocator<std::pair<int const, wyz::CStateBase*> > >::end()
 .text._ZNKSt8_Rb_treeIiSt4pairIKiPN3wyz10CStateBaseEESt10_Select1stIS5_ESt4lessIiESaIS5_EE8key_compEv
                0x0000000008003eda       0x14 Src/CppFile/CStateMachine/CStateMachine.o
                0x0000000008003eda                std::_Rb_tree<int, std::pair<int const, wyz::CStateBase*>, std::_Select1st<std::pair<int const, wyz::CStateBase*> >, std::less<int>, std::allocator<std::pair<int const, wyz::CStateBase*> > >::key_comp() const
 .text._ZNSt13_Rb_tree_nodeISt4pairIKiPN3wyz10CStateBaseEEE9_M_valptrEv
                0x0000000008003eee       0x1c Src/CppFile/CStateMachine/CStateMachine.o
                0x0000000008003eee                std::_Rb_tree_node<std::pair<int const, wyz::CStateBase*> >::_M_valptr()
 .text._ZNSt8_Rb_treeIiSt4pairIKiPN3wyz10CStateBaseEESt10_Select1stIS5_ESt4lessIiESaIS5_EE14_M_create_nodeIJRKSt21piecewise_construct_tSt5tupleIJRS1_EESG_IJEEEEEPSt13_Rb_tree_nodeIS5_EDpOT_
                0x0000000008003f0a       0x46 Src/CppFile/CStateMachine/CStateMachine.o
                0x0000000008003f0a                std::_Rb_tree_node<std::pair<int const, wyz::CStateBase*> >* std::_Rb_tree<int, std::pair<int const, wyz::CStateBase*>, std::_Select1st<std::pair<int const, wyz::CStateBase*> >, std::less<int>, std::allocator<std::pair<int const, wyz::CStateBase*> > >::_M_create_node<std::piecewise_construct_t const&, std::tuple<int const&>, std::tuple<> >(std::piecewise_construct_t const&, std::tuple<int const&>&&, std::tuple<>&&)
 .text._ZNSt8_Rb_treeIiSt4pairIKiPN3wyz10CStateBaseEESt10_Select1stIS5_ESt4lessIiESaIS5_EE29_M_get_insert_hint_unique_posESt23_Rb_tree_const_iteratorIS5_ERS1_
                0x0000000008003f50      0x246 Src/CppFile/CStateMachine/CStateMachine.o
                0x0000000008003f50                std::_Rb_tree<int, std::pair<int const, wyz::CStateBase*>, std::_Select1st<std::pair<int const, wyz::CStateBase*> >, std::less<int>, std::allocator<std::pair<int const, wyz::CStateBase*> > >::_M_get_insert_hint_unique_pos(std::_Rb_tree_const_iterator<std::pair<int const, wyz::CStateBase*> >, int const&)
 .text._ZNSt8_Rb_treeIiSt4pairIKiPN3wyz10CStateBaseEESt10_Select1stIS5_ESt4lessIiESaIS5_EE6_S_keyEPKSt13_Rb_tree_nodeIS5_E
                0x0000000008004196       0x26 Src/CppFile/CStateMachine/CStateMachine.o
                0x0000000008004196                std::_Rb_tree<int, std::pair<int const, wyz::CStateBase*>, std::_Select1st<std::pair<int const, wyz::CStateBase*> >, std::less<int>, std::allocator<std::pair<int const, wyz::CStateBase*> > >::_S_key(std::_Rb_tree_node<std::pair<int const, wyz::CStateBase*> > const*)
 .text._ZNSt8_Rb_treeIiSt4pairIKiPN3wyz10CStateBaseEESt10_Select1stIS5_ESt4lessIiESaIS5_EE14_M_insert_nodeEPSt18_Rb_tree_node_baseSD_PSt13_Rb_tree_nodeIS5_E
                0x00000000080041bc       0x7a Src/CppFile/CStateMachine/CStateMachine.o
                0x00000000080041bc                std::_Rb_tree<int, std::pair<int const, wyz::CStateBase*>, std::_Select1st<std::pair<int const, wyz::CStateBase*> >, std::less<int>, std::allocator<std::pair<int const, wyz::CStateBase*> > >::_M_insert_node(std::_Rb_tree_node_base*, std::_Rb_tree_node_base*, std::_Rb_tree_node<std::pair<int const, wyz::CStateBase*> >*)
 .text._ZNSt17_Rb_tree_iteratorISt4pairIKiPN3wyz10CStateBaseEEEC2EPSt18_Rb_tree_node_base
                0x0000000008004236       0x1e Src/CppFile/CStateMachine/CStateMachine.o
                0x0000000008004236                std::_Rb_tree_iterator<std::pair<int const, wyz::CStateBase*> >::_Rb_tree_iterator(std::_Rb_tree_node_base*)
                0x0000000008004236                std::_Rb_tree_iterator<std::pair<int const, wyz::CStateBase*> >::_Rb_tree_iterator(std::_Rb_tree_node_base*)
 .text._ZNKSt8_Rb_treeIxSt4pairIKxiESt10_Select1stIS2_ESt4lessIxESaIS2_EE8_M_beginEv
                0x0000000008004254       0x18 Src/CppFile/CStateMachine/CStateMachine.o
                0x0000000008004254                std::_Rb_tree<long long, std::pair<long long const, int>, std::_Select1st<std::pair<long long const, int> >, std::less<long long>, std::allocator<std::pair<long long const, int> > >::_M_begin() const
 .text._ZNKSt8_Rb_treeIxSt4pairIKxiESt10_Select1stIS2_ESt4lessIxESaIS2_EE6_M_endEv
                0x000000000800426c       0x18 Src/CppFile/CStateMachine/CStateMachine.o
                0x000000000800426c                std::_Rb_tree<long long, std::pair<long long const, int>, std::_Select1st<std::pair<long long const, int> >, std::less<long long>, std::allocator<std::pair<long long const, int> > >::_M_end() const
 .text._ZNKSt8_Rb_treeIxSt4pairIKxiESt10_Select1stIS2_ESt4lessIxESaIS2_EE14_M_lower_boundEPKSt13_Rb_tree_nodeIS2_EPKSt18_Rb_tree_node_baseRS1_
                0x0000000008004284       0x62 Src/CppFile/CStateMachine/CStateMachine.o
                0x0000000008004284                std::_Rb_tree<long long, std::pair<long long const, int>, std::_Select1st<std::pair<long long const, int> >, std::less<long long>, std::allocator<std::pair<long long const, int> > >::_M_lower_bound(std::_Rb_tree_node<std::pair<long long const, int> > const*, std::_Rb_tree_node_base const*, long long const&) const
 .text._ZNSt8_Rb_treeIxSt4pairIKxiESt10_Select1stIS2_ESt4lessIxESaIS2_EE6_S_keyEPKSt18_Rb_tree_node_base
                0x00000000080042e6       0x26 Src/CppFile/CStateMachine/CStateMachine.o
                0x00000000080042e6                std::_Rb_tree<long long, std::pair<long long const, int>, std::_Select1st<std::pair<long long const, int> >, std::less<long long>, std::allocator<std::pair<long long const, int> > >::_S_key(std::_Rb_tree_node_base const*)
 .text._ZNSt23_Rb_tree_const_iteratorISt4pairIKxiEEC2EPKSt18_Rb_tree_node_base
                0x000000000800430c       0x1e Src/CppFile/CStateMachine/CStateMachine.o
                0x000000000800430c                std::_Rb_tree_const_iterator<std::pair<long long const, int> >::_Rb_tree_const_iterator(std::_Rb_tree_node_base const*)
                0x000000000800430c                std::_Rb_tree_const_iterator<std::pair<long long const, int> >::_Rb_tree_const_iterator(std::_Rb_tree_node_base const*)
 .text._ZNSt8_Rb_treeIxSt4pairIKxiESt10_Select1stIS2_ESt4lessIxESaIS2_EE14_M_create_nodeIJRKSt21piecewise_construct_tSt5tupleIJRS1_EESD_IJEEEEEPSt13_Rb_tree_nodeIS2_EDpOT_
                0x000000000800432a       0x46 Src/CppFile/CStateMachine/CStateMachine.o
                0x000000000800432a                std::_Rb_tree_node<std::pair<long long const, int> >* std::_Rb_tree<long long, std::pair<long long const, int>, std::_Select1st<std::pair<long long const, int> >, std::less<long long>, std::allocator<std::pair<long long const, int> > >::_M_create_node<std::piecewise_construct_t const&, std::tuple<long long const&>, std::tuple<> >(std::piecewise_construct_t const&, std::tuple<long long const&>&&, std::tuple<>&&)
 .text._ZNKSt8_Rb_treeIiSt4pairIKiPN3wyz10CStateBaseEESt10_Select1stIS5_ESt4lessIiESaIS5_EE8_M_beginEv
                0x0000000008004370       0x18 Src/CppFile/CStateMachine/CStateMachine.o
                0x0000000008004370                std::_Rb_tree<int, std::pair<int const, wyz::CStateBase*>, std::_Select1st<std::pair<int const, wyz::CStateBase*> >, std::less<int>, std::allocator<std::pair<int const, wyz::CStateBase*> > >::_M_begin() const
 .text._ZNKSt8_Rb_treeIiSt4pairIKiPN3wyz10CStateBaseEESt10_Select1stIS5_ESt4lessIiESaIS5_EE6_M_endEv
                0x0000000008004388       0x18 Src/CppFile/CStateMachine/CStateMachine.o
                0x0000000008004388                std::_Rb_tree<int, std::pair<int const, wyz::CStateBase*>, std::_Select1st<std::pair<int const, wyz::CStateBase*> >, std::less<int>, std::allocator<std::pair<int const, wyz::CStateBase*> > >::_M_end() const
 .text._ZNKSt8_Rb_treeIiSt4pairIKiPN3wyz10CStateBaseEESt10_Select1stIS5_ESt4lessIiESaIS5_EE14_M_lower_boundEPKSt13_Rb_tree_nodeIS5_EPKSt18_Rb_tree_node_baseRS1_
                0x00000000080043a0       0x62 Src/CppFile/CStateMachine/CStateMachine.o
                0x00000000080043a0                std::_Rb_tree<int, std::pair<int const, wyz::CStateBase*>, std::_Select1st<std::pair<int const, wyz::CStateBase*> >, std::less<int>, std::allocator<std::pair<int const, wyz::CStateBase*> > >::_M_lower_bound(std::_Rb_tree_node<std::pair<int const, wyz::CStateBase*> > const*, std::_Rb_tree_node_base const*, int const&) const
 .text._ZNSt8_Rb_treeIiSt4pairIKiPN3wyz10CStateBaseEESt10_Select1stIS5_ESt4lessIiESaIS5_EE6_S_keyEPKSt18_Rb_tree_node_base
                0x0000000008004402       0x26 Src/CppFile/CStateMachine/CStateMachine.o
                0x0000000008004402                std::_Rb_tree<int, std::pair<int const, wyz::CStateBase*>, std::_Select1st<std::pair<int const, wyz::CStateBase*> >, std::less<int>, std::allocator<std::pair<int const, wyz::CStateBase*> > >::_S_key(std::_Rb_tree_node_base const*)
 .text._ZNSt23_Rb_tree_const_iteratorISt4pairIKiPN3wyz10CStateBaseEEEC2EPKSt18_Rb_tree_node_base
                0x0000000008004428       0x1e Src/CppFile/CStateMachine/CStateMachine.o
                0x0000000008004428                std::_Rb_tree_const_iterator<std::pair<int const, wyz::CStateBase*> >::_Rb_tree_const_iterator(std::_Rb_tree_node_base const*)
                0x0000000008004428                std::_Rb_tree_const_iterator<std::pair<int const, wyz::CStateBase*> >::_Rb_tree_const_iterator(std::_Rb_tree_node_base const*)
 .text._ZNSt8_Rb_treeIxSt4pairIKxiESt10_Select1stIS2_ESt4lessIxESaIS2_EE6_M_endEv
                0x0000000008004446       0x18 Src/CppFile/CStateMachine/CStateMachine.o
                0x0000000008004446                std::_Rb_tree<long long, std::pair<long long const, int>, std::_Select1st<std::pair<long long const, int> >, std::less<long long>, std::allocator<std::pair<long long const, int> > >::_M_end()
 .text._ZNSt8_Rb_treeIxSt4pairIKxiESt10_Select1stIS2_ESt4lessIxESaIS2_EE14_M_lower_boundEPSt13_Rb_tree_nodeIS2_EPSt18_Rb_tree_node_baseRS1_
                0x000000000800445e       0x62 Src/CppFile/CStateMachine/CStateMachine.o
                0x000000000800445e                std::_Rb_tree<long long, std::pair<long long const, int>, std::_Select1st<std::pair<long long const, int> >, std::less<long long>, std::allocator<std::pair<long long const, int> > >::_M_lower_bound(std::_Rb_tree_node<std::pair<long long const, int> >*, std::_Rb_tree_node_base*, long long const&)
 .text._ZN9__gnu_cxx16__aligned_membufISt4pairIKxiEE6_M_ptrEv
                0x00000000080044c0       0x18 Src/CppFile/CStateMachine/CStateMachine.o
                0x00000000080044c0                __gnu_cxx::__aligned_membuf<std::pair<long long const, int> >::_M_ptr()
 .text._ZNSt8_Rb_treeIiSt4pairIKiPN3wyz10CStateBaseEESt10_Select1stIS5_ESt4lessIiESaIS5_EE15_M_destroy_nodeEPSt13_Rb_tree_nodeIS5_E
                0x00000000080044d8       0x2a Src/CppFile/CStateMachine/CStateMachine.o
                0x00000000080044d8                std::_Rb_tree<int, std::pair<int const, wyz::CStateBase*>, std::_Select1st<std::pair<int const, wyz::CStateBase*> >, std::less<int>, std::allocator<std::pair<int const, wyz::CStateBase*> > >::_M_destroy_node(std::_Rb_tree_node<std::pair<int const, wyz::CStateBase*> >*)
 .text._ZNSt8_Rb_treeIiSt4pairIKiPN3wyz10CStateBaseEESt10_Select1stIS5_ESt4lessIiESaIS5_EE11_M_put_nodeEPSt13_Rb_tree_nodeIS5_E
                0x0000000008004502       0x24 Src/CppFile/CStateMachine/CStateMachine.o
                0x0000000008004502                std::_Rb_tree<int, std::pair<int const, wyz::CStateBase*>, std::_Select1st<std::pair<int const, wyz::CStateBase*> >, std::less<int>, std::allocator<std::pair<int const, wyz::CStateBase*> > >::_M_put_node(std::_Rb_tree_node<std::pair<int const, wyz::CStateBase*> >*)
 .text._ZNSt8_Rb_treeIxSt4pairIKxiESt10_Select1stIS2_ESt4lessIxESaIS2_EE15_M_destroy_nodeEPSt13_Rb_tree_nodeIS2_E
                0x0000000008004526       0x2a Src/CppFile/CStateMachine/CStateMachine.o
                0x0000000008004526                std::_Rb_tree<long long, std::pair<long long const, int>, std::_Select1st<std::pair<long long const, int> >, std::less<long long>, std::allocator<std::pair<long long const, int> > >::_M_destroy_node(std::_Rb_tree_node<std::pair<long long const, int> >*)
 .text._ZNSt8_Rb_treeIxSt4pairIKxiESt10_Select1stIS2_ESt4lessIxESaIS2_EE11_M_put_nodeEPSt13_Rb_tree_nodeIS2_E
                0x0000000008004550       0x24 Src/CppFile/CStateMachine/CStateMachine.o
                0x0000000008004550                std::_Rb_tree<long long, std::pair<long long const, int>, std::_Select1st<std::pair<long long const, int> >, std::less<long long>, std::allocator<std::pair<long long const, int> > >::_M_put_node(std::_Rb_tree_node<std::pair<long long const, int> >*)
 .text._ZNSt8_Rb_treeIxSt4pairIKxiESt10_Select1stIS2_ESt4lessIxESaIS2_EE11_M_get_nodeEv
                0x0000000008004574       0x22 Src/CppFile/CStateMachine/CStateMachine.o
                0x0000000008004574                std::_Rb_tree<long long, std::pair<long long const, int>, std::_Select1st<std::pair<long long const, int> >, std::less<long long>, std::allocator<std::pair<long long const, int> > >::_M_get_node()
 .text._ZNSt8_Rb_treeIxSt4pairIKxiESt10_Select1stIS2_ESt4lessIxESaIS2_EE17_M_construct_nodeIJRKSt21piecewise_construct_tSt5tupleIJOxEESD_IJEEEEEvPSt13_Rb_tree_nodeIS2_EDpOT_
                0x0000000008004596       0x5a Src/CppFile/CStateMachine/CStateMachine.o
                0x0000000008004596                void std::_Rb_tree<long long, std::pair<long long const, int>, std::_Select1st<std::pair<long long const, int> >, std::less<long long>, std::allocator<std::pair<long long const, int> > >::_M_construct_node<std::piecewise_construct_t const&, std::tuple<long long&&>, std::tuple<> >(std::_Rb_tree_node<std::pair<long long const, int> >*, std::piecewise_construct_t const&, std::tuple<long long&&>&&, std::tuple<>&&)
 .text._ZNKSt23_Rb_tree_const_iteratorISt4pairIKxiEE13_M_const_castEv
                0x00000000080045f0       0x22 Src/CppFile/CStateMachine/CStateMachine.o
                0x00000000080045f0                std::_Rb_tree_const_iterator<std::pair<long long const, int> >::_M_const_cast() const
 .text._ZNKSt8_Rb_treeIxSt4pairIKxiESt10_Select1stIS2_ESt4lessIxESaIS2_EE4sizeEv
                0x0000000008004612       0x18 Src/CppFile/CStateMachine/CStateMachine.o
                0x0000000008004612                std::_Rb_tree<long long, std::pair<long long const, int>, std::_Select1st<std::pair<long long const, int> >, std::less<long long>, std::allocator<std::pair<long long const, int> > >::size() const
 .text._ZNSt8_Rb_treeIxSt4pairIKxiESt10_Select1stIS2_ESt4lessIxESaIS2_EE12_M_rightmostEv
                0x000000000800462a       0x18 Src/CppFile/CStateMachine/CStateMachine.o
                0x000000000800462a                std::_Rb_tree<long long, std::pair<long long const, int>, std::_Select1st<std::pair<long long const, int> >, std::less<long long>, std::allocator<std::pair<long long const, int> > >::_M_rightmost()
 .text._ZNSt4pairIPSt18_Rb_tree_node_baseS1_EC2IRPSt13_Rb_tree_nodeIS_IKxiEERS1_Lb1EEEOT_OT0_
                0x0000000008004642       0x32 Src/CppFile/CStateMachine/CStateMachine.o
                0x0000000008004642                std::pair<std::_Rb_tree_node_base*, std::_Rb_tree_node_base*>::pair<std::_Rb_tree_node<std::pair<long long const, int> >*&, std::_Rb_tree_node_base*&, true>(std::_Rb_tree_node<std::pair<long long const, int> >*&, std::_Rb_tree_node_base*&)
                0x0000000008004642                std::pair<std::_Rb_tree_node_base*, std::_Rb_tree_node_base*>::pair<std::_Rb_tree_node<std::pair<long long const, int> >*&, std::_Rb_tree_node_base*&, true>(std::_Rb_tree_node<std::pair<long long const, int> >*&, std::_Rb_tree_node_base*&)
 .text._ZSt7forwardIRPSt13_Rb_tree_nodeISt4pairIKxiEEEOT_RNSt16remove_referenceIS7_E4typeE
                0x0000000008004674       0x16 Src/CppFile/CStateMachine/CStateMachine.o
                0x0000000008004674                std::_Rb_tree_node<std::pair<long long const, int> >*& std::forward<std::_Rb_tree_node<std::pair<long long const, int> >*&>(std::remove_reference<std::_Rb_tree_node<std::pair<long long const, int> >*&>::type&)
 .text._ZNSt8_Rb_treeIxSt4pairIKxiESt10_Select1stIS2_ESt4lessIxESaIS2_EE24_M_get_insert_unique_posERS1_
                0x000000000800468a      0x10a Src/CppFile/CStateMachine/CStateMachine.o
                0x000000000800468a                std::_Rb_tree<long long, std::pair<long long const, int>, std::_Select1st<std::pair<long long const, int> >, std::less<long long>, std::allocator<std::pair<long long const, int> > >::_M_get_insert_unique_pos(long long const&)
 .text._ZNSt8_Rb_treeIxSt4pairIKxiESt10_Select1stIS2_ESt4lessIxESaIS2_EE11_M_leftmostEv
                0x0000000008004794       0x18 Src/CppFile/CStateMachine/CStateMachine.o
                0x0000000008004794                std::_Rb_tree<long long, std::pair<long long const, int>, std::_Select1st<std::pair<long long const, int> >, std::less<long long>, std::allocator<std::pair<long long const, int> > >::_M_leftmost()
 .text._ZNSt17_Rb_tree_iteratorISt4pairIKxiEEmmEv
                0x00000000080047ac       0x22 Src/CppFile/CStateMachine/CStateMachine.o
                0x00000000080047ac                std::_Rb_tree_iterator<std::pair<long long const, int> >::operator--()
 .text._ZNSt17_Rb_tree_iteratorISt4pairIKxiEEppEv
                0x00000000080047ce       0x22 Src/CppFile/CStateMachine/CStateMachine.o
                0x00000000080047ce                std::_Rb_tree_iterator<std::pair<long long const, int> >::operator++()
 .text._ZNSt8_Rb_treeIxSt4pairIKxiESt10_Select1stIS2_ESt4lessIxESaIS2_EE8_S_valueEPKSt13_Rb_tree_nodeIS2_E
                0x00000000080047f0       0x18 Src/CppFile/CStateMachine/CStateMachine.o
                0x00000000080047f0                std::_Rb_tree<long long, std::pair<long long const, int>, std::_Select1st<std::pair<long long const, int> >, std::less<long long>, std::allocator<std::pair<long long const, int> > >::_S_value(std::_Rb_tree_node<std::pair<long long const, int> > const*)
 .text._ZNKSt10_Select1stISt4pairIKxiEEclERKS2_
                0x0000000008004808       0x18 Src/CppFile/CStateMachine/CStateMachine.o
                0x0000000008004808                std::_Select1st<std::pair<long long const, int> >::operator()(std::pair<long long const, int> const&) const
 .text._ZNSt8_Rb_treeIiSt4pairIKiPN3wyz10CStateBaseEESt10_Select1stIS5_ESt4lessIiESaIS5_EE6_M_endEv
                0x0000000008004820       0x18 Src/CppFile/CStateMachine/CStateMachine.o
                0x0000000008004820                std::_Rb_tree<int, std::pair<int const, wyz::CStateBase*>, std::_Select1st<std::pair<int const, wyz::CStateBase*> >, std::less<int>, std::allocator<std::pair<int const, wyz::CStateBase*> > >::_M_end()
 .text._ZNSt8_Rb_treeIiSt4pairIKiPN3wyz10CStateBaseEESt10_Select1stIS5_ESt4lessIiESaIS5_EE14_M_lower_boundEPSt13_Rb_tree_nodeIS5_EPSt18_Rb_tree_node_baseRS1_
                0x0000000008004838       0x62 Src/CppFile/CStateMachine/CStateMachine.o
                0x0000000008004838                std::_Rb_tree<int, std::pair<int const, wyz::CStateBase*>, std::_Select1st<std::pair<int const, wyz::CStateBase*> >, std::less<int>, std::allocator<std::pair<int const, wyz::CStateBase*> > >::_M_lower_bound(std::_Rb_tree_node<std::pair<int const, wyz::CStateBase*> >*, std::_Rb_tree_node_base*, int const&)
 .text._ZN9__gnu_cxx16__aligned_membufISt4pairIKiPN3wyz10CStateBaseEEE6_M_ptrEv
                0x000000000800489a       0x18 Src/CppFile/CStateMachine/CStateMachine.o
                0x000000000800489a                __gnu_cxx::__aligned_membuf<std::pair<int const, wyz::CStateBase*> >::_M_ptr()
 .text._ZNSt8_Rb_treeIiSt4pairIKiPN3wyz10CStateBaseEESt10_Select1stIS5_ESt4lessIiESaIS5_EE11_M_get_nodeEv
                0x00000000080048b2       0x22 Src/CppFile/CStateMachine/CStateMachine.o
                0x00000000080048b2                std::_Rb_tree<int, std::pair<int const, wyz::CStateBase*>, std::_Select1st<std::pair<int const, wyz::CStateBase*> >, std::less<int>, std::allocator<std::pair<int const, wyz::CStateBase*> > >::_M_get_node()
 .text._ZNSt8_Rb_treeIiSt4pairIKiPN3wyz10CStateBaseEESt10_Select1stIS5_ESt4lessIiESaIS5_EE17_M_construct_nodeIJRKSt21piecewise_construct_tSt5tupleIJRS1_EESG_IJEEEEEvPSt13_Rb_tree_nodeIS5_EDpOT_
                0x00000000080048d4       0x5a Src/CppFile/CStateMachine/CStateMachine.o
                0x00000000080048d4                void std::_Rb_tree<int, std::pair<int const, wyz::CStateBase*>, std::_Select1st<std::pair<int const, wyz::CStateBase*> >, std::less<int>, std::allocator<std::pair<int const, wyz::CStateBase*> > >::_M_construct_node<std::piecewise_construct_t const&, std::tuple<int const&>, std::tuple<> >(std::_Rb_tree_node<std::pair<int const, wyz::CStateBase*> >*, std::piecewise_construct_t const&, std::tuple<int const&>&&, std::tuple<>&&)
 .text._ZNKSt23_Rb_tree_const_iteratorISt4pairIKiPN3wyz10CStateBaseEEE13_M_const_castEv
                0x000000000800492e       0x22 Src/CppFile/CStateMachine/CStateMachine.o
                0x000000000800492e                std::_Rb_tree_const_iterator<std::pair<int const, wyz::CStateBase*> >::_M_const_cast() const
 .text._ZNKSt8_Rb_treeIiSt4pairIKiPN3wyz10CStateBaseEESt10_Select1stIS5_ESt4lessIiESaIS5_EE4sizeEv
                0x0000000008004950       0x18 Src/CppFile/CStateMachine/CStateMachine.o
                0x0000000008004950                std::_Rb_tree<int, std::pair<int const, wyz::CStateBase*>, std::_Select1st<std::pair<int const, wyz::CStateBase*> >, std::less<int>, std::allocator<std::pair<int const, wyz::CStateBase*> > >::size() const
 .text._ZNSt8_Rb_treeIiSt4pairIKiPN3wyz10CStateBaseEESt10_Select1stIS5_ESt4lessIiESaIS5_EE12_M_rightmostEv
                0x0000000008004968       0x18 Src/CppFile/CStateMachine/CStateMachine.o
                0x0000000008004968                std::_Rb_tree<int, std::pair<int const, wyz::CStateBase*>, std::_Select1st<std::pair<int const, wyz::CStateBase*> >, std::less<int>, std::allocator<std::pair<int const, wyz::CStateBase*> > >::_M_rightmost()
 .text._ZNSt4pairIPSt18_Rb_tree_node_baseS1_EC2IRPSt13_Rb_tree_nodeIS_IKiPN3wyz10CStateBaseEEERS1_Lb1EEEOT_OT0_
                0x0000000008004980       0x32 Src/CppFile/CStateMachine/CStateMachine.o
                0x0000000008004980                std::pair<std::_Rb_tree_node_base*, std::_Rb_tree_node_base*>::pair<std::_Rb_tree_node<std::pair<int const, wyz::CStateBase*> >*&, std::_Rb_tree_node_base*&, true>(std::_Rb_tree_node<std::pair<int const, wyz::CStateBase*> >*&, std::_Rb_tree_node_base*&)
                0x0000000008004980                std::pair<std::_Rb_tree_node_base*, std::_Rb_tree_node_base*>::pair<std::_Rb_tree_node<std::pair<int const, wyz::CStateBase*> >*&, std::_Rb_tree_node_base*&, true>(std::_Rb_tree_node<std::pair<int const, wyz::CStateBase*> >*&, std::_Rb_tree_node_base*&)
 .text._ZSt7forwardIRPSt13_Rb_tree_nodeISt4pairIKiPN3wyz10CStateBaseEEEEOT_RNSt16remove_referenceISA_E4typeE
                0x00000000080049b2       0x16 Src/CppFile/CStateMachine/CStateMachine.o
                0x00000000080049b2                std::_Rb_tree_node<std::pair<int const, wyz::CStateBase*> >*& std::forward<std::_Rb_tree_node<std::pair<int const, wyz::CStateBase*> >*&>(std::remove_reference<std::_Rb_tree_node<std::pair<int const, wyz::CStateBase*> >*&>::type&)
 .text._ZNSt8_Rb_treeIiSt4pairIKiPN3wyz10CStateBaseEESt10_Select1stIS5_ESt4lessIiESaIS5_EE24_M_get_insert_unique_posERS1_
                0x00000000080049c8      0x10a Src/CppFile/CStateMachine/CStateMachine.o
                0x00000000080049c8                std::_Rb_tree<int, std::pair<int const, wyz::CStateBase*>, std::_Select1st<std::pair<int const, wyz::CStateBase*> >, std::less<int>, std::allocator<std::pair<int const, wyz::CStateBase*> > >::_M_get_insert_unique_pos(int const&)
 .text._ZNSt8_Rb_treeIiSt4pairIKiPN3wyz10CStateBaseEESt10_Select1stIS5_ESt4lessIiESaIS5_EE11_M_leftmostEv
                0x0000000008004ad2       0x18 Src/CppFile/CStateMachine/CStateMachine.o
                0x0000000008004ad2                std::_Rb_tree<int, std::pair<int const, wyz::CStateBase*>, std::_Select1st<std::pair<int const, wyz::CStateBase*> >, std::less<int>, std::allocator<std::pair<int const, wyz::CStateBase*> > >::_M_leftmost()
 .text._ZNSt17_Rb_tree_iteratorISt4pairIKiPN3wyz10CStateBaseEEEmmEv
                0x0000000008004aea       0x22 Src/CppFile/CStateMachine/CStateMachine.o
                0x0000000008004aea                std::_Rb_tree_iterator<std::pair<int const, wyz::CStateBase*> >::operator--()
 .text._ZNSt17_Rb_tree_iteratorISt4pairIKiPN3wyz10CStateBaseEEEppEv
                0x0000000008004b0c       0x22 Src/CppFile/CStateMachine/CStateMachine.o
                0x0000000008004b0c                std::_Rb_tree_iterator<std::pair<int const, wyz::CStateBase*> >::operator++()
 .text._ZNSt8_Rb_treeIiSt4pairIKiPN3wyz10CStateBaseEESt10_Select1stIS5_ESt4lessIiESaIS5_EE8_S_valueEPKSt13_Rb_tree_nodeIS5_E
                0x0000000008004b2e       0x18 Src/CppFile/CStateMachine/CStateMachine.o
                0x0000000008004b2e                std::_Rb_tree<int, std::pair<int const, wyz::CStateBase*>, std::_Select1st<std::pair<int const, wyz::CStateBase*> >, std::less<int>, std::allocator<std::pair<int const, wyz::CStateBase*> > >::_S_value(std::_Rb_tree_node<std::pair<int const, wyz::CStateBase*> > const*)
 .text._ZNKSt10_Select1stISt4pairIKiPN3wyz10CStateBaseEEEclERKS5_
                0x0000000008004b46       0x18 Src/CppFile/CStateMachine/CStateMachine.o
                0x0000000008004b46                std::_Select1st<std::pair<int const, wyz::CStateBase*> >::operator()(std::pair<int const, wyz::CStateBase*> const&) const
 .text._ZNSt8_Rb_treeIxSt4pairIKxiESt10_Select1stIS2_ESt4lessIxESaIS2_EE7_S_leftEPKSt18_Rb_tree_node_base
                0x0000000008004b5e       0x18 Src/CppFile/CStateMachine/CStateMachine.o
                0x0000000008004b5e                std::_Rb_tree<long long, std::pair<long long const, int>, std::_Select1st<std::pair<long long const, int> >, std::less<long long>, std::allocator<std::pair<long long const, int> > >::_S_left(std::_Rb_tree_node_base const*)
 .text._ZNSt8_Rb_treeIxSt4pairIKxiESt10_Select1stIS2_ESt4lessIxESaIS2_EE8_S_rightEPKSt18_Rb_tree_node_base
                0x0000000008004b76       0x18 Src/CppFile/CStateMachine/CStateMachine.o
                0x0000000008004b76                std::_Rb_tree<long long, std::pair<long long const, int>, std::_Select1st<std::pair<long long const, int> >, std::less<long long>, std::allocator<std::pair<long long const, int> > >::_S_right(std::_Rb_tree_node_base const*)
 .text._ZNSt8_Rb_treeIxSt4pairIKxiESt10_Select1stIS2_ESt4lessIxESaIS2_EE8_S_valueEPKSt18_Rb_tree_node_base
                0x0000000008004b8e       0x18 Src/CppFile/CStateMachine/CStateMachine.o
                0x0000000008004b8e                std::_Rb_tree<long long, std::pair<long long const, int>, std::_Select1st<std::pair<long long const, int> >, std::less<long long>, std::allocator<std::pair<long long const, int> > >::_S_value(std::_Rb_tree_node_base const*)
 .text._ZNSt8_Rb_treeIxSt4pairIKxiESt10_Select1stIS2_ESt4lessIxESaIS2_EE17_M_construct_nodeIJRKSt21piecewise_construct_tSt5tupleIJRS1_EESD_IJEEEEEvPSt13_Rb_tree_nodeIS2_EDpOT_
                0x0000000008004ba6       0x5a Src/CppFile/CStateMachine/CStateMachine.o
                0x0000000008004ba6                void std::_Rb_tree<long long, std::pair<long long const, int>, std::_Select1st<std::pair<long long const, int> >, std::less<long long>, std::allocator<std::pair<long long const, int> > >::_M_construct_node<std::piecewise_construct_t const&, std::tuple<long long const&>, std::tuple<> >(std::_Rb_tree_node<std::pair<long long const, int> >*, std::piecewise_construct_t const&, std::tuple<long long const&>&&, std::tuple<>&&)
 .text._ZNSt8_Rb_treeIiSt4pairIKiPN3wyz10CStateBaseEESt10_Select1stIS5_ESt4lessIiESaIS5_EE7_S_leftEPKSt18_Rb_tree_node_base
                0x0000000008004c00       0x18 Src/CppFile/CStateMachine/CStateMachine.o
                0x0000000008004c00                std::_Rb_tree<int, std::pair<int const, wyz::CStateBase*>, std::_Select1st<std::pair<int const, wyz::CStateBase*> >, std::less<int>, std::allocator<std::pair<int const, wyz::CStateBase*> > >::_S_left(std::_Rb_tree_node_base const*)
 .text._ZNSt8_Rb_treeIiSt4pairIKiPN3wyz10CStateBaseEESt10_Select1stIS5_ESt4lessIiESaIS5_EE8_S_rightEPKSt18_Rb_tree_node_base
                0x0000000008004c18       0x18 Src/CppFile/CStateMachine/CStateMachine.o
                0x0000000008004c18                std::_Rb_tree<int, std::pair<int const, wyz::CStateBase*>, std::_Select1st<std::pair<int const, wyz::CStateBase*> >, std::less<int>, std::allocator<std::pair<int const, wyz::CStateBase*> > >::_S_right(std::_Rb_tree_node_base const*)
 .text._ZNSt8_Rb_treeIiSt4pairIKiPN3wyz10CStateBaseEESt10_Select1stIS5_ESt4lessIiESaIS5_EE8_S_valueEPKSt18_Rb_tree_node_base
                0x0000000008004c30       0x18 Src/CppFile/CStateMachine/CStateMachine.o
                0x0000000008004c30                std::_Rb_tree<int, std::pair<int const, wyz::CStateBase*>, std::_Select1st<std::pair<int const, wyz::CStateBase*> >, std::less<int>, std::allocator<std::pair<int const, wyz::CStateBase*> > >::_S_value(std::_Rb_tree_node_base const*)
 .text._ZN9__gnu_cxx16__aligned_membufISt4pairIKxiEE7_M_addrEv
                0x0000000008004c48       0x16 Src/CppFile/CStateMachine/CStateMachine.o
                0x0000000008004c48                __gnu_cxx::__aligned_membuf<std::pair<long long const, int> >::_M_addr()
 .text._ZNSt8_Rb_treeIiSt4pairIKiPN3wyz10CStateBaseEESt10_Select1stIS5_ESt4lessIiESaIS5_EE21_M_get_Node_allocatorEv
                0x0000000008004c5e       0x16 Src/CppFile/CStateMachine/CStateMachine.o
                0x0000000008004c5e                std::_Rb_tree<int, std::pair<int const, wyz::CStateBase*>, std::_Select1st<std::pair<int const, wyz::CStateBase*> >, std::less<int>, std::allocator<std::pair<int const, wyz::CStateBase*> > >::_M_get_Node_allocator()
 .text._ZNSt16allocator_traitsISaISt13_Rb_tree_nodeISt4pairIKiPN3wyz10CStateBaseEEEEE7destroyIS6_EEvRS8_PT_
                0x0000000008004c74       0x1a Src/CppFile/CStateMachine/CStateMachine.o
                0x0000000008004c74                void std::allocator_traits<std::allocator<std::_Rb_tree_node<std::pair<int const, wyz::CStateBase*> > > >::destroy<std::pair<int const, wyz::CStateBase*> >(std::allocator<std::_Rb_tree_node<std::pair<int const, wyz::CStateBase*> > >&, std::pair<int const, wyz::CStateBase*>*)
 .text._ZNSt16allocator_traitsISaISt13_Rb_tree_nodeISt4pairIKiPN3wyz10CStateBaseEEEEE10deallocateERS8_PS7_j
                0x0000000008004c8e       0x1e Src/CppFile/CStateMachine/CStateMachine.o
                0x0000000008004c8e                std::allocator_traits<std::allocator<std::_Rb_tree_node<std::pair<int const, wyz::CStateBase*> > > >::deallocate(std::allocator<std::_Rb_tree_node<std::pair<int const, wyz::CStateBase*> > >&, std::_Rb_tree_node<std::pair<int const, wyz::CStateBase*> >*, unsigned int)
 .text._ZNSt8_Rb_treeIxSt4pairIKxiESt10_Select1stIS2_ESt4lessIxESaIS2_EE21_M_get_Node_allocatorEv
                0x0000000008004cac       0x16 Src/CppFile/CStateMachine/CStateMachine.o
                0x0000000008004cac                std::_Rb_tree<long long, std::pair<long long const, int>, std::_Select1st<std::pair<long long const, int> >, std::less<long long>, std::allocator<std::pair<long long const, int> > >::_M_get_Node_allocator()
 .text._ZNSt16allocator_traitsISaISt13_Rb_tree_nodeISt4pairIKxiEEEE7destroyIS3_EEvRS5_PT_
                0x0000000008004cc2       0x1a Src/CppFile/CStateMachine/CStateMachine.o
                0x0000000008004cc2                void std::allocator_traits<std::allocator<std::_Rb_tree_node<std::pair<long long const, int> > > >::destroy<std::pair<long long const, int> >(std::allocator<std::_Rb_tree_node<std::pair<long long const, int> > >&, std::pair<long long const, int>*)
 .text._ZNSt16allocator_traitsISaISt13_Rb_tree_nodeISt4pairIKxiEEEE10deallocateERS5_PS4_j
                0x0000000008004cdc       0x1e Src/CppFile/CStateMachine/CStateMachine.o
                0x0000000008004cdc                std::allocator_traits<std::allocator<std::_Rb_tree_node<std::pair<long long const, int> > > >::deallocate(std::allocator<std::_Rb_tree_node<std::pair<long long const, int> > >&, std::_Rb_tree_node<std::pair<long long const, int> >*, unsigned int)
 .text._ZNSt16allocator_traitsISaISt13_Rb_tree_nodeISt4pairIKxiEEEE8allocateERS5_j
                0x0000000008004cfa       0x1e Src/CppFile/CStateMachine/CStateMachine.o
                0x0000000008004cfa                std::allocator_traits<std::allocator<std::_Rb_tree_node<std::pair<long long const, int> > > >::allocate(std::allocator<std::_Rb_tree_node<std::pair<long long const, int> > >&, unsigned int)
 .text._ZNSt16allocator_traitsISaISt13_Rb_tree_nodeISt4pairIKxiEEEE9constructIS3_JRKSt21piecewise_construct_tSt5tupleIJOxEESB_IJEEEEEvRS5_PT_DpOT0_
                0x0000000008004d18       0x3c Src/CppFile/CStateMachine/CStateMachine.o
                0x0000000008004d18                void std::allocator_traits<std::allocator<std::_Rb_tree_node<std::pair<long long const, int> > > >::construct<std::pair<long long const, int>, std::piecewise_construct_t const&, std::tuple<long long&&>, std::tuple<> >(std::allocator<std::_Rb_tree_node<std::pair<long long const, int> > >&, std::pair<long long const, int>*, std::piecewise_construct_t const&, std::tuple<long long&&>&&, std::tuple<>&&)
 .text._ZNSt8_Rb_treeIxSt4pairIKxiESt10_Select1stIS2_ESt4lessIxESaIS2_EE5beginEv
                0x0000000008004d54       0x22 Src/CppFile/CStateMachine/CStateMachine.o
                0x0000000008004d54                std::_Rb_tree<long long, std::pair<long long const, int>, std::_Select1st<std::pair<long long const, int> >, std::less<long long>, std::allocator<std::pair<long long const, int> > >::begin()
 .text._ZNKSt13_Rb_tree_nodeISt4pairIKxiEE9_M_valptrEv
                0x0000000008004d76       0x1c Src/CppFile/CStateMachine/CStateMachine.o
                0x0000000008004d76                std::_Rb_tree_node<std::pair<long long const, int> >::_M_valptr() const
 .text._ZN9__gnu_cxx16__aligned_membufISt4pairIKiPN3wyz10CStateBaseEEE7_M_addrEv
                0x0000000008004d92       0x16 Src/CppFile/CStateMachine/CStateMachine.o
                0x0000000008004d92                __gnu_cxx::__aligned_membuf<std::pair<int const, wyz::CStateBase*> >::_M_addr()
 .text._ZNSt16allocator_traitsISaISt13_Rb_tree_nodeISt4pairIKiPN3wyz10CStateBaseEEEEE8allocateERS8_j
                0x0000000008004da8       0x1e Src/CppFile/CStateMachine/CStateMachine.o
                0x0000000008004da8                std::allocator_traits<std::allocator<std::_Rb_tree_node<std::pair<int const, wyz::CStateBase*> > > >::allocate(std::allocator<std::_Rb_tree_node<std::pair<int const, wyz::CStateBase*> > >&, unsigned int)
 .text._ZNSt16allocator_traitsISaISt13_Rb_tree_nodeISt4pairIKiPN3wyz10CStateBaseEEEEE9constructIS6_JRKSt21piecewise_construct_tSt5tupleIJRS2_EESE_IJEEEEEvRS8_PT_DpOT0_
                0x0000000008004dc6       0x3c Src/CppFile/CStateMachine/CStateMachine.o
                0x0000000008004dc6                void std::allocator_traits<std::allocator<std::_Rb_tree_node<std::pair<int const, wyz::CStateBase*> > > >::construct<std::pair<int const, wyz::CStateBase*>, std::piecewise_construct_t const&, std::tuple<int const&>, std::tuple<> >(std::allocator<std::_Rb_tree_node<std::pair<int const, wyz::CStateBase*> > >&, std::pair<int const, wyz::CStateBase*>*, std::piecewise_construct_t const&, std::tuple<int const&>&&, std::tuple<>&&)
 .text._ZNSt8_Rb_treeIiSt4pairIKiPN3wyz10CStateBaseEESt10_Select1stIS5_ESt4lessIiESaIS5_EE5beginEv
                0x0000000008004e02       0x22 Src/CppFile/CStateMachine/CStateMachine.o
                0x0000000008004e02                std::_Rb_tree<int, std::pair<int const, wyz::CStateBase*>, std::_Select1st<std::pair<int const, wyz::CStateBase*> >, std::less<int>, std::allocator<std::pair<int const, wyz::CStateBase*> > >::begin()
 .text._ZNKSt13_Rb_tree_nodeISt4pairIKiPN3wyz10CStateBaseEEE9_M_valptrEv
                0x0000000008004e24       0x1c Src/CppFile/CStateMachine/CStateMachine.o
                0x0000000008004e24                std::_Rb_tree_node<std::pair<int const, wyz::CStateBase*> >::_M_valptr() const
 .text._ZNSt16allocator_traitsISaISt13_Rb_tree_nodeISt4pairIKxiEEEE9constructIS3_JRKSt21piecewise_construct_tSt5tupleIJRS2_EESB_IJEEEEEvRS5_PT_DpOT0_
                0x0000000008004e40       0x3c Src/CppFile/CStateMachine/CStateMachine.o
                0x0000000008004e40                void std::allocator_traits<std::allocator<std::_Rb_tree_node<std::pair<long long const, int> > > >::construct<std::pair<long long const, int>, std::piecewise_construct_t const&, std::tuple<long long const&>, std::tuple<> >(std::allocator<std::_Rb_tree_node<std::pair<long long const, int> > >&, std::pair<long long const, int>*, std::piecewise_construct_t const&, std::tuple<long long const&>&&, std::tuple<>&&)
 .text._ZN9__gnu_cxx13new_allocatorISt13_Rb_tree_nodeISt4pairIKiPN3wyz10CStateBaseEEEE7destroyIS7_EEvPT_
                0x0000000008004e7c       0x16 Src/CppFile/CStateMachine/CStateMachine.o
                0x0000000008004e7c                void __gnu_cxx::new_allocator<std::_Rb_tree_node<std::pair<int const, wyz::CStateBase*> > >::destroy<std::pair<int const, wyz::CStateBase*> >(std::pair<int const, wyz::CStateBase*>*)
 .text._ZN9__gnu_cxx13new_allocatorISt13_Rb_tree_nodeISt4pairIKiPN3wyz10CStateBaseEEEE10deallocateEPS8_j
                0x0000000008004e92       0x1a Src/CppFile/CStateMachine/CStateMachine.o
                0x0000000008004e92                __gnu_cxx::new_allocator<std::_Rb_tree_node<std::pair<int const, wyz::CStateBase*> > >::deallocate(std::_Rb_tree_node<std::pair<int const, wyz::CStateBase*> >*, unsigned int)
 .text._ZN9__gnu_cxx13new_allocatorISt13_Rb_tree_nodeISt4pairIKxiEEE7destroyIS4_EEvPT_
                0x0000000008004eac       0x16 Src/CppFile/CStateMachine/CStateMachine.o
                0x0000000008004eac                void __gnu_cxx::new_allocator<std::_Rb_tree_node<std::pair<long long const, int> > >::destroy<std::pair<long long const, int> >(std::pair<long long const, int>*)
 .text._ZN9__gnu_cxx13new_allocatorISt13_Rb_tree_nodeISt4pairIKxiEEE10deallocateEPS5_j
                0x0000000008004ec2       0x1a Src/CppFile/CStateMachine/CStateMachine.o
                0x0000000008004ec2                __gnu_cxx::new_allocator<std::_Rb_tree_node<std::pair<long long const, int> > >::deallocate(std::_Rb_tree_node<std::pair<long long const, int> >*, unsigned int)
 .text._ZN9__gnu_cxx13new_allocatorISt13_Rb_tree_nodeISt4pairIKxiEEE8allocateEjPKv
                0x0000000008004edc       0x3c Src/CppFile/CStateMachine/CStateMachine.o
                0x0000000008004edc                __gnu_cxx::new_allocator<std::_Rb_tree_node<std::pair<long long const, int> > >::allocate(unsigned int, void const*)
 .text._ZN9__gnu_cxx13new_allocatorISt13_Rb_tree_nodeISt4pairIKxiEEE9constructIS4_JRKSt21piecewise_construct_tSt5tupleIJOxEESB_IJEEEEEvPT_DpOT0_
                0x0000000008004f18       0x52 Src/CppFile/CStateMachine/CStateMachine.o
                0x0000000008004f18                void __gnu_cxx::new_allocator<std::_Rb_tree_node<std::pair<long long const, int> > >::construct<std::pair<long long const, int>, std::piecewise_construct_t const&, std::tuple<long long&&>, std::tuple<> >(std::pair<long long const, int>*, std::piecewise_construct_t const&, std::tuple<long long&&>&&, std::tuple<>&&)
 .text._ZNK9__gnu_cxx16__aligned_membufISt4pairIKxiEE6_M_ptrEv
                0x0000000008004f6a       0x18 Src/CppFile/CStateMachine/CStateMachine.o
                0x0000000008004f6a                __gnu_cxx::__aligned_membuf<std::pair<long long const, int> >::_M_ptr() const
 .text._ZN9__gnu_cxx13new_allocatorISt13_Rb_tree_nodeISt4pairIKiPN3wyz10CStateBaseEEEE8allocateEjPKv
                0x0000000008004f82       0x42 Src/CppFile/CStateMachine/CStateMachine.o
                0x0000000008004f82                __gnu_cxx::new_allocator<std::_Rb_tree_node<std::pair<int const, wyz::CStateBase*> > >::allocate(unsigned int, void const*)
 .text._ZNSt5tupleIJRKiEEC2EOS2_
                0x0000000008004fc4       0x20 Src/CppFile/CStateMachine/CStateMachine.o
                0x0000000008004fc4                std::tuple<int const&>::tuple(std::tuple<int const&>&&)
                0x0000000008004fc4                std::tuple<int const&>::tuple(std::tuple<int const&>&&)
 .text._ZNSt11_Tuple_implILj0EJRKiEE7_M_headERS2_
                0x0000000008004fe4       0x1a Src/CppFile/CStateMachine/CStateMachine.o
                0x0000000008004fe4                std::_Tuple_impl<0u, int const&>::_M_head(std::_Tuple_impl<0u, int const&>&)
 .text._ZNSt10_Head_baseILj0ERKiLb0EE7_M_headERS2_
                0x0000000008004ffe       0x18 Src/CppFile/CStateMachine/CStateMachine.o
                0x0000000008004ffe                std::_Head_base<0u, int const&, false>::_M_head(std::_Head_base<0u, int const&, false>&)
 .text._ZSt7forwardIRKiEOT_RNSt16remove_referenceIS2_E4typeE
                0x0000000008005016       0x16 Src/CppFile/CStateMachine/CStateMachine.o
                0x0000000008005016                int const& std::forward<int const&>(std::remove_reference<int const&>::type&)
 .text._ZNSt11_Tuple_implILj0EJRKiEEC2EOS2_
                0x000000000800502c       0x2e Src/CppFile/CStateMachine/CStateMachine.o
                0x000000000800502c                std::_Tuple_impl<0u, int const&>::_Tuple_impl(std::_Tuple_impl<0u, int const&>&&)
                0x000000000800502c                std::_Tuple_impl<0u, int const&>::_Tuple_impl(std::_Tuple_impl<0u, int const&>&&)
 .text._ZN9__gnu_cxx13new_allocatorISt13_Rb_tree_nodeISt4pairIKiPN3wyz10CStateBaseEEEE9constructIS7_JRKSt21piecewise_construct_tSt5tupleIJRS3_EESE_IJEEEEEvPT_DpOT0_
                0x000000000800505a       0x52 Src/CppFile/CStateMachine/CStateMachine.o
                0x000000000800505a                void __gnu_cxx::new_allocator<std::_Rb_tree_node<std::pair<int const, wyz::CStateBase*> > >::construct<std::pair<int const, wyz::CStateBase*>, std::piecewise_construct_t const&, std::tuple<int const&>, std::tuple<> >(std::pair<int const, wyz::CStateBase*>*, std::piecewise_construct_t const&, std::tuple<int const&>&&, std::tuple<>&&)
 .text._ZNK9__gnu_cxx16__aligned_membufISt4pairIKiPN3wyz10CStateBaseEEE6_M_ptrEv
                0x00000000080050ac       0x18 Src/CppFile/CStateMachine/CStateMachine.o
                0x00000000080050ac                __gnu_cxx::__aligned_membuf<std::pair<int const, wyz::CStateBase*> >::_M_ptr() const
 .text._ZNSt5tupleIJRKxEEC2EOS2_