Archive member included to satisfy reference by file (symbol)

c:/st/stm32cubeide_1.0.0/stm32cubeide/plugins/com.st.stm32cube.ide.mcu.externaltools.gnu-tools-for-stm32.7-2018-q2-update.win32_1.0.0.201904181610/tools/bin/../lib/gcc/arm-none-eabi/7.3.1/../../../../arm-none-eabi/lib/thumb/v7e-m/fpv4-sp/hard\libstdc++_nano.a(del_opv.o)
                              Src/CppFile/CUart/CUart.o (operator delete[](void*))
c:/st/stm32cubeide_1.0.0/stm32cubeide/plugins/com.st.stm32cube.ide.mcu.externaltools.gnu-tools-for-stm32.7-2018-q2-update.win32_1.0.0.201904181610/tools/bin/../lib/gcc/arm-none-eabi/7.3.1/../../../../arm-none-eabi/lib/thumb/v7e-m/fpv4-sp/hard\libstdc++_nano.a(pure.o)
                              Src/CppFile/CUart/CUart.o (__cxa_pure_virtual)
c:/st/stm32cubeide_1.0.0/stm32cubeide/plugins/com.st.stm32cube.ide.mcu.externaltools.gnu-tools-for-stm32.7-2018-q2-update.win32_1.0.0.201904181610/tools/bin/../lib/gcc/arm-none-eabi/7.3.1/../../../../arm-none-eabi/lib/thumb/v7e-m/fpv4-sp/hard\libstdc++_nano.a(new_opv.o)
                              Src/CppFile/CUart/CUart.o (operator new[](unsigned int))
c:/st/stm32cubeide_1.0.0/stm32cubeide/plugins/com.st.stm32cube.ide.mcu.externaltools.gnu-tools-for-stm32.7-2018-q2-update.win32_1.0.0.201904181610/tools/bin/../lib/gcc/arm-none-eabi/7.3.1/../../../../arm-none-eabi/lib/thumb/v7e-m/fpv4-sp/hard\libstdc++_nano.a(new_op.o)
                              Src/CppFile/CUart/CRelateOfHandleAndCUart.o (operator new(unsigned int))
c:/st/stm32cubeide_1.0.0/stm32cubeide/plugins/com.st.stm32cube.ide.mcu.externaltools.gnu-tools-for-stm32.7-2018-q2-update.win32_1.0.0.201904181610/tools/bin/../lib/gcc/arm-none-eabi/7.3.1/../../../../arm-none-eabi/lib/thumb/v7e-m/fpv4-sp/hard\libstdc++_nano.a(new_handler.o)
                              c:/st/stm32cubeide_1.0.0/stm32cubeide/plugins/com.st.stm32cube.ide.mcu.externaltools.gnu-tools-for-stm32.7-2018-q2-update.win32_1.0.0.201904181610/tools/bin/../lib/gcc/arm-none-eabi/7.3.1/../../../../arm-none-eabi/lib/thumb/v7e-m/fpv4-sp/hard\libstdc++_nano.a(new_op.o) (std::get_new_handler())
c:/st/stm32cubeide_1.0.0/stm32cubeide/plugins/com.st.stm32cube.ide.mcu.externaltools.gnu-tools-for-stm32.7-2018-q2-update.win32_1.0.0.201904181610/tools/bin/../lib/gcc/arm-none-eabi/7.3.1/../../../../arm-none-eabi/lib/thumb/v7e-m/fpv4-sp/hard\libstdc++_nano.a(del_op.o)
                              Src/CppFile/CUart/CRelateOfHandleAndCUart.o (operator delete(void*))
c:/st/stm32cubeide_1.0.0/stm32cubeide/plugins/com.st.stm32cube.ide.mcu.externaltools.gnu-tools-for-stm32.7-2018-q2-update.win32_1.0.0.201904181610/tools/bin/../lib/gcc/arm-none-eabi/7.3.1/../../../../arm-none-eabi/lib/thumb/v7e-m/fpv4-sp/hard\libstdc++_nano.a(eh_terminate.o)
                              c:/st/stm32cubeide_1.0.0/stm32cubeide/plugins/com.st.stm32cube.ide.mcu.externaltools.gnu-tools-for-stm32.7-2018-q2-update.win32_1.0.0.201904181610/tools/bin/../lib/gcc/arm-none-eabi/7.3.1/../../../../arm-none-eabi/lib/thumb/v7e-m/fpv4-sp/hard\libstdc++_nano.a(pure.o) (std::terminate())
c:/st/stm32cubeide_1.0.0/stm32cubeide/plugins/com.st.stm32cube.ide.mcu.externaltools.gnu-tools-for-stm32.7-2018-q2-update.win32_1.0.0.201904181610/tools/bin/../lib/gcc/arm-none-eabi/7.3.1/../../../../arm-none-eabi/lib/thumb/v7e-m/fpv4-sp/hard\libstdc++_nano.a(list.o)
                              Src/CppFile/CUart/CUart.o (std::__detail::_List_node_base::_M_hook(std::__detail::_List_node_base*))
c:/st/stm32cubeide_1.0.0/stm32cubeide/plugins/com.st.stm32cube.ide.mcu.externaltools.gnu-tools-for-stm32.7-2018-q2-update.win32_1.0.0.201904181610/tools/bin/../lib/gcc/arm-none-eabi/7.3.1/../../../../arm-none-eabi/lib/thumb/v7e-m/fpv4-sp/hard\libstdc++_nano.a(tree.o)
                              Src/CppFile/CUart/CRelateOfHandleAndCUart.o (std::_Rb_tree_increment(std::_Rb_tree_node_base*))
c:/st/stm32cubeide_1.0.0/stm32cubeide/plugins/com.st.stm32cube.ide.mcu.externaltools.gnu-tools-for-stm32.7-2018-q2-update.win32_1.0.0.201904181610/tools/bin/../lib/gcc/arm-none-eabi/7.3.1/../../../../arm-none-eabi/lib/thumb/v7e-m/fpv4-sp/hard\libstdc++_nano.a(functexcept.o)
                              Src/CppFile/CUart/CRelateOfHandleAndCUart.o (std::__throw_bad_alloc())
c:/st/stm32cubeide_1.0.0/stm32cubeide/plugins/com.st.stm32cube.ide.mcu.externaltools.gnu-tools-for-stm32.7-2018-q2-update.win32_1.0.0.201904181610/tools/bin/../lib/gcc/arm-none-eabi/7.3.1/../../../../arm-none-eabi/lib/thumb/v7e-m/fpv4-sp/hard\libstdc++_nano.a(eh_unex_handler.o)
                              c:/st/stm32cubeide_1.0.0/stm32cubeide/plugins/com.st.stm32cube.ide.mcu.externaltools.gnu-tools-for-stm32.7-2018-q2-update.win32_1.0.0.201904181610/tools/bin/../lib/gcc/arm-none-eabi/7.3.1/../../../../arm-none-eabi/lib/thumb/v7e-m/fpv4-sp/hard\libstdc++_nano.a(eh_terminate.o) (__cxxabiv1::__unexpected_handler)
[...]
Memory Configuration

Name             Origin             Length             Attributes
CCMRAM           0x0000000010000000 0x0000000000010000 xrw
RAM              0x0000000020000000 0x0000000000020000 xrw
FLASH            0x0000000008000000 0x0000000000100000 xr
*default*        0x0000000000000000 0xffffffffffffffff

Linker script and memory map

LOAD c:/st/stm32cubeide_1.0.0/stm32cubeide/plugins/com.st.stm32cube.ide.mcu.externaltools.gnu-tools-for-stm32.7-2018-q2-update.win32_1.0.0.201904181610/tools/bin/../lib/gcc/arm-none-eabi/7.3.1/thumb/v7e-m/fpv4-sp/hard/crti.o
LOAD c:/st/stm32cubeide_1.0.0/stm32cubeide/plugins/com.st.stm32cube.ide.mcu.externaltools.gnu-tools-for-stm32.7-2018-q2-update.win32_1.0.0.201904181610/tools/bin/../lib/gcc/arm-none-eabi/7.3.1/thumb/v7e-m/fpv4-sp/hard/crtbegin.o
LOAD c:/st/stm32cubeide_1.0.0/stm32cubeide/plugins/com.st.stm32cube.ide.mcu.externaltools.gnu-tools-for-stm32.7-2018-q2-update.win32_1.0.0.201904181610/tools/bin/../lib/gcc/arm-none-eabi/7.3.1/../../../../arm-none-eabi/lib/thumb/v7e-m/fpv4-sp/hard/crt0.o
LOAD Drivers/STM32F4xx_HAL_Driver/Src/stm32f4xx_hal.o
LOAD Drivers/STM32F4xx_HAL_Driver/Src/stm32f4xx_hal_cortex.o
LOAD Drivers/STM32F4xx_HAL_Driver/Src/stm32f4xx_hal_dma.o
LOAD Drivers/STM32F4xx_HAL_Driver/Src/stm32f4xx_hal_dma_ex.o
LOAD Drivers/STM32F4xx_HAL_Driver/Src/stm32f4xx_hal_exti.o
LOAD Drivers/STM32F4xx_HAL_Driver/Src/stm32f4xx_hal_flash.o
LOAD Drivers/STM32F4xx_HAL_Driver/Src/stm32f4xx_hal_flash_ex.o
LOAD Drivers/STM32F4xx_HAL_Driver/Src/stm32f4xx_hal_flash_ramfunc.o
LOAD Drivers/STM32F4xx_HAL_Driver/Src/stm32f4xx_hal_gpio.o
LOAD Drivers/STM32F4xx_HAL_Driver/Src/stm32f4xx_hal_pwr.o
LOAD Drivers/STM32F4xx_HAL_Driver/Src/stm32f4xx_hal_pwr_ex.o
LOAD Drivers/STM32F4xx_HAL_Driver/Src/stm32f4xx_hal_rcc.o
LOAD Drivers/STM32F4xx_HAL_Driver/Src/stm32f4xx_hal_rcc_ex.o
LOAD Drivers/STM32F4xx_HAL_Driver/Src/stm32f4xx_hal_tim.o
LOAD Drivers/STM32F4xx_HAL_Driver/Src/stm32f4xx_hal_tim_ex.o
LOAD Drivers/STM32F4xx_HAL_Driver/Src/stm32f4xx_hal_uart.o
LOAD Src/CppFile/CDevice.o
LOAD Src/CppFile/CDeviceDecorator.o
LOAD Src/CppFile/CObserver.o
LOAD Src/CppFile/CStrategy.o
LOAD Src/CppFile/CSubject.o
LOAD Src/CppFile/CUart/CRelateOfHandleAndCUart.o
LOAD Src/CppFile/CUart/CUart.o
LOAD Src/CppFile/RPLIDAR/A1Protocol.o
LOAD Src/main.o
LOAD Src/stm32f4xx_hal_msp.o
LOAD Src/stm32f4xx_it.o
LOAD Src/syscalls.o
LOAD Src/sysmem.o
LOAD Src/system_stm32f4xx.o
LOAD Startup/startup_stm32f407zgtx.o
START GROUP
LOAD c:/st/stm32cubeide_1.0.0/stm32cubeide/plugins/com.st.stm32cube.ide.mcu.externaltools.gnu-tools-for-stm32.7-2018-q2-update.win32_1.0.0.201904181610/tools/bin/../lib/gcc/arm-none-eabi/7.3.1/../../../../arm-none-eabi/lib/thumb/v7e-m/fpv4-sp/hard\libstdc++_nano.a
LOAD c:/st/stm32cubeide_1.0.0/stm32cubeide/plugins/com.st.stm32cube.ide.mcu.externaltools.gnu-tools-for-stm32.7-2018-q2-update.win32_1.0.0.201904181610/tools/bin/../lib/gcc/arm-none-eabi/7.3.1/../../../../arm-none-eabi/lib/thumb/v7e-m/fpv4-sp/hard\libsupc++_nano.a
END GROUP
LOAD c:/st/stm32cubeide_1.0.0/stm32cubeide/plugins/com.st.stm32cube.ide.mcu.externaltools.gnu-tools-for-stm32.7-2018-q2-update.win32_1.0.0.201904181610/tools/bin/../lib/gcc/arm-none-eabi/7.3.1/../../../../arm-none-eabi/lib/thumb/v7e-m/fpv4-sp/hard\libstdc++_nano.a
LOAD c:/st/stm32cubeide_1.0.0/stm32cubeide/plugins/com.st.stm32cube.ide.mcu.externaltools.gnu-tools-for-stm32.7-2018-q2-update.win32_1.0.0.201904181610/tools/bin/../lib/gcc/arm-none-eabi/7.3.1/../../../../arm-none-eabi/lib/thumb/v7e-m/fpv4-sp/hard\libm.a
LOAD c:/st/stm32cubeide_1.0.0/stm32cubeide/plugins/com.st.stm32cube.ide.mcu.externaltools.gnu-tools-for-stm32.7-2018-q2-update.win32_1.0.0.201904181610/tools/bin/../lib/gcc/arm-none-eabi/7.3.1/../../../../arm-none-eabi/lib/thumb/v7e-m/fpv4-sp/hard\libc_nano.a
START GROUP
LOAD c:/st/stm32cubeide_1.0.0/stm32cubeide/plugins/com.st.stm32cube.ide.mcu.externaltools.gnu-tools-for-stm32.7-2018-q2-update.win32_1.0.0.201904181610/tools/bin/../lib/gcc/arm-none-eabi/7.3.1/thumb/v7e-m/fpv4-sp/hard\libgcc.a
LOAD c:/st/stm32cubeide_1.0.0/stm32cubeide/plugins/com.st.stm32cube.ide.mcu.externaltools.gnu-tools-for-stm32.7-2018-q2-update.win32_1.0.0.201904181610/tools/bin/../lib/gcc/arm-none-eabi/7.3.1/../../../../arm-none-eabi/lib/thumb/v7e-m/fpv4-sp/hard\libc_nano.a
END GROUP
START GROUP
LOAD c:/st/stm32cubeide_1.0.0/stm32cubeide/plugins/com.st.stm32cube.ide.mcu.externaltools.gnu-tools-for-stm32.7-2018-q2-update.win32_1.0.0.201904181610/tools/bin/../lib/gcc/arm-none-eabi/7.3.1/thumb/v7e-m/fpv4-sp/hard\libgcc.a
LOAD c:/st/stm32cubeide_1.0.0/stm32cubeide/plugins/com.st.stm32cube.ide.mcu.externaltools.gnu-tools-for-stm32.7-2018-q2-update.win32_1.0.0.201904181610/tools/bin/../lib/gcc/arm-none-eabi/7.3.1/../../../../arm-none-eabi/lib/thumb/v7e-m/fpv4-sp/hard\libc_nano.a
LOAD c:/st/stm32cubeide_1.0.0/stm32cubeide/plugins/com.st.stm32cube.ide.mcu.externaltools.gnu-tools-for-stm32.7-2018-q2-update.win32_1.0.0.201904181610/tools/bin/../lib/gcc/arm-none-eabi/7.3.1/../../../../arm-none-eabi/lib/thumb/v7e-m/fpv4-sp/hard\libnosys.a
END GROUP
START GROUP
LOAD c:/st/stm32cubeide_1.0.0/stm32cubeide/plugins/com.st.stm32cube.ide.mcu.externaltools.gnu-tools-for-stm32.7-2018-q2-update.win32_1.0.0.201904181610/tools/bin/../lib/gcc/arm-none-eabi/7.3.1/thumb/v7e-m/fpv4-sp/hard\libgcc.a
LOAD c:/st/stm32cubeide_1.0.0/stm32cubeide/plugins/com.st.stm32cube.ide.mcu.externaltools.gnu-tools-for-stm32.7-2018-q2-update.win32_1.0.0.201904181610/tools/bin/../lib/gcc/arm-none-eabi/7.3.1/../../../../arm-none-eabi/lib/thumb/v7e-m/fpv4-sp/hard\libc_nano.a
LOAD c:/st/stm32cubeide_1.0.0/stm32cubeide/plugins/com.st.stm32cube.ide.mcu.externaltools.gnu-tools-for-stm32.7-2018-q2-update.win32_1.0.0.201904181610/tools/bin/../lib/gcc/arm-none-eabi/7.3.1/../../../../arm-none-eabi/lib/thumb/v7e-m/fpv4-sp/hard\libnosys.a
END GROUP
LOAD c:/st/stm32cubeide_1.0.0/stm32cubeide/plugins/com.st.stm32cube.ide.mcu.externaltools.gnu-tools-for-stm32.7-2018-q2-update.win32_1.0.0.201904181610/tools/bin/../lib/gcc/arm-none-eabi/7.3.1/thumb/v7e-m/fpv4-sp/hard/crtend.o
LOAD c:/st/stm32cubeide_1.0.0/stm32cubeide/plugins/com.st.stm32cube.ide.mcu.externaltools.gnu-tools-for-stm32.7-2018-q2-update.win32_1.0.0.201904181610/tools/bin/../lib/gcc/arm-none-eabi/7.3.1/thumb/v7e-m/fpv4-sp/hard/crtn.o
                0x0000000020020000                _estack = 0x20020000
                0x0000000000000200                _Min_Heap_Size = 0x200
                0x0000000000000400                _Min_Stack_Size = 0x400

.isr_vector     0x0000000008000000      0x188
                0x0000000008000000                . = ALIGN (0x4)
 *(.isr_vector)
 .isr_vector    0x0000000008000000      0x188 Startup/startup_stm32f407zgtx.o
                0x0000000008000000                g_pfnVectors
                0x0000000008000188                . = ALIGN (0x4)

.text           0x0000000008000188     0x5104
                0x0000000008000188                . = ALIGN (0x4)
 *(.text)
 .text          0x0000000008000188       0x40 c:/st/stm32cubeide_1.0.0/stm32cubeide/plugins/com.st.stm32cube.ide.mcu.externaltools.gnu-tools-for-stm32.7-2018-q2-update.win32_1.0.0.201904181610/tools/bin/../lib/gcc/arm-none-eabi/7.3.1/thumb/v7e-m/fpv4-sp/hard/crtbegin.o
 .text          0x00000000080001c8       0x30 c:/st/stm32cubeide_1.0.0/stm32cubeide/plugins/com.st.stm32cube.ide.mcu.externaltools.gnu-tools-for-stm32.7-2018-q2-update.win32_1.0.0.201904181610/tools/bin/../lib/gcc/arm-none-eabi/7.3.1/thumb/v7e-m/fpv4-sp/hard\libgcc.a(_aeabi_uldivmod.o)
                0x00000000080001c8                __aeabi_uldivmod
 .text          0x00000000080001f8      0x2cc c:/st/stm32cubeide_1.0.0/stm32cubeide/plugins/com.st.stm32cube.ide.mcu.externaltools.gnu-tools-for-stm32.7-2018-q2-update.win32_1.0.0.201904181610/tools/bin/../lib/gcc/arm-none-eabi/7.3.1/thumb/v7e-m/fpv4-sp/hard\libgcc.a(_udivmoddi4.o)
                0x00000000080001f8                __udivmoddi4
 .text          0x00000000080004c4        0x4 c:/st/stm32cubeide_1.0.0/stm32cubeide/plugins/com.st.stm32cube.ide.mcu.externaltools.gnu-tools-for-stm32.7-2018-q2-update.win32_1.0.0.201904181610/tools/bin/../lib/gcc/arm-none-eabi/7.3.1/thumb/v7e-m/fpv4-sp/hard\libgcc.a(_dvmd_tls.o)
                0x00000000080004c4                __aeabi_idiv0
                0x00000000080004c4                __aeabi_ldiv0
 *(.text*)
 .text.HAL_Init
                0x00000000080004c8       0x44 Drivers/STM32F4xx_HAL_Driver/Src/stm32f4xx_hal.o
                0x00000000080004c8                HAL_Init
 .text.HAL_InitTick
                0x000000000800050c       0x60 Drivers/STM32F4xx_HAL_Driver/Src/stm32f4xx_hal.o
                0x000000000800050c                HAL_InitTick
 .text.HAL_IncTick
                0x000000000800056c       0x28 Drivers/STM32F4xx_HAL_Driver/Src/stm32f4xx_hal.o
                0x000000000800056c                HAL_IncTick
 .text.HAL_GetTick
                0x0000000008000594       0x18 Drivers/STM32F4xx_HAL_Driver/Src/stm32f4xx_hal.o
                0x0000000008000594                HAL_GetTick
 .text.__NVIC_SetPriorityGrouping
                0x00000000080005ac       0x48 Drivers/STM32F4xx_HAL_Driver/Src/stm32f4xx_hal_cortex.o
 .text.__NVIC_GetPriorityGrouping
                0x00000000080005f4       0x1c Drivers/STM32F4xx_HAL_Driver/Src/stm32f4xx_hal_cortex.o
 .text.__NVIC_EnableIRQ
                0x0000000008000610       0x3c Drivers/STM32F4xx_HAL_Driver/Src/stm32f4xx_hal_cortex.o
 .text.__NVIC_SetPriority
                0x000000000800064c       0x54 Drivers/STM32F4xx_HAL_Driver/Src/stm32f4xx_hal_cortex.o
 .text.NVIC_EncodePriority
                0x00000000080006a0       0x66 Drivers/STM32F4xx_HAL_Driver/Src/stm32f4xx_hal_cortex.o
 *fill*         0x0000000008000706        0x2 
 .text.SysTick_Config
                0x0000000008000708       0x44 Drivers/STM32F4xx_HAL_Driver/Src/stm32f4xx_hal_cortex.o
 .text.HAL_NVIC_SetPriorityGrouping
                0x000000000800074c       0x16 Drivers/STM32F4xx_HAL_Driver/Src/stm32f4xx_hal_cortex.o
                0x000000000800074c                HAL_NVIC_SetPriorityGrouping
 .text.HAL_NVIC_SetPriority
                0x0000000008000762       0x38 Drivers/STM32F4xx_HAL_Driver/Src/stm32f4xx_hal_cortex.o
                0x0000000008000762                HAL_NVIC_SetPriority
 .text.HAL_NVIC_EnableIRQ
                0x000000000800079a       0x1c Drivers/STM32F4xx_HAL_Driver/Src/stm32f4xx_hal_cortex.o
                0x000000000800079a                HAL_NVIC_EnableIRQ
 .text.HAL_SYSTICK_Config
                0x00000000080007b6       0x18 Drivers/STM32F4xx_HAL_Driver/Src/stm32f4xx_hal_cortex.o
                0x00000000080007b6                HAL_SYSTICK_Config
 *fill*         0x00000000080007ce        0x2 
 .text.HAL_DMA_Init
                0x00000000080007d0      0x15c Drivers/STM32F4xx_HAL_Driver/Src/stm32f4xx_hal_dma.o
                0x00000000080007d0                HAL_DMA_Init
 .text.HAL_DMA_Start_IT
                0x000000000800092c       0xc0 Drivers/STM32F4xx_HAL_Driver/Src/stm32f4xx_hal_dma.o
                0x000000000800092c                HAL_DMA_Start_IT
 .text.HAL_DMA_Abort_IT
                0x00000000080009ec       0x44 Drivers/STM32F4xx_HAL_Driver/Src/stm32f4xx_hal_dma.o
                0x00000000080009ec                HAL_DMA_Abort_IT
 .text.HAL_DMA_IRQHandler
                0x0000000008000a30      0x314 Drivers/STM32F4xx_HAL_Driver/Src/stm32f4xx_hal_dma.o
                0x0000000008000a30                HAL_DMA_IRQHandler
 .text.DMA_SetConfig
                0x0000000008000d44       0x5c Drivers/STM32F4xx_HAL_Driver/Src/stm32f4xx_hal_dma.o
 .text.DMA_CalcBaseAndBitshift
                0x0000000008000da0       0x6c Drivers/STM32F4xx_HAL_Driver/Src/stm32f4xx_hal_dma.o
 .text.DMA_CheckFifoParam
                0x0000000008000e0c       0xf4 Drivers/STM32F4xx_HAL_Driver/Src/stm32f4xx_hal_dma.o
 .text.HAL_GPIO_Init
                0x0000000008000f00      0x334 Drivers/STM32F4xx_HAL_Driver/Src/stm32f4xx_hal_gpio.o
                0x0000000008000f00                HAL_GPIO_Init
 .text.HAL_RCC_OscConfig
                0x0000000008001234      0x484 Drivers/STM32F4xx_HAL_Driver/Src/stm32f4xx_hal_rcc.o
                0x0000000008001234                HAL_RCC_OscConfig
 .text.HAL_RCC_ClockConfig
                0x00000000080016b8      0x1c4 Drivers/STM32F4xx_HAL_Driver/Src/stm32f4xx_hal_rcc.o
                0x00000000080016b8                HAL_RCC_ClockConfig
 .text.HAL_RCC_GetSysClockFreq
                0x000000000800187c      0x164 Drivers/STM32F4xx_HAL_Driver/Src/stm32f4xx_hal_rcc.o
                0x000000000800187c                HAL_RCC_GetSysClockFreq
 .text.HAL_RCC_GetHCLKFreq
                0x00000000080019e0       0x18 Drivers/STM32F4xx_HAL_Driver/Src/stm32f4xx_hal_rcc.o
                0x00000000080019e0                HAL_RCC_GetHCLKFreq
 .text.HAL_RCC_GetPCLK1Freq
                0x00000000080019f8       0x28 Drivers/STM32F4xx_HAL_Driver/Src/stm32f4xx_hal_rcc.o
                0x00000000080019f8                HAL_RCC_GetPCLK1Freq
 .text.HAL_RCC_GetPCLK2Freq
                0x0000000008001a20       0x28 Drivers/STM32F4xx_HAL_Driver/Src/stm32f4xx_hal_rcc.o
                0x0000000008001a20                HAL_RCC_GetPCLK2Freq
 .text.HAL_UART_Init
                0x0000000008001a48       0x9a Drivers/STM32F4xx_HAL_Driver/Src/stm32f4xx_hal_uart.o
                0x0000000008001a48                HAL_UART_Init
 .text.HAL_UART_Transmit
                0x0000000008001ae2      0x132 Drivers/STM32F4xx_HAL_Driver/Src/stm32f4xx_hal_uart.o
                0x0000000008001ae2                HAL_UART_Transmit
 .text.HAL_UART_Receive
                0x0000000008001c14      0x14c Drivers/STM32F4xx_HAL_Driver/Src/stm32f4xx_hal_uart.o
                0x0000000008001c14                HAL_UART_Receive
 .text.HAL_UART_Transmit_IT
                0x0000000008001d60       0x8a Drivers/STM32F4xx_HAL_Driver/Src/stm32f4xx_hal_uart.o
                0x0000000008001d60                HAL_UART_Transmit_IT
 .text.HAL_UART_Receive_IT
                0x0000000008001dea       0xaa Drivers/STM32F4xx_HAL_Driver/Src/stm32f4xx_hal_uart.o
                0x0000000008001dea                HAL_UART_Receive_IT
 .text.HAL_UART_Transmit_DMA
                0x0000000008001e94       0xd8 Drivers/STM32F4xx_HAL_Driver/Src/stm32f4xx_hal_uart.o
                0x0000000008001e94                HAL_UART_Transmit_DMA
 .text.HAL_UART_Receive_DMA
                0x0000000008001f6c      0x100 Drivers/STM32F4xx_HAL_Driver/Src/stm32f4xx_hal_uart.o
                0x0000000008001f6c                HAL_UART_Receive_DMA
 .text.HAL_UART_IRQHandler
                0x000000000800206c      0x1f8 Drivers/STM32F4xx_HAL_Driver/Src/stm32f4xx_hal_uart.o
                0x000000000800206c                HAL_UART_IRQHandler
 .text.HAL_UART_TxCpltCallback
                0x0000000008002264       0x14 Drivers/STM32F4xx_HAL_Driver/Src/stm32f4xx_hal_uart.o
                0x0000000008002264                HAL_UART_TxCpltCallback
 .text.HAL_UART_TxHalfCpltCallback
                0x0000000008002278       0x14 Drivers/STM32F4xx_HAL_Driver/Src/stm32f4xx_hal_uart.o
                0x0000000008002278                HAL_UART_TxHalfCpltCallback
 .text.HAL_UART_ErrorCallback
                0x000000000800228c       0x14 Drivers/STM32F4xx_HAL_Driver/Src/stm32f4xx_hal_uart.o
                0x000000000800228c                HAL_UART_ErrorCallback
 .text.UART_DMATransmitCplt
                0x00000000080022a0       0x52 Drivers/STM32F4xx_HAL_Driver/Src/stm32f4xx_hal_uart.o
 .text.UART_DMATxHalfCplt
                0x00000000080022f2       0x1c Drivers/STM32F4xx_HAL_Driver/Src/stm32f4xx_hal_uart.o
 .text.UART_DMAReceiveCplt
                0x000000000800230e       0x68 Drivers/STM32F4xx_HAL_Driver/Src/stm32f4xx_hal_uart.o
 .text.UART_DMARxHalfCplt
                0x0000000008002376       0x1c Drivers/STM32F4xx_HAL_Driver/Src/stm32f4xx_hal_uart.o
 .text.UART_DMAError
                0x0000000008002392       0x94 Drivers/STM32F4xx_HAL_Driver/Src/stm32f4xx_hal_uart.o
 .text.UART_WaitOnFlagUntilTimeout
                0x0000000008002426       0x94 Drivers/STM32F4xx_HAL_Driver/Src/stm32f4xx_hal_uart.o
 .text.UART_EndTxTransfer
                0x00000000080024ba       0x2c Drivers/STM32F4xx_HAL_Driver/Src/stm32f4xx_hal_uart.o
 .text.UART_EndRxTransfer
                0x00000000080024e6       0x3c Drivers/STM32F4xx_HAL_Driver/Src/stm32f4xx_hal_uart.o
 .text.UART_DMAAbortOnError
                0x0000000008002522       0x28 Drivers/STM32F4xx_HAL_Driver/Src/stm32f4xx_hal_uart.o
 .text.UART_Transmit_IT
                0x000000000800254a       0xac Drivers/STM32F4xx_HAL_Driver/Src/stm32f4xx_hal_uart.o
 .text.UART_EndTransmit_IT
                0x00000000080025f6       0x30 Drivers/STM32F4xx_HAL_Driver/Src/stm32f4xx_hal_uart.o
 .text.UART_Receive_IT
                0x0000000008002626      0x102 Drivers/STM32F4xx_HAL_Driver/Src/stm32f4xx_hal_uart.o
 .text.UART_SetConfig
                0x0000000008002728      0x414 Drivers/STM32F4xx_HAL_Driver/Src/stm32f4xx_hal_uart.o
 .text._ZnwjPv  0x0000000008002b3c       0x18 Src/CppFile/CUart/CRelateOfHandleAndCUart.o
                0x0000000008002b3c                operator new(unsigned int, void*)
 .text._ZNSt15_Rb_tree_headerC2Ev
                0x0000000008002b54       0x1e Src/CppFile/CUart/CRelateOfHandleAndCUart.o
                0x0000000008002b54                std::_Rb_tree_header::_Rb_tree_header()
                0x0000000008002b54                std::_Rb_tree_header::_Rb_tree_header()
 .text._ZNSt15_Rb_tree_header8_M_resetEv
                0x0000000008002b72       0x2c Src/CppFile/CUart/CRelateOfHandleAndCUart.o
                0x0000000008002b72                std::_Rb_tree_header::_M_reset()
 .text._ZNSt8_Rb_treeIP20__UART_HandleTypeDefSt4pairIKS1_PN3wyz5CUartEESt10_Select1stIS7_ESt4lessIS1_ESaIS7_EE13_Rb_tree_implISB_Lb1EEC2Ev
                0x0000000008002b9e       0x2a Src/CppFile/CUart/CRelateOfHandleAndCUart.o
                0x0000000008002b9e                std::_Rb_tree<__UART_HandleTypeDef*, std::pair<__UART_HandleTypeDef* const, wyz::CUart*>, std::_Select1st<std::pair<__UART_HandleTypeDef* const, wyz::CUart*> >, std::less<__UART_HandleTypeDef*>, std::allocator<std::pair<__UART_HandleTypeDef* const, wyz::CUart*> > >::_Rb_tree_impl<std::less<__UART_HandleTypeDef*>, true>::_Rb_tree_impl()
                0x0000000008002b9e                std::_Rb_tree<__UART_HandleTypeDef*, std::pair<__UART_HandleTypeDef* const, wyz::CUart*>, std::_Select1st<std::pair<__UART_HandleTypeDef* const, wyz::CUart*> >, std::less<__UART_HandleTypeDef*>, std::allocator<std::pair<__UART_HandleTypeDef* const, wyz::CUart*> > >::_Rb_tree_impl<std::less<__UART_HandleTypeDef*>, true>::_Rb_tree_impl()
 .text._ZNSt8_Rb_treeIP20__UART_HandleTypeDefSt4pairIKS1_PN3wyz5CUartEESt10_Select1stIS7_ESt4lessIS1_ESaIS7_EEC2Ev
                0x0000000008002bc8       0x1a Src/CppFile/CUart/CRelateOfHandleAndCUart.o
                0x0000000008002bc8                std::_Rb_tree<__UART_HandleTypeDef*, std::pair<__UART_HandleTypeDef* const, wyz::CUart*>, std::_Select1st<std::pair<__UART_HandleTypeDef* const, wyz::CUart*> >, std::less<__UART_HandleTypeDef*>, std::allocator<std::pair<__UART_HandleTypeDef* const, wyz::CUart*> > >::_Rb_tree()
                0x0000000008002bc8                std::_Rb_tree<__UART_HandleTypeDef*, std::pair<__UART_HandleTypeDef* const, wyz::CUart*>, std::_Select1st<std::pair<__UART_HandleTypeDef* const, wyz::CUart*> >, std::less<__UART_HandleTypeDef*>, std::allocator<std::pair<__UART_HandleTypeDef* const, wyz::CUart*> > >::_Rb_tree()
 .text._ZNSt3mapIP20__UART_HandleTypeDefPN3wyz5CUartESt4lessIS1_ESaISt4pairIKS1_S4_EEEC2Ev
                0x0000000008002be2       0x1a Src/CppFile/CUart/CRelateOfHandleAndCUart.o
                0x0000000008002be2                std::map<__UART_HandleTypeDef*, wyz::CUart*, std::less<__UART_HandleTypeDef*>, std::allocator<std::pair<__UART_HandleTypeDef* const, wyz::CUart*> > >::map()
                0x0000000008002be2                std::map<__UART_HandleTypeDef*, wyz::CUart*, std::less<__UART_HandleTypeDef*>, std::allocator<std::pair<__UART_HandleTypeDef* const, wyz::CUart*> > >::map()
 .text._ZN3wyz23CRelateOfHandleAndCUartC2Ev
                0x0000000008002bfc       0x1a Src/CppFile/CUart/CRelateOfHandleAndCUart.o
                0x0000000008002bfc                wyz::CRelateOfHandleAndCUart::CRelateOfHandleAndCUart()
                0x0000000008002bfc                wyz::CRelateOfHandleAndCUart::CRelateOfHandleAndCUart()
 .text._ZN3wyz23CRelateOfHandleAndCUart3AddEPNS_5CUartEP20__UART_HandleTypeDef
                0x0000000008002c16       0x26 Src/CppFile/CUart/CRelateOfHandleAndCUart.o
                0x0000000008002c16                wyz::CRelateOfHandleAndCUart::Add(wyz::CUart*, __UART_HandleTypeDef*)
 .text._ZN3wyz23CRelateOfHandleAndCUart6ExistsEP20__UART_HandleTypeDef
                0x0000000008002c3c       0x2a Src/CppFile/CUart/CRelateOfHandleAndCUart.o
                0x0000000008002c3c                wyz::CRelateOfHandleAndCUart::Exists(__UART_HandleTypeDef*)
 .text._ZN3wyz23CRelateOfHandleAndCUart3GetEP20__UART_HandleTypeDef
                0x0000000008002c66       0x42 Src/CppFile/CUart/CRelateOfHandleAndCUart.o
                0x0000000008002c66                wyz::CRelateOfHandleAndCUart::Get(__UART_HandleTypeDef*)
 .text._ZNSaISt13_Rb_tree_nodeISt4pairIKP20__UART_HandleTypeDefPN3wyz5CUartEEEEC2Ev
                0x0000000008002ca8       0x18 Src/CppFile/CUart/CRelateOfHandleAndCUart.o
                0x0000000008002ca8                std::allocator<std::_Rb_tree_node<std::pair<__UART_HandleTypeDef* const, wyz::CUart*> > >::allocator()
                0x0000000008002ca8                std::allocator<std::_Rb_tree_node<std::pair<__UART_HandleTypeDef* const, wyz::CUart*> > >::allocator()
 .text._ZNSt20_Rb_tree_key_compareISt4lessIP20__UART_HandleTypeDefEEC2Ev
                0x0000000008002cc0       0x16 Src/CppFile/CUart/CRelateOfHandleAndCUart.o
                0x0000000008002cc0                std::_Rb_tree_key_compare<std::less<__UART_HandleTypeDef*> >::_Rb_tree_key_compare()
                0x0000000008002cc0                std::_Rb_tree_key_compare<std::less<__UART_HandleTypeDef*> >::_Rb_tree_key_compare()
 .text._ZNSt5tupleIJRKP20__UART_HandleTypeDefEEC2IvLb1EEES3_
                0x0000000008002cd6       0x1e Src/CppFile/CUart/CRelateOfHandleAndCUart.o
                0x0000000008002cd6                std::tuple<__UART_HandleTypeDef* const&>::tuple<void, true>(__UART_HandleTypeDef* const&)
                0x0000000008002cd6                std::tuple<__UART_HandleTypeDef* const&>::tuple<void, true>(__UART_HandleTypeDef* const&)
 .text._ZNSt11_Tuple_implILj0EJRKP20__UART_HandleTypeDefEEC2ES3_
                0x0000000008002cf4       0x1e Src/CppFile/CUart/CRelateOfHandleAndCUart.o
                0x0000000008002cf4                std::_Tuple_impl<0u, __UART_HandleTypeDef* const&>::_Tuple_impl(__UART_HandleTypeDef* const&)
                0x0000000008002cf4                std::_Tuple_impl<0u, __UART_HandleTypeDef* const&>::_Tuple_impl(__UART_HandleTypeDef* const&)
 .text._ZNSt10_Head_baseILj0ERKP20__UART_HandleTypeDefLb0EEC2ES3_
                0x0000000008002d12       0x1e Src/CppFile/CUart/CRelateOfHandleAndCUart.o
                0x0000000008002d12                std::_Head_base<0u, __UART_HandleTypeDef* const&, false>::_Head_base(__UART_HandleTypeDef* const&)
                0x0000000008002d12                std::_Head_base<0u, __UART_HandleTypeDef* const&, false>::_Head_base(__UART_HandleTypeDef* const&)
 .text._ZNSt3mapIP20__UART_HandleTypeDefPN3wyz5CUartESt4lessIS1_ESaISt4pairIKS1_S4_EEEixERS8_
                0x0000000008002d30       0xb8 Src/CppFile/CUart/CRelateOfHandleAndCUart.o
                0x0000000008002d30                std::map<__UART_HandleTypeDef*, wyz::CUart*, std::less<__UART_HandleTypeDef*>, std::allocator<std::pair<__UART_HandleTypeDef* const, wyz::CUart*> > >::operator[](__UART_HandleTypeDef* const&)
 .text._ZNKSt3mapIP20__UART_HandleTypeDefPN3wyz5CUartESt4lessIS1_ESaISt4pairIKS1_S4_EEE5countERS8_
                0x0000000008002de8       0x48 Src/CppFile/CUart/CRelateOfHandleAndCUart.o
                0x0000000008002de8                std::map<__UART_HandleTypeDef*, wyz::CUart*, std::less<__UART_HandleTypeDef*>, std::allocator<std::pair<__UART_HandleTypeDef* const, wyz::CUart*> > >::count(__UART_HandleTypeDef* const&) const
 .text._ZN9__gnu_cxx13new_allocatorISt13_Rb_tree_nodeISt4pairIKP20__UART_HandleTypeDefPN3wyz5CUartEEEEC2Ev
                0x0000000008002e30       0x16 Src/CppFile/CUart/CRelateOfHandleAndCUart.o
                0x0000000008002e30                __gnu_cxx::new_allocator<std::_Rb_tree_node<std::pair<__UART_HandleTypeDef* const, wyz::CUart*> > >::new_allocator()
                0x0000000008002e30                __gnu_cxx::new_allocator<std::_Rb_tree_node<std::pair<__UART_HandleTypeDef* const, wyz::CUart*> > >::new_allocator()
 .text._ZNSt8_Rb_treeIP20__UART_HandleTypeDefSt4pairIKS1_PN3wyz5CUartEESt10_Select1stIS7_ESt4lessIS1_ESaIS7_EE8_M_beginEv
                0x0000000008002e46       0x18 Src/CppFile/CUart/CRelateOfHandleAndCUart.o
                0x0000000008002e46                std::_Rb_tree<__UART_HandleTypeDef*, std::pair<__UART_HandleTypeDef* const, wyz::CUart*>, std::_Select1st<std::pair<__UART_HandleTypeDef* const, wyz::CUart*> >, std::less<__UART_HandleTypeDef*>, std::allocator<std::pair<__UART_HandleTypeDef* const, wyz::CUart*> > >::_M_begin()
 .text._ZNSt3mapIP20__UART_HandleTypeDefPN3wyz5CUartESt4lessIS1_ESaISt4pairIKS1_S4_EEE11lower_boundERS8_
                0x0000000008002e5e       0x1e Src/CppFile/CUart/CRelateOfHandleAndCUart.o
                0x0000000008002e5e                std::map<__UART_HandleTypeDef*, wyz::CUart*, std::less<__UART_HandleTypeDef*>, std::allocator<std::pair<__UART_HandleTypeDef* const, wyz::CUart*> > >::lower_bound(__UART_HandleTypeDef* const&)
 .text._ZNSt3mapIP20__UART_HandleTypeDefPN3wyz5CUartESt4lessIS1_ESaISt4pairIKS1_S4_EEE3endEv
                0x0000000008002e7c       0x1a Src/CppFile/CUart/CRelateOfHandleAndCUart.o
                0x0000000008002e7c                std::map<__UART_HandleTypeDef*, wyz::CUart*, std::less<__UART_HandleTypeDef*>, std::allocator<std::pair<__UART_HandleTypeDef* const, wyz::CUart*> > >::end()
 .text._ZNKSt17_Rb_tree_iteratorISt4pairIKP20__UART_HandleTypeDefPN3wyz5CUartEEEeqERKS8_
                0x0000000008002e96       0x28 Src/CppFile/CUart/CRelateOfHandleAndCUart.o
                0x0000000008002e96                std::_Rb_tree_iterator<std::pair<__UART_HandleTypeDef* const, wyz::CUart*> >::operator==(std::_Rb_tree_iterator<std::pair<__UART_HandleTypeDef* const, wyz::CUart*> > const&) const
 .text._ZNKSt3mapIP20__UART_HandleTypeDefPN3wyz5CUartESt4lessIS1_ESaISt4pairIKS1_S4_EEE8key_compEv
                0x0000000008002ebe       0x1a Src/CppFile/CUart/CRelateOfHandleAndCUart.o
                0x0000000008002ebe                std::map<__UART_HandleTypeDef*, wyz::CUart*, std::less<__UART_HandleTypeDef*>, std::allocator<std::pair<__UART_HandleTypeDef* const, wyz::CUart*> > >::key_comp() const
 .text._ZNKSt17_Rb_tree_iteratorISt4pairIKP20__UART_HandleTypeDefPN3wyz5CUartEEEdeEv
                0x0000000008002ed8       0x1c Src/CppFile/CUart/CRelateOfHandleAndCUart.o
                0x0000000008002ed8                std::_Rb_tree_iterator<std::pair<__UART_HandleTypeDef* const, wyz::CUart*> >::operator*() const
 .text._ZNKSt4lessIP20__UART_HandleTypeDefEclERKS1_S4_
                0x0000000008002ef4       0x2a Src/CppFile/CUart/CRelateOfHandleAndCUart.o
                0x0000000008002ef4                std::less<__UART_HandleTypeDef*>::operator()(__UART_HandleTypeDef* const&, __UART_HandleTypeDef* const&) const
 .text._ZNSt23_Rb_tree_const_iteratorISt4pairIKP20__UART_HandleTypeDefPN3wyz5CUartEEEC2ERKSt17_Rb_tree_iteratorIS7_E
                0x0000000008002f1e       0x20 Src/CppFile/CUart/CRelateOfHandleAndCUart.o
                0x0000000008002f1e                std::_Rb_tree_const_iterator<std::pair<__UART_HandleTypeDef* const, wyz::CUart*> >::_Rb_tree_const_iterator(std::_Rb_tree_iterator<std::pair<__UART_HandleTypeDef* const, wyz::CUart*> > const&)
                0x0000000008002f1e                std::_Rb_tree_const_iterator<std::pair<__UART_HandleTypeDef* const, wyz::CUart*> >::_Rb_tree_const_iterator(std::_Rb_tree_iterator<std::pair<__UART_HandleTypeDef* const, wyz::CUart*> > const&)
 .text._ZSt7forwardIRKSt21piecewise_construct_tEOT_RNSt16remove_referenceIS3_E4typeE
                0x0000000008002f3e       0x16 Src/CppFile/CUart/CRelateOfHandleAndCUart.o
                0x0000000008002f3e                std::piecewise_construct_t const& std::forward<std::piecewise_construct_t const&>(std::remove_reference<std::piecewise_construct_t const&>::type&)
 .text._ZSt7forwardISt5tupleIJRKP20__UART_HandleTypeDefEEEOT_RNSt16remove_referenceIS6_E4typeE
                0x0000000008002f54       0x16 Src/CppFile/CUart/CRelateOfHandleAndCUart.o
                0x0000000008002f54                std::tuple<__UART_HandleTypeDef* const&>&& std::forward<std::tuple<__UART_HandleTypeDef* const&> >(std::remove_reference<std::tuple<__UART_HandleTypeDef* const&> >::type&)
 .text._ZSt7forwardISt5tupleIJEEEOT_RNSt16remove_referenceIS2_E4typeE
                0x0000000008002f6a       0x16 Src/CppFile/CUart/CRelateOfHandleAndCUart.o
                0x0000000008002f6a                std::tuple<>&& std::forward<std::tuple<> >(std::remove_reference<std::tuple<> >::type&)
 .text._ZNSt8_Rb_treeIP20__UART_HandleTypeDefSt4pairIKS1_PN3wyz5CUartEESt10_Select1stIS7_ESt4lessIS1_ESaIS7_EE22_M_emplace_hint_uniqueIJRKSt21piecewise_construct_tSt5tupleIJRS3_EESI_IJEEEEESt17_Rb_tree_iteratorIS7_ESt23_Rb_tree_const_iteratorIS7_EDpOT_
                0x0000000008002f80       0x7c Src/CppFile/CUart/CRelateOfHandleAndCUart.o
                0x0000000008002f80                std::_Rb_tree_iterator<std::pair<__UART_HandleTypeDef* const, wyz::CUart*> > std::_Rb_tree<__UART_HandleTypeDef*, std::pair<__UART_HandleTypeDef* const, wyz::CUart*>, std::_Select1st<std::pair<__UART_HandleTypeDef* const, wyz::CUart*> >, std::less<__UART_HandleTypeDef*>, std::allocator<std::pair<__UART_HandleTypeDef* const, wyz::CUart*> > >::_M_emplace_hint_unique<std::piecewise_construct_t const&, std::tuple<__UART_HandleTypeDef* const&>, std::tuple<> >(std::_Rb_tree_const_iterator<std::pair<__UART_HandleTypeDef* const, wyz::CUart*> >, std::piecewise_construct_t const&, std::tuple<__UART_HandleTypeDef* const&>&&, std::tuple<>&&)
 .text._ZNKSt8_Rb_treeIP20__UART_HandleTypeDefSt4pairIKS1_PN3wyz5CUartEESt10_Select1stIS7_ESt4lessIS1_ESaIS7_EE4findERS3_
                0x0000000008002ffc       0x78 Src/CppFile/CUart/CRelateOfHandleAndCUart.o
                0x0000000008002ffc                std::_Rb_tree<__UART_HandleTypeDef*, std::pair<__UART_HandleTypeDef* const, wyz::CUart*>, std::_Select1st<std::pair<__UART_HandleTypeDef* const, wyz::CUart*> >, std::less<__UART_HandleTypeDef*>, std::allocator<std::pair<__UART_HandleTypeDef* const, wyz::CUart*> > >::find(__UART_HandleTypeDef* const&) const
 .text._ZNKSt8_Rb_treeIP20__UART_HandleTypeDefSt4pairIKS1_PN3wyz5CUartEESt10_Select1stIS7_ESt4lessIS1_ESaIS7_EE3endEv
                0x0000000008003074       0x22 Src/CppFile/CUart/CRelateOfHandleAndCUart.o
                0x0000000008003074                std::_Rb_tree<__UART_HandleTypeDef*, std::pair<__UART_HandleTypeDef* const, wyz::CUart*>, std::_Select1st<std::pair<__UART_HandleTypeDef* const, wyz::CUart*> >, std::less<__UART_HandleTypeDef*>, std::allocator<std::pair<__UART_HandleTypeDef* const, wyz::CUart*> > >::end() const
 .text._ZNKSt23_Rb_tree_const_iteratorISt4pairIKP20__UART_HandleTypeDefPN3wyz5CUartEEEeqERKS8_
                0x0000000008003096       0x28 Src/CppFile/CUart/CRelateOfHandleAndCUart.o
                0x0000000008003096                std::_Rb_tree_const_iterator<std::pair<__UART_HandleTypeDef* const, wyz::CUart*> >::operator==(std::_Rb_tree_const_iterator<std::pair<__UART_HandleTypeDef* const, wyz::CUart*> > const&) const
 .text._ZNSt8_Rb_treeIP20__UART_HandleTypeDefSt4pairIKS1_PN3wyz5CUartEESt10_Select1stIS7_ESt4lessIS1_ESaIS7_EE8_S_rightEPSt18_Rb_tree_node_base
                0x00000000080030be       0x18 Src/CppFile/CUart/CRelateOfHandleAndCUart.o
                0x00000000080030be                std::_Rb_tree<__UART_HandleTypeDef*, std::pair<__UART_HandleTypeDef* const, wyz::CUart*>, std::_Select1st<std::pair<__UART_HandleTypeDef* const, wyz::CUart*> >, std::less<__UART_HandleTypeDef*>, std::allocator<std::pair<__UART_HandleTypeDef* const, wyz::CUart*> > >::_S_right(std::_Rb_tree_node_base*)
 .text._ZNSt8_Rb_treeIP20__UART_HandleTypeDefSt4pairIKS1_PN3wyz5CUartEESt10_Select1stIS7_ESt4lessIS1_ESaIS7_EE7_S_leftEPSt18_Rb_tree_node_base
                0x00000000080030d6       0x18 Src/CppFile/CUart/CRelateOfHandleAndCUart.o
                0x00000000080030d6                std::_Rb_tree<__UART_HandleTypeDef*, std::pair<__UART_HandleTypeDef* const, wyz::CUart*>, std::_Select1st<std::pair<__UART_HandleTypeDef* const, wyz::CUart*> >, std::less<__UART_HandleTypeDef*>, std::allocator<std::pair<__UART_HandleTypeDef* const, wyz::CUart*> > >::_S_left(std::_Rb_tree_node_base*)
 .text._ZNSt8_Rb_treeIP20__UART_HandleTypeDefSt4pairIKS1_PN3wyz5CUartEESt10_Select1stIS7_ESt4lessIS1_ESaIS7_EE12_M_drop_nodeEPSt13_Rb_tree_nodeIS7_E
                0x00000000080030ee       0x22 Src/CppFile/CUart/CRelateOfHandleAndCUart.o
                0x00000000080030ee                std::_Rb_tree<__UART_HandleTypeDef*, std::pair<__UART_HandleTypeDef* const, wyz::CUart*>, std::_Select1st<std::pair<__UART_HandleTypeDef* const, wyz::CUart*> >, std::less<__UART_HandleTypeDef*>, std::allocator<std::pair<__UART_HandleTypeDef* const, wyz::CUart*> > >::_M_drop_node(std::_Rb_tree_node<std::pair<__UART_HandleTypeDef* const, wyz::CUart*> >*)
 .text._ZNSt8_Rb_treeIP20__UART_HandleTypeDefSt4pairIKS1_PN3wyz5CUartEESt10_Select1stIS7_ESt4lessIS1_ESaIS7_EE11lower_boundERS3_
                0x0000000008003110       0x2e Src/CppFile/CUart/CRelateOfHandleAndCUart.o
                0x0000000008003110                std::_Rb_tree<__UART_HandleTypeDef*, std::pair<__UART_HandleTypeDef* const, wyz::CUart*>, std::_Select1st<std::pair<__UART_HandleTypeDef* const, wyz::CUart*> >, std::less<__UART_HandleTypeDef*>, std::allocator<std::pair<__UART_HandleTypeDef* const, wyz::CUart*> > >::lower_bound(__UART_HandleTypeDef* const&)
 .text._ZNSt8_Rb_treeIP20__UART_HandleTypeDefSt4pairIKS1_PN3wyz5CUartEESt10_Select1stIS7_ESt4lessIS1_ESaIS7_EE3endEv
                0x000000000800313e       0x22 Src/CppFile/CUart/CRelateOfHandleAndCUart.o
                0x000000000800313e                std::_Rb_tree<__UART_HandleTypeDef*, std::pair<__UART_HandleTypeDef* const, wyz::CUart*>, std::_Select1st<std::pair<__UART_HandleTypeDef* const, wyz::CUart*> >, std::less<__UART_HandleTypeDef*>, std::allocator<std::pair<__UART_HandleTypeDef* const, wyz::CUart*> > >::end()
 .text._ZNKSt8_Rb_treeIP20__UART_HandleTypeDefSt4pairIKS1_PN3wyz5CUartEESt10_Select1stIS7_ESt4lessIS1_ESaIS7_EE8key_compEv
                0x0000000008003160       0x14 Src/CppFile/CUart/CRelateOfHandleAndCUart.o
                0x0000000008003160                std::_Rb_tree<__UART_HandleTypeDef*, std::pair<__UART_HandleTypeDef* const, wyz::CUart*>, std::_Select1st<std::pair<__UART_HandleTypeDef* const, wyz::CUart*> >, std::less<__UART_HandleTypeDef*>, std::allocator<std::pair<__UART_HandleTypeDef* const, wyz::CUart*> > >::key_comp() const
 .text._ZNSt13_Rb_tree_nodeISt4pairIKP20__UART_HandleTypeDefPN3wyz5CUartEEE9_M_valptrEv
                0x0000000008003174       0x1c Src/CppFile/CUart/CRelateOfHandleAndCUart.o
                0x0000000008003174                std::_Rb_tree_node<std::pair<__UART_HandleTypeDef* const, wyz::CUart*> >::_M_valptr()
 .text._ZNSt8_Rb_treeIP20__UART_HandleTypeDefSt4pairIKS1_PN3wyz5CUartEESt10_Select1stIS7_ESt4lessIS1_ESaIS7_EE14_M_create_nodeIJRKSt21piecewise_construct_tSt5tupleIJRS3_EESI_IJEEEEEPSt13_Rb_tree_nodeIS7_EDpOT_
                0x0000000008003190       0x46 Src/CppFile/CUart/CRelateOfHandleAndCUart.o
                0x0000000008003190                std::_Rb_tree_node<std::pair<__UART_HandleTypeDef* const, wyz::CUart*> >* std::_Rb_tree<__UART_HandleTypeDef*, std::pair<__UART_HandleTypeDef* const, wyz::CUart*>, std::_Select1st<std::pair<__UART_HandleTypeDef* const, wyz::CUart*> >, std::less<__UART_HandleTypeDef*>, std::allocator<std::pair<__UART_HandleTypeDef* const, wyz::CUart*> > >::_M_create_node<std::piecewise_construct_t const&, std::tuple<__UART_HandleTypeDef* const&>, std::tuple<> >(std::piecewise_construct_t const&, std::tuple<__UART_HandleTypeDef* const&>&&, std::tuple<>&&)
 .text._ZNSt4pairIPSt18_Rb_tree_node_baseS1_EC2IRS1_Lb1EEERKS1_OT_
                0x00000000080031d6       0x2c Src/CppFile/CUart/CRelateOfHandleAndCUart.o
                0x00000000080031d6                std::pair<std::_Rb_tree_node_base*, std::_Rb_tree_node_base*>::pair<std::_Rb_tree_node_base*&, true>(std::_Rb_tree_node_base* const&, std::_Rb_tree_node_base*&)
                0x00000000080031d6                std::pair<std::_Rb_tree_node_base*, std::_Rb_tree_node_base*>::pair<std::_Rb_tree_node_base*&, true>(std::_Rb_tree_node_base* const&, std::_Rb_tree_node_base*&)
 .text._ZSt7forwardIRPSt18_Rb_tree_node_baseEOT_RNSt16remove_referenceIS3_E4typeE
                0x0000000008003202       0x16 Src/CppFile/CUart/CRelateOfHandleAndCUart.o
                0x0000000008003202                std::_Rb_tree_node_base*& std::forward<std::_Rb_tree_node_base*&>(std::remove_reference<std::_Rb_tree_node_base*&>::type&)
 .text._ZNSt4pairIPSt18_Rb_tree_node_baseS1_EC2IRS1_S4_Lb1EEEOT_OT0_
                0x0000000008003218       0x32 Src/CppFile/CUart/CRelateOfHandleAndCUart.o
                0x0000000008003218                std::pair<std::_Rb_tree_node_base*, std::_Rb_tree_node_base*>::pair<std::_Rb_tree_node_base*&, std::_Rb_tree_node_base*&, true>(std::_Rb_tree_node_base*&, std::_Rb_tree_node_base*&)
                0x0000000008003218                std::pair<std::_Rb_tree_node_base*, std::_Rb_tree_node_base*>::pair<std::_Rb_tree_node_base*&, std::_Rb_tree_node_base*&, true>(std::_Rb_tree_node_base*&, std::_Rb_tree_node_base*&)
 .text._ZNSt4pairIPSt18_Rb_tree_node_baseS1_EC2IRS1_Lb1EEEOT_RKS1_
                0x000000000800324a       0x2c Src/CppFile/CUart/CRelateOfHandleAndCUart.o
                0x000000000800324a                std::pair<std::_Rb_tree_node_base*, std::_Rb_tree_node_base*>::pair<std::_Rb_tree_node_base*&, true>(std::_Rb_tree_node_base*&, std::_Rb_tree_node_base* const&)
                0x000000000800324a                std::pair<std::_Rb_tree_node_base*, std::_Rb_tree_node_base*>::pair<std::_Rb_tree_node_base*&, true>(std::_Rb_tree_node_base*&, std::_Rb_tree_node_base* const&)
 .text._ZNSt8_Rb_treeIP20__UART_HandleTypeDefSt4pairIKS1_PN3wyz5CUartEESt10_Select1stIS7_ESt4lessIS1_ESaIS7_EE29_M_get_insert_hint_unique_posESt23_Rb_tree_const_iteratorIS7_ERS3_
                0x0000000008003276      0x246 Src/CppFile/CUart/CRelateOfHandleAndCUart.o
                0x0000000008003276                std::_Rb_tree<__UART_HandleTypeDef*, std::pair<__UART_HandleTypeDef* const, wyz::CUart*>, std::_Select1st<std::pair<__UART_HandleTypeDef* const, wyz::CUart*> >, std::less<__UART_HandleTypeDef*>, std::allocator<std::pair<__UART_HandleTypeDef* const, wyz::CUart*> > >::_M_get_insert_hint_unique_pos(std::_Rb_tree_const_iterator<std::pair<__UART_HandleTypeDef* const, wyz::CUart*> >, __UART_HandleTypeDef* const&)
 .text._ZNSt8_Rb_treeIP20__UART_HandleTypeDefSt4pairIKS1_PN3wyz5CUartEESt10_Select1stIS7_ESt4lessIS1_ESaIS7_EE6_S_keyEPKSt13_Rb_tree_nodeIS7_E
                0x00000000080034bc       0x26 Src/CppFile/CUart/CRelateOfHandleAndCUart.o
                0x00000000080034bc                std::_Rb_tree<__UART_HandleTypeDef*, std::pair<__UART_HandleTypeDef* const, wyz::CUart*>, std::_Select1st<std::pair<__UART_HandleTypeDef* const, wyz::CUart*> >, std::less<__UART_HandleTypeDef*>, std::allocator<std::pair<__UART_HandleTypeDef* const, wyz::CUart*> > >::_S_key(std::_Rb_tree_node<std::pair<__UART_HandleTypeDef* const, wyz::CUart*> > const*)
 .text._ZNSt8_Rb_treeIP20__UART_HandleTypeDefSt4pairIKS1_PN3wyz5CUartEESt10_Select1stIS7_ESt4lessIS1_ESaIS7_EE14_M_insert_nodeEPSt18_Rb_tree_node_baseSF_PSt13_Rb_tree_nodeIS7_E
                0x00000000080034e2       0x7a Src/CppFile/CUart/CRelateOfHandleAndCUart.o
                0x00000000080034e2                std::_Rb_tree<__UART_HandleTypeDef*, std::pair<__UART_HandleTypeDef* const, wyz::CUart*>, std::_Select1st<std::pair<__UART_HandleTypeDef* const, wyz::CUart*> >, std::less<__UART_HandleTypeDef*>, std::allocator<std::pair<__UART_HandleTypeDef* const, wyz::CUart*> > >::_M_insert_node(std::_Rb_tree_node_base*, std::_Rb_tree_node_base*, std::_Rb_tree_node<std::pair<__UART_HandleTypeDef* const, wyz::CUart*> >*)
 .text._ZNSt17_Rb_tree_iteratorISt4pairIKP20__UART_HandleTypeDefPN3wyz5CUartEEEC2EPSt18_Rb_tree_node_base
                0x000000000800355c       0x1e Src/CppFile/CUart/CRelateOfHandleAndCUart.o
                0x000000000800355c                std::_Rb_tree_iterator<std::pair<__UART_HandleTypeDef* const, wyz::CUart*> >::_Rb_tree_iterator(std::_Rb_tree_node_base*)
                0x000000000800355c                std::_Rb_tree_iterator<std::pair<__UART_HandleTypeDef* const, wyz::CUart*> >::_Rb_tree_iterator(std::_Rb_tree_node_base*)
 .text._ZNKSt8_Rb_treeIP20__UART_HandleTypeDefSt4pairIKS1_PN3wyz5CUartEESt10_Select1stIS7_ESt4lessIS1_ESaIS7_EE8_M_beginEv
                0x000000000800357a       0x18 Src/CppFile/CUart/CRelateOfHandleAndCUart.o
                0x000000000800357a                std::_Rb_tree<__UART_HandleTypeDef*, std::pair<__UART_HandleTypeDef* const, wyz::CUart*>, std::_Select1st<std::pair<__UART_HandleTypeDef* const, wyz::CUart*> >, std::less<__UART_HandleTypeDef*>, std::allocator<std::pair<__UART_HandleTypeDef* const, wyz::CUart*> > >::_M_begin() const
 .text._ZNKSt8_Rb_treeIP20__UART_HandleTypeDefSt4pairIKS1_PN3wyz5CUartEESt10_Select1stIS7_ESt4lessIS1_ESaIS7_EE6_M_endEv
                0x0000000008003592       0x18 Src/CppFile/CUart/CRelateOfHandleAndCUart.o
                0x0000000008003592                std::_Rb_tree<__UART_HandleTypeDef*, std::pair<__UART_HandleTypeDef* const, wyz::CUart*>, std::_Select1st<std::pair<__UART_HandleTypeDef* const, wyz::CUart*> >, std::less<__UART_HandleTypeDef*>, std::allocator<std::pair<__UART_HandleTypeDef* const, wyz::CUart*> > >::_M_end() const
 .text._ZNKSt8_Rb_treeIP20__UART_HandleTypeDefSt4pairIKS1_PN3wyz5CUartEESt10_Select1stIS7_ESt4lessIS1_ESaIS7_EE14_M_lower_boundEPKSt13_Rb_tree_nodeIS7_EPKSt18_Rb_tree_node_baseRS3_
                0x00000000080035aa       0x62 Src/CppFile/CUart/CRelateOfHandleAndCUart.o
                0x00000000080035aa                std::_Rb_tree<__UART_HandleTypeDef*, std::pair<__UART_HandleTypeDef* const, wyz::CUart*>, std::_Select1st<std::pair<__UART_HandleTypeDef* const, wyz::CUart*> >, std::less<__UART_HandleTypeDef*>, std::allocator<std::pair<__UART_HandleTypeDef* const, wyz::CUart*> > >::_M_lower_bound(std::_Rb_tree_node<std::pair<__UART_HandleTypeDef* const, wyz::CUart*> > const*, std::_Rb_tree_node_base const*, __UART_HandleTypeDef* const&) const
 .text._ZNSt8_Rb_treeIP20__UART_HandleTypeDefSt4pairIKS1_PN3wyz5CUartEESt10_Select1stIS7_ESt4lessIS1_ESaIS7_EE6_S_keyEPKSt18_Rb_tree_node_base
                0x000000000800360c       0x26 Src/CppFile/CUart/CRelateOfHandleAndCUart.o
                0x000000000800360c                std::_Rb_tree<__UART_HandleTypeDef*, std::pair<__UART_HandleTypeDef* const, wyz::CUart*>, std::_Select1st<std::pair<__UART_HandleTypeDef* const, wyz::CUart*> >, std::less<__UART_HandleTypeDef*>, std::allocator<std::pair<__UART_HandleTypeDef* const, wyz::CUart*> > >::_S_key(std::_Rb_tree_node_base const*)
 .text._ZNSt23_Rb_tree_const_iteratorISt4pairIKP20__UART_HandleTypeDefPN3wyz5CUartEEEC2EPKSt18_Rb_tree_node_base
                0x0000000008003632       0x1e Src/CppFile/CUart/CRelateOfHandleAndCUart.o
                0x0000000008003632                std::_Rb_tree_const_iterator<std::pair<__UART_HandleTypeDef* const, wyz::CUart*> >::_Rb_tree_const_iterator(std::_Rb_tree_node_base const*)
                0x0000000008003632                std::_Rb_tree_const_iterator<std::pair<__UART_HandleTypeDef* const, wyz::CUart*> >::_Rb_tree_const_iterator(std::_Rb_tree_node_base const*)
 .text._ZNSt8_Rb_treeIP20__UART_HandleTypeDefSt4pairIKS1_PN3wyz5CUartEESt10_Select1stIS7_ESt4lessIS1_ESaIS7_EE15_M_destroy_nodeEPSt13_Rb_tree_nodeIS7_E
                0x0000000008003650       0x2a Src/CppFile/CUart/CRelateOfHandleAndCUart.o
                0x0000000008003650                std::_Rb_tree<__UART_HandleTypeDef*, std::pair<__UART_HandleTypeDef* const, wyz::CUart*>, std::_Select1st<std::pair<__UART_HandleTypeDef* const, wyz::CUart*> >, std::less<__UART_HandleTypeDef*>, std::allocator<std::pair<__UART_HandleTypeDef* const, wyz::CUart*> > >::_M_destroy_node(std::_Rb_tree_node<std::pair<__UART_HandleTypeDef* const, wyz::CUart*> >*)
 .text._ZNSt8_Rb_treeIP20__UART_HandleTypeDefSt4pairIKS1_PN3wyz5CUartEESt10_Select1stIS7_ESt4lessIS1_ESaIS7_EE11_M_put_nodeEPSt13_Rb_tree_nodeIS7_E
                0x000000000800367a       0x24 Src/CppFile/CUart/CRelateOfHandleAndCUart.o
                0x000000000800367a                std::_Rb_tree<__UART_HandleTypeDef*, std::pair<__UART_HandleTypeDef* const, wyz::CUart*>, std::_Select1st<std::pair<__UART_HandleTypeDef* const, wyz::CUart*> >, std::less<__UART_HandleTypeDef*>, std::allocator<std::pair<__UART_HandleTypeDef* const, wyz::CUart*> > >::_M_put_node(std::_Rb_tree_node<std::pair<__UART_HandleTypeDef* const, wyz::CUart*> >*)
 .text._ZNSt8_Rb_treeIP20__UART_HandleTypeDefSt4pairIKS1_PN3wyz5CUartEESt10_Select1stIS7_ESt4lessIS1_ESaIS7_EE6_M_endEv
                0x000000000800369e       0x18 Src/CppFile/CUart/CRelateOfHandleAndCUart.o
                0x000000000800369e                std::_Rb_tree<__UART_HandleTypeDef*, std::pair<__UART_HandleTypeDef* const, wyz::CUart*>, std::_Select1st<std::pair<__UART_HandleTypeDef* const, wyz::CUart*> >, std::less<__UART_HandleTypeDef*>, std::allocator<std::pair<__UART_HandleTypeDef* const, wyz::CUart*> > >::_M_end()
 .text._ZNSt8_Rb_treeIP20__UART_HandleTypeDefSt4pairIKS1_PN3wyz5CUartEESt10_Select1stIS7_ESt4lessIS1_ESaIS7_EE14_M_lower_boundEPSt13_Rb_tree_nodeIS7_EPSt18_Rb_tree_node_baseRS3_
                0x00000000080036b6       0x62 Src/CppFile/CUart/CRelateOfHandleAndCUart.o
                0x00000000080036b6                std::_Rb_tree<__UART_HandleTypeDef*, std::pair<__UART_HandleTypeDef* const, wyz::CUart*>, std::_Select1st<std::pair<__UART_HandleTypeDef* const, wyz::CUart*> >, std::less<__UART_HandleTypeDef*>, std::allocator<std::pair<__UART_HandleTypeDef* const, wyz::CUart*> > >::_M_lower_bound(std::_Rb_tree_node<std::pair<__UART_HandleTypeDef* const, wyz::CUart*> >*, std::_Rb_tree_node_base*, __UART_HandleTypeDef* const&)
 .text._ZN9__gnu_cxx16__aligned_membufISt4pairIKP20__UART_HandleTypeDefPN3wyz5CUartEEE6_M_ptrEv
                0x0000000008003718       0x18 Src/CppFile/CUart/CRelateOfHandleAndCUart.o
                0x0000000008003718                __gnu_cxx::__aligned_membuf<std::pair<__UART_HandleTypeDef* const, wyz::CUart*> >::_M_ptr()
 .text._ZNSt8_Rb_treeIP20__UART_HandleTypeDefSt4pairIKS1_PN3wyz5CUartEESt10_Select1stIS7_ESt4lessIS1_ESaIS7_EE11_M_get_nodeEv
                0x0000000008003730       0x22 Src/CppFile/CUart/CRelateOfHandleAndCUart.o
                0x0000000008003730                std::_Rb_tree<__UART_HandleTypeDef*, std::pair<__UART_HandleTypeDef* const, wyz::CUart*>, std::_Select1st<std::pair<__UART_HandleTypeDef* const, wyz::CUart*> >, std::less<__UART_HandleTypeDef*>, std::allocator<std::pair<__UART_HandleTypeDef* const, wyz::CUart*> > >::_M_get_node()
 .text._ZNSt8_Rb_treeIP20__UART_HandleTypeDefSt4pairIKS1_PN3wyz5CUartEESt10_Select1stIS7_ESt4lessIS1_ESaIS7_EE17_M_construct_nodeIJRKSt21piecewise_construct_tSt5tupleIJRS3_EESI_IJEEEEEvPSt13_Rb_tree_nodeIS7_EDpOT_
                0x0000000008003752       0x5a Src/CppFile/CUart/CRelateOfHandleAndCUart.o
                0x0000000008003752                void std::_Rb_tree<__UART_HandleTypeDef*, std::pair<__UART_HandleTypeDef* const, wyz::CUart*>, std::_Select1st<std::pair<__UART_HandleTypeDef* const, wyz::CUart*> >, std::less<__UART_HandleTypeDef*>, std::allocator<std::pair<__UART_HandleTypeDef* const, wyz::CUart*> > >::_M_construct_node<std::piecewise_construct_t const&, std::tuple<__UART_HandleTypeDef* const&>, std::tuple<> >(std::_Rb_tree_node<std::pair<__UART_HandleTypeDef* const, wyz::CUart*> >*, std::piecewise_construct_t const&, std::tuple<__UART_HandleTypeDef* const&>&&, std::tuple<>&&)
 .text._ZNKSt23_Rb_tree_const_iteratorISt4pairIKP20__UART_HandleTypeDefPN3wyz5CUartEEE13_M_const_castEv
                0x00000000080037ac       0x22 Src/CppFile/CUart/CRelateOfHandleAndCUart.o
                0x00000000080037ac                std::_Rb_tree_const_iterator<std::pair<__UART_HandleTypeDef* const, wyz::CUart*> >::_M_const_cast() const
 .text._ZNKSt8_Rb_treeIP20__UART_HandleTypeDefSt4pairIKS1_PN3wyz5CUartEESt10_Select1stIS7_ESt4lessIS1_ESaIS7_EE4sizeEv
                0x00000000080037ce       0x18 Src/CppFile/CUart/CRelateOfHandleAndCUart.o
                0x00000000080037ce                std::_Rb_tree<__UART_HandleTypeDef*, std::pair<__UART_HandleTypeDef* const, wyz::CUart*>, std::_Select1st<std::pair<__UART_HandleTypeDef* const, wyz::CUart*> >, std::less<__UART_HandleTypeDef*>, std::allocator<std::pair<__UART_HandleTypeDef* const, wyz::CUart*> > >::size() const
 .text._ZNSt8_Rb_treeIP20__UART_HandleTypeDefSt4pairIKS1_PN3wyz5CUartEESt10_Select1stIS7_ESt4lessIS1_ESaIS7_EE12_M_rightmostEv
                0x00000000080037e6       0x18 Src/CppFile/CUart/CRelateOfHandleAndCUart.o
                0x00000000080037e6                std::_Rb_tree<__UART_HandleTypeDef*, std::pair<__UART_HandleTypeDef* const, wyz::CUart*>, std::_Select1st<std::pair<__UART_HandleTypeDef* const, wyz::CUart*> >, std::less<__UART_HandleTypeDef*>, std::allocator<std::pair<__UART_HandleTypeDef* const, wyz::CUart*> > >::_M_rightmost()
 .text._ZNSt4pairIPSt18_Rb_tree_node_baseS1_EC2IRPSt13_Rb_tree_nodeIS_IKP20__UART_HandleTypeDefPN3wyz5CUartEEERS1_Lb1EEEOT_OT0_
                0x00000000080037fe       0x32 Src/CppFile/CUart/CRelateOfHandleAndCUart.o
                0x00000000080037fe                std::pair<std::_Rb_tree_node_base*, std::_Rb_tree_node_base*>::pair<std::_Rb_tree_node<std::pair<__UART_HandleTypeDef* const, wyz::CUart*> >*&, std::_Rb_tree_node_base*&, true>(std::_Rb_tree_node<std::pair<__UART_HandleTypeDef* const, wyz::CUart*> >*&, std::_Rb_tree_node_base*&)
                0x00000000080037fe                std::pair<std::_Rb_tree_node_base*, std::_Rb_tree_node_base*>::pair<std::_Rb_tree_node<std::pair<__UART_HandleTypeDef* const, wyz::CUart*> >*&, std::_Rb_tree_node_base*&, true>(std::_Rb_tree_node<std::pair<__UART_HandleTypeDef* const, wyz::CUart*> >*&, std::_Rb_tree_node_base*&)
 .text._ZSt7forwardIRPSt13_Rb_tree_nodeISt4pairIKP20__UART_HandleTypeDefPN3wyz5CUartEEEEOT_RNSt16remove_referenceISC_E4typeE
                0x0000000008003830       0x16 Src/CppFile/CUart/CRelateOfHandleAndCUart.o
                0x0000000008003830                std::_Rb_tree_node<std::pair<__UART_HandleTypeDef* const, wyz::CUart*> >*& std::forward<std::_Rb_tree_node<std::pair<__UART_HandleTypeDef* const, wyz::CUart*> >*&>(std::remove_reference<std::_Rb_tree_node<std::pair<__UART_HandleTypeDef* const, wyz::CUart*> >*&>::type&)
 .text._ZNSt8_Rb_treeIP20__UART_HandleTypeDefSt4pairIKS1_PN3wyz5CUartEESt10_Select1stIS7_ESt4lessIS1_ESaIS7_EE24_M_get_insert_unique_posERS3_
                0x0000000008003846      0x10a Src/CppFile/CUart/CRelateOfHandleAndCUart.o
                0x0000000008003846                std::_Rb_tree<__UART_HandleTypeDef*, std::pair<__UART_HandleTypeDef* const, wyz::CUart*>, std::_Select1st<std::pair<__UART_HandleTypeDef* const, wyz::CUart*> >, std::less<__UART_HandleTypeDef*>, std::allocator<std::pair<__UART_HandleTypeDef* const, wyz::CUart*> > >::_M_get_insert_unique_pos(__UART_HandleTypeDef* const&)
 .text._ZNSt8_Rb_treeIP20__UART_HandleTypeDefSt4pairIKS1_PN3wyz5CUartEESt10_Select1stIS7_ESt4lessIS1_ESaIS7_EE11_M_leftmostEv
                0x0000000008003950       0x18 Src/CppFile/CUart/CRelateOfHandleAndCUart.o
                0x0000000008003950                std::_Rb_tree<__UART_HandleTypeDef*, std::pair<__UART_HandleTypeDef* const, wyz::CUart*>, std::_Select1st<std::pair<__UART_HandleTypeDef* const, wyz::CUart*> >, std::less<__UART_HandleTypeDef*>, std::allocator<std::pair<__UART_HandleTypeDef* const, wyz::CUart*> > >::_M_leftmost()
 .text._ZNSt17_Rb_tree_iteratorISt4pairIKP20__UART_HandleTypeDefPN3wyz5CUartEEEmmEv
                0x0000000008003968       0x22 Src/CppFile/CUart/CRelateOfHandleAndCUart.o
                0x0000000008003968                std::_Rb_tree_iterator<std::pair<__UART_HandleTypeDef* const, wyz::CUart*> >::operator--()
 .text._ZNSt17_Rb_tree_iteratorISt4pairIKP20__UART_HandleTypeDefPN3wyz5CUartEEEppEv
                0x000000000800398a       0x22 Src/CppFile/CUart/CRelateOfHandleAndCUart.o
                0x000000000800398a                std::_Rb_tree_iterator<std::pair<__UART_HandleTypeDef* const, wyz::CUart*> >::operator++()
 .text._ZNSt8_Rb_treeIP20__UART_HandleTypeDefSt4pairIKS1_PN3wyz5CUartEESt10_Select1stIS7_ESt4lessIS1_ESaIS7_EE8_S_valueEPKSt13_Rb_tree_nodeIS7_E
                0x00000000080039ac       0x18 Src/CppFile/CUart/CRelateOfHandleAndCUart.o
                0x00000000080039ac                std::_Rb_tree<__UART_HandleTypeDef*, std::pair<__UART_HandleTypeDef* const, wyz::CUart*>, std::_Select1st<std::pair<__UART_HandleTypeDef* const, wyz::CUart*> >, std::less<__UART_HandleTypeDef*>, std::allocator<std::pair<__UART_HandleTypeDef* const, wyz::CUart*> > >::_S_value(std::_Rb_tree_node<std::pair<__UART_HandleTypeDef* const, wyz::CUart*> > const*)
 .text._ZNKSt10_Select1stISt4pairIKP20__UART_HandleTypeDefPN3wyz5CUartEEEclERKS7_
                0x00000000080039c4       0x18 Src/CppFile/CUart/CRelateOfHandleAndCUart.o
                0x00000000080039c4                std::_Select1st<std::pair<__UART_HandleTypeDef* const, wyz::CUart*> >::operator()(std::pair<__UART_HandleTypeDef* const, wyz::CUart*> const&) const
 .text._ZNSt8_Rb_treeIP20__UART_HandleTypeDefSt4pairIKS1_PN3wyz5CUartEESt10_Select1stIS7_ESt4lessIS1_ESaIS7_EE7_S_leftEPKSt18_Rb_tree_node_base
                0x00000000080039dc       0x18 Src/CppFile/CUart/CRelateOfHandleAndCUart.o
                0x00000000080039dc                std::_Rb_tree<__UART_HandleTypeDef*, std::pair<__UART_HandleTypeDef* const, wyz::CUart*>, std::_Select1st<std::pair<__UART_HandleTypeDef* const, wyz::CUart*> >, std::less<__UART_HandleTypeDef*>, std::allocator<std::pair<__UART_HandleTypeDef* const, wyz::CUart*> > >::_S_left(std::_Rb_tree_node_base const*)
 .text._ZNSt8_Rb_treeIP20__UART_HandleTypeDefSt4pairIKS1_PN3wyz5CUartEESt10_Select1stIS7_ESt4lessIS1_ESaIS7_EE8_S_rightEPKSt18_Rb_tree_node_base
                0x00000000080039f4       0x18 Src/CppFile/CUart/CRelateOfHandleAndCUart.o
                0x00000000080039f4                std::_Rb_tree<__UART_HandleTypeDef*, std::pair<__UART_HandleTypeDef* const, wyz::CUart*>, std::_Select1st<std::pair<__UART_HandleTypeDef* const, wyz::CUart*> >, std::less<__UART_HandleTypeDef*>, std::allocator<std::pair<__UART_HandleTypeDef* const, wyz::CUart*> > >::_S_right(std::_Rb_tree_node_base const*)
 .text._ZNSt8_Rb_treeIP20__UART_HandleTypeDefSt4pairIKS1_PN3wyz5CUartEESt10_Select1stIS7_ESt4lessIS1_ESaIS7_EE8_S_valueEPKSt18_Rb_tree_node_base
                0x0000000008003a0c       0x18 Src/CppFile/CUart/CRelateOfHandleAndCUart.o
                0x0000000008003a0c                std::_Rb_tree<__UART_HandleTypeDef*, std::pair<__UART_HandleTypeDef* const, wyz::CUart*>, std::_Select1st<std::pair<__UART_HandleTypeDef* const, wyz::CUart*> >, std::less<__UART_HandleTypeDef*>, std::allocator<std::pair<__UART_HandleTypeDef* const, wyz::CUart*> > >::_S_value(std::_Rb_tree_node_base const*)
 .text._ZNSt8_Rb_treeIP20__UART_HandleTypeDefSt4pairIKS1_PN3wyz5CUartEESt10_Select1stIS7_ESt4lessIS1_ESaIS7_EE21_M_get_Node_allocatorEv
                0x0000000008003a24       0x16 Src/CppFile/CUart/CRelateOfHandleAndCUart.o
                0x0000000008003a24                std::_Rb_tree<__UART_HandleTypeDef*, std::pair<__UART_HandleTypeDef* const, wyz::CUart*>, std::_Select1st<std::pair<__UART_HandleTypeDef* const, wyz::CUart*> >, std::less<__UART_HandleTypeDef*>, std::allocator<std::pair<__UART_HandleTypeDef* const, wyz::CUart*> > >::_M_get_Node_allocator()
 .text._ZNSt16allocator_traitsISaISt13_Rb_tree_nodeISt4pairIKP20__UART_HandleTypeDefPN3wyz5CUartEEEEE7destroyIS8_EEvRSA_PT_
                0x0000000008003a3a       0x1a Src/CppFile/CUart/CRelateOfHandleAndCUart.o
                0x0000000008003a3a                void std::allocator_traits<std::allocator<std::_Rb_tree_node<std::pair<__UART_HandleTypeDef* const, wyz::CUart*> > > >::destroy<std::pair<__UART_HandleTypeDef* const, wyz::CUart*> >(std::allocator<std::_Rb_tree_node<std::pair<__UART_HandleTypeDef* const, wyz::CUart*> > >&, std::pair<__UART_HandleTypeDef* const, wyz::CUart*>*)
 .text._ZNSt16allocator_traitsISaISt13_Rb_tree_nodeISt4pairIKP20__UART_HandleTypeDefPN3wyz5CUartEEEEE10deallocateERSA_PS9_j
                0x0000000008003a54       0x1e Src/CppFile/CUart/CRelateOfHandleAndCUart.o
                0x0000000008003a54                std::allocator_traits<std::allocator<std::_Rb_tree_node<std::pair<__UART_HandleTypeDef* const, wyz::CUart*> > > >::deallocate(std::allocator<std::_Rb_tree_node<std::pair<__UART_HandleTypeDef* const, wyz::CUart*> > >&, std::_Rb_tree_node<std::pair<__UART_HandleTypeDef* const, wyz::CUart*> >*, unsigned int)
 .text._ZN9__gnu_cxx16__aligned_membufISt4pairIKP20__UART_HandleTypeDefPN3wyz5CUartEEE7_M_addrEv
                0x0000000008003a72       0x16 Src/CppFile/CUart/CRelateOfHandleAndCUart.o
                0x0000000008003a72                __gnu_cxx::__aligned_membuf<std::pair<__UART_HandleTypeDef* const, wyz::CUart*> >::_M_addr()
 .text._ZNSt16allocator_traitsISaISt13_Rb_tree_nodeISt4pairIKP20__UART_HandleTypeDefPN3wyz5CUartEEEEE8allocateERSA_j
                0x0000000008003a88       0x1e Src/CppFile/CUart/CRelateOfHandleAndCUart.o
                0x0000000008003a88                std::allocator_traits<std::allocator<std::_Rb_tree_node<std::pair<__UART_HandleTypeDef* const, wyz::CUart*> > > >::allocate(std::allocator<std::_Rb_tree_node<std::pair<__UART_HandleTypeDef* const, wyz::CUart*> > >&, unsigned int)
 .text._ZNSt16allocator_traitsISaISt13_Rb_tree_nodeISt4pairIKP20__UART_HandleTypeDefPN3wyz5CUartEEEEE9constructIS8_JRKSt21piecewise_construct_tSt5tupleIJRS4_EESG_IJEEEEEvRSA_PT_DpOT0_
                0x0000000008003aa6       0x3c Src/CppFile/CUart/CRelateOfHandleAndCUart.o
                0x0000000008003aa6                void std::allocator_traits<std::allocator<std::_Rb_tree_node<std::pair<__UART_HandleTypeDef* const, wyz::CUart*> > > >::construct<std::pair<__UART_HandleTypeDef* const, wyz::CUart*>, std::piecewise_construct_t const&, std::tuple<__UART_HandleTypeDef* const&>, std::tuple<> >(std::allocator<std::_Rb_tree_node<std::pair<__UART_HandleTypeDef* const, wyz::CUart*> > >&, std::pair<__UART_HandleTypeDef* const, wyz::CUart*>*, std::piecewise_construct_t const&, std::tuple<__UART_HandleTypeDef* const&>&&, std::tuple<>&&)
 .text._ZNSt8_Rb_treeIP20__UART_HandleTypeDefSt4pairIKS1_PN3wyz5CUartEESt10_Select1stIS7_ESt4lessIS1_ESaIS7_EE5beginEv
                0x0000000008003ae2       0x22 Src/CppFile/CUart/CRelateOfHandleAndCUart.o
                0x0000000008003ae2                std::_Rb_tree<__UART_HandleTypeDef*, std::pair<__UART_HandleTypeDef* const, wyz::CUart*>, std::_Select1st<std::pair<__UART_HandleTypeDef* const, wyz::CUart*> >, std::less<__UART_HandleTypeDef*>, std::allocator<std::pair<__UART_HandleTypeDef* const, wyz::CUart*> > >::begin()
 .text._ZNKSt13_Rb_tree_nodeISt4pairIKP20__UART_HandleTypeDefPN3wyz5CUartEEE9_M_valptrEv
                0x0000000008003b04       0x1c Src/CppFile/CUart/CRelateOfHandleAndCUart.o
                0x0000000008003b04                std::_Rb_tree_node<std::pair<__UART_HandleTypeDef* const, wyz::CUart*> >::_M_valptr() const
 .text._ZN9__gnu_cxx13new_allocatorISt13_Rb_tree_nodeISt4pairIKP20__UART_HandleTypeDefPN3wyz5CUartEEEE7destroyIS9_EEvPT_
                0x0000000008003b20       0x16 Src/CppFile/CUart/CRelateOfHandleAndCUart.o
                0x0000000008003b20                void __gnu_cxx::new_allocator<std::_Rb_tree_node<std::pair<__UART_HandleTypeDef* const, wyz::CUart*> > >::destroy<std::pair<__UART_HandleTypeDef* const, wyz::CUart*> >(std::pair<__UART_HandleTypeDef* const, wyz::CUart*>*)
 .text._ZN9__gnu_cxx13new_allocatorISt13_Rb_tree_nodeISt4pairIKP20__UART_HandleTypeDefPN3wyz5CUartEEEE10deallocateEPSA_j
                0x0000000008003b36       0x1a Src/CppFile/CUart/CRelateOfHandleAndCUart.o
                0x0000000008003b36                __gnu_cxx::new_allocator<std::_Rb_tree_node<std::pair<__UART_HandleTypeDef* const, wyz::CUart*> > >::deallocate(std::_Rb_tree_node<std::pair<__UART_HandleTypeDef* const, wyz::CUart*> >*, unsigned int)
 .text._ZN9__gnu_cxx13new_allocatorISt13_Rb_tree_nodeISt4pairIKP20__UART_HandleTypeDefPN3wyz5CUartEEEE8allocateEjPKv
                0x0000000008003b50       0x42 Src/CppFile/CUart/CRelateOfHandleAndCUart.o
                0x0000000008003b50                __gnu_cxx::new_allocator<std::_Rb_tree_node<std::pair<__UART_HandleTypeDef* const, wyz::CUart*> > >::allocate(unsigned int, void const*)
 .text._ZNSt5tupleIJRKP20__UART_HandleTypeDefEEC2EOS4_
                0x0000000008003b92       0x20 Src/CppFile/CUart/CRelateOfHandleAndCUart.o
                0x0000000008003b92                std::tuple<__UART_HandleTypeDef* const&>::tuple(std::tuple<__UART_HandleTypeDef* const&>&&)
                0x0000000008003b92                std::tuple<__UART_HandleTypeDef* const&>::tuple(std::tuple<__UART_HandleTypeDef* const&>&&)
 .text._ZNSt11_Tuple_implILj0EJRKP20__UART_HandleTypeDefEE7_M_headERS4_
                0x0000000008003bb2       0x1a Src/CppFile/CUart/CRelateOfHandleAndCUart.o
                0x0000000008003bb2                std::_Tuple_impl<0u, __UART_HandleTypeDef* const&>::_M_head(std::_Tuple_impl<0u, __UART_HandleTypeDef* const&>&)
 .text._ZNSt10_Head_baseILj0ERKP20__UART_HandleTypeDefLb0EE7_M_headERS4_
                0x0000000008003bcc       0x18 Src/CppFile/CUart/CRelateOfHandleAndCUart.o
                0x0000000008003bcc                std::_Head_base<0u, __UART_HandleTypeDef* const&, false>::_M_head(std::_Head_base<0u, __UART_HandleTypeDef* const&, false>&)
 .text._ZSt7forwardIRKP20__UART_HandleTypeDefEOT_RNSt16remove_referenceIS4_E4typeE
                0x0000000008003be4       0x16 Src/CppFile/CUart/CRelateOfHandleAndCUart.o
                0x0000000008003be4                __UART_HandleTypeDef* const& std::forward<__UART_HandleTypeDef* const&>(std::remove_reference<__UART_HandleTypeDef* const&>::type&)
 .text._ZNSt11_Tuple_implILj0EJRKP20__UART_HandleTypeDefEEC2EOS4_
                0x0000000008003bfa       0x2e Src/CppFile/CUart/CRelateOfHandleAndCUart.o
                0x0000000008003bfa                std::_Tuple_impl<0u, __UART_HandleTypeDef* const&>::_Tuple_impl(std::_Tuple_impl<0u, __UART_HandleTypeDef* const&>&&)
                0x0000000008003bfa                std::_Tuple_impl<0u, __UART_HandleTypeDef* const&>::_Tuple_impl(std::_Tuple_impl<0u, __UART_HandleTypeDef* const&>&&)
 .text._ZN9__gnu_cxx13new_allocatorISt13_Rb_tree_nodeISt4pairIKP20__UART_HandleTypeDefPN3wyz5CUartEEEE9constructIS9_JRKSt21piecewise_construct_tSt5tupleIJRS5_EESG_IJEEEEEvPT_DpOT0_
                0x0000000008003c28       0x52 Src/CppFile/CUart/CRelateOfHandleAndCUart.o
                0x0000000008003c28                void __gnu_cxx::new_allocator<std::_Rb_tree_node<std::pair<__UART_HandleTypeDef* const, wyz::CUart*> > >::construct<std::pair<__UART_HandleTypeDef* const, wyz::CUart*>, std::piecewise_construct_t const&, std::tuple<__UART_HandleTypeDef* const&>, std::tuple<> >(std::pair<__UART_HandleTypeDef* const, wyz::CUart*>*, std::piecewise_construct_t const&, std::tuple<__UART_HandleTypeDef* const&>&&, std::tuple<>&&)
 .text._ZNK9__gnu_cxx16__aligned_membufISt4pairIKP20__UART_HandleTypeDefPN3wyz5CUartEEE6_M_ptrEv
                0x0000000008003c7a       0x18 Src/CppFile/CUart/CRelateOfHandleAndCUart.o
                0x0000000008003c7a                __gnu_cxx::__aligned_membuf<std::pair<__UART_HandleTypeDef* const, wyz::CUart*> >::_M_ptr() const
 *fill*         0x0000000008003c92        0x2 
 .text._ZNK9__gnu_cxx13new_allocatorISt13_Rb_tree_nodeISt4pairIKP20__UART_HandleTypeDefPN3wyz5CUartEEEE8max_sizeEv
                0x0000000008003c94       0x1c Src/CppFile/CUart/CRelateOfHandleAndCUart.o
                0x0000000008003c94                __gnu_cxx::new_allocator<std::_Rb_tree_node<std::pair<__UART_HandleTypeDef* const, wyz::CUart*> > >::max_size() const
 .text._ZNSt4pairIKP20__UART_HandleTypeDefPN3wyz5CUartEEC2IJRS2_EJEEESt21piecewise_construct_tSt5tupleIJDpT_EESA_IJDpT0_EE
                0x0000000008003cb0       0x28 Src/CppFile/CUart/CRelateOfHandleAndCUart.o
                0x0000000008003cb0                std::pair<__UART_HandleTypeDef* const, wyz::CUart*>::pair<__UART_HandleTypeDef* const&>(std::piecewise_construct_t, std::tuple<__UART_HandleTypeDef* const&>, std::tuple<>)
                0x0000000008003cb0                std::pair<__UART_HandleTypeDef* const, wyz::CUart*>::pair<__UART_HandleTypeDef* const&>(std::piecewise_construct_t, std::tuple<__UART_HandleTypeDef* const&>, std::tuple<>)
 .text._ZNK9__gnu_cxx16__aligned_membufISt4pairIKP20__UART_HandleTypeDefPN3wyz5CUartEEE7_M_addrEv
                0x0000000008003cd8       0x16 Src/CppFile/CUart/CRelateOfHandleAndCUart.o
                0x0000000008003cd8                __gnu_cxx::__aligned_membuf<std::pair<__UART_HandleTypeDef* const, wyz::CUart*> >::_M_addr() const
 .text._ZSt3getILj0EJRKP20__UART_HandleTypeDefEERNSt13tuple_elementIXT_ESt5tupleIJDpT0_EEE4typeERS8_
                0x0000000008003cee       0x1a Src/CppFile/CUart/CRelateOfHandleAndCUart.o
                0x0000000008003cee                std::tuple_element<0u, std::tuple<__UART_HandleTypeDef* const&> >::type& std::get<0u, __UART_HandleTypeDef* const&>(std::tuple<__UART_HandleTypeDef* const&>&)
 .text._ZSt12__get_helperILj0ERKP20__UART_HandleTypeDefJEERT0_RSt11_Tuple_implIXT_EJS4_DpT1_EE
                0x0000000008003d08       0x18 Src/CppFile/CUart/CRelateOfHandleAndCUart.o
                0x0000000008003d08                __UART_HandleTypeDef* const& std::__get_helper<0u, __UART_HandleTypeDef* const&>(std::_Tuple_impl<0u, __UART_HandleTypeDef* const&>&)
 .text._ZNSt4pairIKP20__UART_HandleTypeDefPN3wyz5CUartEEC2IJRS2_EJLj0EEJEJEEERSt5tupleIJDpT_EERS9_IJDpT1_EESt12_Index_tupleIJXspT0_EEESI_IJXspT2_EEE
                0x0000000008003d20       0x34 Src/CppFile/CUart/CRelateOfHandleAndCUart.o
                0x0000000008003d20                std::pair<__UART_HandleTypeDef* const, wyz::CUart*>::pair<__UART_HandleTypeDef* const&, 0u>(std::tuple<__UART_HandleTypeDef* const&>&, std::tuple<>&, std::_Index_tuple<0u>, std::_Index_tuple<>)
                0x0000000008003d20                std::pair<__UART_HandleTypeDef* const, wyz::CUart*>::pair<__UART_HandleTypeDef* const&, 0u>(std::tuple<__UART_HandleTypeDef* const&>&, std::tuple<>&, std::_Index_tuple<0u>, std::_Index_tuple<>)
 .text._Z41__static_initialization_and_destruction_0ii
                0x0000000008003d54       0x3c Src/CppFile/CUart/CRelateOfHandleAndCUart.o
 .text._GLOBAL__sub_I__ZN3wyz23CRelateOfHandleAndCUartC2Ev
                0x0000000008003d90       0x10 Src/CppFile/CUart/CRelateOfHandleAndCUart.o
 .text._ZN3wyz23CRelateOfHandleAndCUart11GetInstanceEv
                0x0000000008003da0       0x18 Src/CppFile/CUart/CUart.o
                0x0000000008003da0                wyz::CRelateOfHandleAndCUart::GetInstance()
 .text.HAL_UART_RxCpltCallback
                0x0000000008003db8       0x62 Src/CppFile/CUart/CUart.o
                0x0000000008003db8                HAL_UART_RxCpltCallback
 .text.HAL_UART_RxHalfCpltCallback
                0x0000000008003e1a       0x62 Src/CppFile/CUart/CUart.o
                0x0000000008003e1a                HAL_UART_RxHalfCpltCallback
 .text._ZN3wyz7CDeviceC2Ev
                0x0000000008003e7c       0x20 Src/CppFile/CUart/CUart.o
                0x0000000008003e7c                wyz::CDevice::CDevice()
                0x0000000008003e7c                wyz::CDevice::CDevice()
 .text._ZN3wyz8CSubjectC2Ev
                0x0000000008003e9c       0x20 Src/CppFile/CUart/CUart.o
                0x0000000008003e9c                wyz::CSubject::CSubject()
                0x0000000008003e9c                wyz::CSubject::CSubject()
 .text._ZN3wyz5CUartC2EP20__UART_HandleTypeDefmmh
                0x0000000008003ebc       0x9c Src/CppFile/CUart/CUart.o
                0x0000000008003ebc                wyz::CUart::CUart(__UART_HandleTypeDef*, unsigned long, unsigned long, unsigned char)
                0x0000000008003ebc                wyz::CUart::CUart(__UART_HandleTypeDef*, unsigned long, unsigned long, unsigned char)
 .text._ZN3wyz5CUart4OpenEv
                0x0000000008003f58       0x16 Src/CppFile/CUart/CUart.o
                0x0000000008003f58                wyz::CUart::Open()
 .text._ZN3wyz5CUart5CloseEv
                0x0000000008003f6e       0x16 Src/CppFile/CUart/CUart.o
                0x0000000008003f6e                wyz::CUart::Close()
 .text._ZN3wyz5CUart9BlockReadEPhmm
                0x0000000008003f84       0x26 Src/CppFile/CUart/CUart.o
                0x0000000008003f84                wyz::CUart::BlockRead(unsigned char*, unsigned long, unsigned long)
 .text._ZN3wyz5CUart10BlockwriteEPhmm
                0x0000000008003faa       0x26 Src/CppFile/CUart/CUart.o
                0x0000000008003faa                wyz::CUart::Blockwrite(unsigned char*, unsigned long, unsigned long)
 .text._ZN3wyz5CUart12NonBlockReadEPhmm
                0x0000000008003fd0       0x48 Src/CppFile/CUart/CUart.o
                0x0000000008003fd0                wyz::CUart::NonBlockRead(unsigned char*, unsigned long, unsigned long)
 .text._ZN3wyz5CUart13NonBlockWriteEPhmm
                0x0000000008004018       0x48 Src/CppFile/CUart/CUart.o
                0x0000000008004018                wyz::CUart::NonBlockWrite(unsigned char*, unsigned long, unsigned long)
 .text._ZN3wyz5CUart6AttachEPNS_9CObserverE
                0x0000000008004060       0x26 Src/CppFile/CUart/CUart.o
                0x0000000008004060                wyz::CUart::Attach(wyz::CObserver*)
 .text._ZThn4_N3wyz5CUart6AttachEPNS_9CObserverE
                0x0000000008004086        0x8 Src/CppFile/CUart/CUart.o
                0x0000000008004086                non-virtual thunk to wyz::CUart::Attach(wyz::CObserver*)
 .text._ZN3wyz5CUart6DetachEPNS_9CObserverE
                0x000000000800408e       0x20 Src/CppFile/CUart/CUart.o
                0x000000000800408e                wyz::CUart::Detach(wyz::CObserver*)
 .text._ZThn4_N3wyz5CUart6DetachEPNS_9CObserverE
                0x00000000080040ae        0x8 Src/CppFile/CUart/CUart.o
                0x00000000080040ae                non-virtual thunk to wyz::CUart::Detach(wyz::CObserver*)
 .text._ZN3wyz5CUart6NotifyEv
                0x00000000080040b6       0x68 Src/CppFile/CUart/CUart.o
                0x00000000080040b6                wyz::CUart::Notify()
 .text._ZThn4_N3wyz5CUart6NotifyEv
                0x000000000800411e        0x8 Src/CppFile/CUart/CUart.o
                0x000000000800411e                non-virtual thunk to wyz::CUart::Notify()
 .text._ZN3wyz5CUart17StartObserverModeEv
                0x0000000008004126       0x28 Src/CppFile/CUart/CUart.o
                0x0000000008004126                wyz::CUart::StartObserverMode()
 .text._ZN3wyz5CUart13HardInterruptEh
                0x000000000800414e       0x28 Src/CppFile/CUart/CUart.o
                0x000000000800414e                wyz::CUart::HardInterrupt(unsigned char)
 .text._ZN3wyz5CUart11GetUartModeEv
                0x0000000008004176       0x18 Src/CppFile/CUart/CUart.o
                0x0000000008004176                wyz::CUart::GetUartMode()
 .text._ZNSt7__cxx114listIPN3wyz9CObserverESaIS3_EEC2Ev
                0x000000000800418e       0x1a Src/CppFile/CUart/CUart.o
                0x000000000800418e                std::__cxx11::list<wyz::CObserver*, std::allocator<wyz::CObserver*> >::list()
                0x000000000800418e                std::__cxx11::list<wyz::CObserver*, std::allocator<wyz::CObserver*> >::list()
 .text._ZNSt7__cxx114listIPN3wyz9CObserverESaIS3_EE9push_backERKS3_
                0x00000000080041a8       0x24 Src/CppFile/CUart/CUart.o
                0x00000000080041a8                std::__cxx11::list<wyz::CObserver*, std::allocator<wyz::CObserver*> >::push_back(wyz::CObserver* const&)
 .text._ZNSt7__cxx114listIPN3wyz9CObserverESaIS3_EE6removeERKS3_
                0x00000000080041cc       0xca Src/CppFile/CUart/CUart.o
                0x00000000080041cc                std::__cxx11::list<wyz::CObserver*, std::allocator<wyz::CObserver*> >::remove(wyz::CObserver* const&)
 .text._ZNSt7__cxx114listIPN3wyz9CObserverESaIS3_EE5beginEv
                0x0000000008004296       0x22 Src/CppFile/CUart/CUart.o
                0x0000000008004296                std::__cxx11::list<wyz::CObserver*, std::allocator<wyz::CObserver*> >::begin()
 .text._ZNSt7__cxx114listIPN3wyz9CObserverESaIS3_EE3endEv
                0x00000000080042b8       0x20 Src/CppFile/CUart/CUart.o
                0x00000000080042b8                std::__cxx11::list<wyz::CObserver*, std::allocator<wyz::CObserver*> >::end()
 .text._ZNKSt14_List_iteratorIPN3wyz9CObserverEEneERKS3_
                0x00000000080042d8       0x28 Src/CppFile/CUart/CUart.o
                0x00000000080042d8                std::_List_iterator<wyz::CObserver*>::operator!=(std::_List_iterator<wyz::CObserver*> const&) const
 .text._ZNKSt14_List_iteratorIPN3wyz9CObserverEEdeEv
                0x0000000008004300       0x1c Src/CppFile/CUart/CUart.o
                0x0000000008004300                std::_List_iterator<wyz::CObserver*>::operator*() const
 .text._ZNSt14_List_iteratorIPN3wyz9CObserverEEppEv
                0x000000000800431c       0x20 Src/CppFile/CUart/CUart.o
                0x000000000800431c                std::_List_iterator<wyz::CObserver*>::operator++()
 .text._ZNSt7__cxx1110_List_baseIPN3wyz9CObserverESaIS3_EEC2Ev
                0x000000000800433c       0x20 Src/CppFile/CUart/CUart.o
                0x000000000800433c                std::__cxx11::_List_base<wyz::CObserver*, std::allocator<wyz::CObserver*> >::_List_base()
                0x000000000800433c                std::__cxx11::_List_base<wyz::CObserver*, std::allocator<wyz::CObserver*> >::_List_base()
 .text._ZSt7forwardIRKPN3wyz9CObserverEEOT_RNSt16remove_referenceIS5_E4typeE
                0x000000000800435c       0x16 Src/CppFile/CUart/CUart.o
                0x000000000800435c                wyz::CObserver* const& std::forward<wyz::CObserver* const&>(std::remove_reference<wyz::CObserver* const&>::type&)
 .text._ZNSt7__cxx114listIPN3wyz9CObserverESaIS3_EE9_M_insertIJRKS3_EEEvSt14_List_iteratorIS3_EDpOT_
                0x0000000008004372       0x3c Src/CppFile/CUart/CUart.o
                0x0000000008004372                void std::__cxx11::list<wyz::CObserver*, std::allocator<wyz::CObserver*> >::_M_insert<wyz::CObserver* const&>(std::_List_iterator<wyz::CObserver*>, wyz::CObserver* const&)
 .text._ZSt11__addressofIPN3wyz9CObserverEEPT_RS3_
                0x00000000080043ae       0x16 Src/CppFile/CUart/CUart.o
                0x00000000080043ae                wyz::CObserver** std::__addressof<wyz::CObserver*>(wyz::CObserver*&)
 .text._ZSt11__addressofIKPN3wyz9CObserverEEPT_RS4_
                0x00000000080043c4       0x16 Src/CppFile/CUart/CUart.o
                0x00000000080043c4                wyz::CObserver* const* std::__addressof<wyz::CObserver* const>(wyz::CObserver* const&)
 .text._ZNSt7__cxx114listIPN3wyz9CObserverESaIS3_EE8_M_eraseESt14_List_iteratorIS3_E
                0x00000000080043da       0x4c Src/CppFile/CUart/CUart.o
                0x00000000080043da                std::__cxx11::list<wyz::CObserver*, std::allocator<wyz::CObserver*> >::_M_erase(std::_List_iterator<wyz::CObserver*>)
 .text._ZNSt14_List_iteratorIPN3wyz9CObserverEEC2EPNSt8__detail15_List_node_baseE
                0x0000000008004426       0x1e Src/CppFile/CUart/CUart.o
                0x0000000008004426                std::_List_iterator<wyz::CObserver*>::_List_iterator(std::__detail::_List_node_base*)
                0x0000000008004426                std::_List_iterator<wyz::CObserver*>::_List_iterator(std::__detail::_List_node_base*)
 .text._ZNSt10_List_nodeIPN3wyz9CObserverEE9_M_valptrEv
                0x0000000008004444       0x1c Src/CppFile/CUart/CUart.o
                0x0000000008004444                std::_List_node<wyz::CObserver*>::_M_valptr()
 .text._ZNSt7__cxx1110_List_baseIPN3wyz9CObserverESaIS3_EE10_List_implC2Ev
                0x0000000008004460       0x24 Src/CppFile/CUart/CUart.o
                0x0000000008004460                std::__cxx11::_List_base<wyz::CObserver*, std::allocator<wyz::CObserver*> >::_List_impl::_List_impl()
                0x0000000008004460                std::__cxx11::_List_base<wyz::CObserver*, std::allocator<wyz::CObserver*> >::_List_impl::_List_impl()
 .text._ZNSt7__cxx1110_List_baseIPN3wyz9CObserverESaIS3_EE7_M_initEv
                0x0000000008004484       0x24 Src/CppFile/CUart/CUart.o
                0x0000000008004484                std::__cxx11::_List_base<wyz::CObserver*, std::allocator<wyz::CObserver*> >::_M_init()
 .text._ZNSt7__cxx1110_List_baseIPN3wyz9CObserverESaIS3_EE21_M_get_Node_allocatorEv
                0x00000000080044a8       0x16 Src/CppFile/CUart/CUart.o
                0x00000000080044a8                std::__cxx11::_List_base<wyz::CObserver*, std::allocator<wyz::CObserver*> >::_M_get_Node_allocator()
 .text._ZNSt16allocator_traitsISaISt10_List_nodeIPN3wyz9CObserverEEEE7destroyIS3_EEvRS5_PT_
                0x00000000080044be       0x1a Src/CppFile/CUart/CUart.o
                0x00000000080044be                void std::allocator_traits<std::allocator<std::_List_node<wyz::CObserver*> > >::destroy<wyz::CObserver*>(std::allocator<std::_List_node<wyz::CObserver*> >&, wyz::CObserver**)
 .text._ZNSt7__cxx1110_List_baseIPN3wyz9CObserverESaIS3_EE11_M_put_nodeEPSt10_List_nodeIS3_E
                0x00000000080044d8       0x1e Src/CppFile/CUart/CUart.o
                0x00000000080044d8                std::__cxx11::_List_base<wyz::CObserver*, std::allocator<wyz::CObserver*> >::_M_put_node(std::_List_node<wyz::CObserver*>*)
 .text._ZNSt7__cxx114listIPN3wyz9CObserverESaIS3_EE14_M_create_nodeIJRKS3_EEEPSt10_List_nodeIS3_EDpOT_
                0x00000000080044f6       0x68 Src/CppFile/CUart/CUart.o
                0x00000000080044f6                std::_List_node<wyz::CObserver*>* std::__cxx11::list<wyz::CObserver*, std::allocator<wyz::CObserver*> >::_M_create_node<wyz::CObserver* const&>(wyz::CObserver* const&)
 .text._ZNSt7__cxx1110_List_baseIPN3wyz9CObserverESaIS3_EE11_M_inc_sizeEj
                0x000000000800455e       0x24 Src/CppFile/CUart/CUart.o
                0x000000000800455e                std::__cxx11::_List_base<wyz::CObserver*, std::allocator<wyz::CObserver*> >::_M_inc_size(unsigned int)
 .text._ZNSt7__cxx1110_List_baseIPN3wyz9CObserverESaIS3_EE11_M_dec_sizeEj
                0x0000000008004582       0x24 Src/CppFile/CUart/CUart.o
                0x0000000008004582                std::__cxx11::_List_base<wyz::CObserver*, std::allocator<wyz::CObserver*> >::_M_dec_size(unsigned int)
 .text._ZN9__gnu_cxx16__aligned_membufIPN3wyz9CObserverEE6_M_ptrEv
                0x00000000080045a6       0x18 Src/CppFile/CUart/CUart.o
                0x00000000080045a6                __gnu_cxx::__aligned_membuf<wyz::CObserver*>::_M_ptr()
 .text._ZNSaISt10_List_nodeIPN3wyz9CObserverEEEC2Ev
                0x00000000080045be       0x18 Src/CppFile/CUart/CUart.o
                0x00000000080045be                std::allocator<std::_List_node<wyz::CObserver*> >::allocator()
                0x00000000080045be                std::allocator<std::_List_node<wyz::CObserver*> >::allocator()
 .text._ZNSt7__cxx1110_List_baseIPN3wyz9CObserverESaIS3_EE11_M_set_sizeEj
                0x00000000080045d6       0x20 Src/CppFile/CUart/CUart.o
                0x00000000080045d6                std::__cxx11::_List_base<wyz::CObserver*, std::allocator<wyz::CObserver*> >::_M_set_size(unsigned int)
 .text._ZN9__gnu_cxx13new_allocatorISt10_List_nodeIPN3wyz9CObserverEEE7destroyIS4_EEvPT_
                0x00000000080045f6       0x16 Src/CppFile/CUart/CUart.o
                0x00000000080045f6                void __gnu_cxx::new_allocator<std::_List_node<wyz::CObserver*> >::destroy<wyz::CObserver*>(wyz::CObserver**)
 .text._ZNSt16allocator_traitsISaISt10_List_nodeIPN3wyz9CObserverEEEE10deallocateERS5_PS4_j
                0x000000000800460c       0x1e Src/CppFile/CUart/CUart.o
                0x000000000800460c                std::allocator_traits<std::allocator<std::_List_node<wyz::CObserver*> > >::deallocate(std::allocator<std::_List_node<wyz::CObserver*> >&, std::_List_node<wyz::CObserver*>*, unsigned int)
 .text._ZNSt7__cxx1110_List_baseIPN3wyz9CObserverESaIS3_EE11_M_get_nodeEv
                0x000000000800462a       0x1c Src/CppFile/CUart/CUart.o
                0x000000000800462a                std::__cxx11::_List_base<wyz::CObserver*, std::allocator<wyz::CObserver*> >::_M_get_node()
 .text._ZNSt15__allocated_ptrISaISt10_List_nodeIPN3wyz9CObserverEEEEC2ERS5_PS4_
                0x0000000008004646       0x28 Src/CppFile/CUart/CUart.o
                0x0000000008004646                std::__allocated_ptr<std::allocator<std::_List_node<wyz::CObserver*> > >::__allocated_ptr(std::allocator<std::_List_node<wyz::CObserver*> >&, std::_List_node<wyz::CObserver*>*)
                0x0000000008004646                std::__allocated_ptr<std::allocator<std::_List_node<wyz::CObserver*> > >::__allocated_ptr(std::allocator<std::_List_node<wyz::CObserver*> >&, std::_List_node<wyz::CObserver*>*)
 .text._ZNSt15__allocated_ptrISaISt10_List_nodeIPN3wyz9CObserverEEEED2Ev
                0x000000000800466e       0x2a Src/CppFile/CUart/CUart.o
                0x000000000800466e                std::__allocated_ptr<std::allocator<std::_List_node<wyz::CObserver*> > >::~__allocated_ptr()
                0x000000000800466e                std::__allocated_ptr<std::allocator<std::_List_node<wyz::CObserver*> > >::~__allocated_ptr()
 .text._ZNSt16allocator_traitsISaISt10_List_nodeIPN3wyz9CObserverEEEE9constructIS3_JRKS3_EEEvRS5_PT_DpOT0_
                0x0000000008004698       0x26 Src/CppFile/CUart/CUart.o
                0x0000000008004698                void std::allocator_traits<std::allocator<std::_List_node<wyz::CObserver*> > >::construct<wyz::CObserver*, wyz::CObserver* const&>(std::allocator<std::_List_node<wyz::CObserver*> >&, wyz::CObserver**, wyz::CObserver* const&)
 .text._ZNSt15__allocated_ptrISaISt10_List_nodeIPN3wyz9CObserverEEEEaSEDn
                0x00000000080046be       0x1e Src/CppFile/CUart/CUart.o
                0x00000000080046be                std::__allocated_ptr<std::allocator<std::_List_node<wyz::CObserver*> > >::operator=(decltype(nullptr))
 .text._ZNSt10_List_nodeIjE9_M_valptrEv
                0x00000000080046dc       0x1c Src/CppFile/CUart/CUart.o
                0x00000000080046dc                std::_List_node<unsigned int>::_M_valptr()
 .text._ZN9__gnu_cxx16__aligned_membufIPN3wyz9CObserverEE7_M_addrEv
                0x00000000080046f8       0x16 Src/CppFile/CUart/CUart.o
                0x00000000080046f8                __gnu_cxx::__aligned_membuf<wyz::CObserver*>::_M_addr()
 .text._ZN9__gnu_cxx13new_allocatorISt10_List_nodeIPN3wyz9CObserverEEEC2Ev
                0x000000000800470e       0x16 Src/CppFile/CUart/CUart.o
                0x000000000800470e                __gnu_cxx::new_allocator<std::_List_node<wyz::CObserver*> >::new_allocator()
                0x000000000800470e                __gnu_cxx::new_allocator<std::_List_node<wyz::CObserver*> >::new_allocator()
 .text._ZN9__gnu_cxx13new_allocatorISt10_List_nodeIPN3wyz9CObserverEEE10deallocateEPS5_j
                0x0000000008004724       0x1a Src/CppFile/CUart/CUart.o
                0x0000000008004724                __gnu_cxx::new_allocator<std::_List_node<wyz::CObserver*> >::deallocate(std::_List_node<wyz::CObserver*>*, unsigned int)
 .text._ZNSt16allocator_traitsISaISt10_List_nodeIPN3wyz9CObserverEEEE8allocateERS5_j
                0x000000000800473e       0x1e Src/CppFile/CUart/CUart.o
                0x000000000800473e                std::allocator_traits<std::allocator<std::_List_node<wyz::CObserver*> > >::allocate(std::allocator<std::_List_node<wyz::CObserver*> >&, unsigned int)
 .text._ZSt11__addressofISaISt10_List_nodeIPN3wyz9CObserverEEEEPT_RS6_
                0x000000000800475c       0x16 Src/CppFile/CUart/CUart.o
                0x000000000800475c                std::allocator<std::_List_node<wyz::CObserver*> >* std::__addressof<std::allocator<std::_List_node<wyz::CObserver*> > >(std::allocator<std::_List_node<wyz::CObserver*> >&)
 .text._ZN9__gnu_cxx13new_allocatorISt10_List_nodeIPN3wyz9CObserverEEE9constructIS4_JRKS4_EEEvPT_DpOT0_
                0x0000000008004772       0x30 Src/CppFile/CUart/CUart.o
                0x0000000008004772                void __gnu_cxx::new_allocator<std::_List_node<wyz::CObserver*> >::construct<wyz::CObserver*, wyz::CObserver* const&>(wyz::CObserver**, wyz::CObserver* const&)
 .text._ZN9__gnu_cxx16__aligned_membufIjE6_M_ptrEv
                0x00000000080047a2       0x18 Src/CppFile/CUart/CUart.o
                0x00000000080047a2                __gnu_cxx::__aligned_membuf<unsigned int>::_M_ptr()
 .text._ZN9__gnu_cxx13new_allocatorISt10_List_nodeIPN3wyz9CObserverEEE8allocateEjPKv
                0x00000000080047ba       0x42 Src/CppFile/CUart/CUart.o
                0x00000000080047ba                __gnu_cxx::new_allocator<std::_List_node<wyz::CObserver*> >::allocate(unsigned int, void const*)
 .text._ZN9__gnu_cxx16__aligned_membufIjE7_M_addrEv
                0x00000000080047fc       0x16 Src/CppFile/CUart/CUart.o
                0x00000000080047fc                __gnu_cxx::__aligned_membuf<unsigned int>::_M_addr()
 *fill*         0x0000000008004812        0x2 
 .text._ZNK9__gnu_cxx13new_allocatorISt10_List_nodeIPN3wyz9CObserverEEE8max_sizeEv
                0x0000000008004814       0x1c Src/CppFile/CUart/CUart.o
                0x0000000008004814                __gnu_cxx::new_allocator<std::_List_node<wyz::CObserver*> >::max_size() const
 .text.main     0x0000000008004830       0x50 Src/main.o
                0x0000000008004830                main
 .text._Z18SystemClock_Configv
                0x0000000008004880       0xd0 Src/main.o
                0x0000000008004880                SystemClock_Config()
 .text._ZL13MX_UART4_Initv
                0x0000000008004950       0x5c Src/main.o
 .text._ZL11MX_DMA_Initv
                0x00000000080049ac       0x40 Src/main.o
 .text._ZL12MX_GPIO_Initv
                0x00000000080049ec       0x6c Src/main.o
 .text.Error_Handler
                0x0000000008004a58        0xe Src/main.o
                0x0000000008004a58                Error_Handler
 *fill*         0x0000000008004a66        0x2 
 .text._Z41__static_initialization_and_destruction_0ii
                0x0000000008004a68       0x48 Src/main.o
 .text._GLOBAL__sub_I_huart4
                0x0000000008004ab0       0x10 Src/main.o
 .text.HAL_MspInit
                0x0000000008004ac0       0x50 Src/stm32f4xx_hal_msp.o
                0x0000000008004ac0                HAL_MspInit
 .text.HAL_UART_MspInit
                0x0000000008004b10      0x104 Src/stm32f4xx_hal_msp.o
                0x0000000008004b10                HAL_UART_MspInit
 .text.NMI_Handler
                0x0000000008004c14        0xe Src/stm32f4xx_it.o
                0x0000000008004c14                NMI_Handler
 .text.HardFault_Handler
                0x0000000008004c22        0x6 Src/stm32f4xx_it.o
                0x0000000008004c22                HardFault_Handler
 .text.MemManage_Handler
                0x0000000008004c28        0x6 Src/stm32f4xx_it.o
                0x0000000008004c28                MemManage_Handler
 .text.BusFault_Handler
                0x0000000008004c2e        0x6 Src/stm32f4xx_it.o
                0x0000000008004c2e                BusFault_Handler
 .text.UsageFault_Handler
                0x0000000008004c34        0x6 Src/stm32f4xx_it.o
                0x0000000008004c34                UsageFault_Handler
 .text.SVC_Handler
                0x0000000008004c3a        0xe Src/stm32f4xx_it.o
                0x0000000008004c3a                SVC_Handler
 .text.DebugMon_Handler
                0x0000000008004c48        0xe Src/stm32f4xx_it.o
                0x0000000008004c48                DebugMon_Handler
 .text.PendSV_Handler
                0x0000000008004c56        0xe Src/stm32f4xx_it.o
                0x0000000008004c56                PendSV_Handler
 .text.SysTick_Handler
                0x0000000008004c64        0xc Src/stm32f4xx_it.o
                0x0000000008004c64                SysTick_Handler
 .text.DMA1_Stream2_IRQHandler
                0x0000000008004c70       0x14 Src/stm32f4xx_it.o
                0x0000000008004c70                DMA1_Stream2_IRQHandler
 .text.UART4_IRQHandler
                0x0000000008004c84       0x14 Src/stm32f4xx_it.o
                0x0000000008004c84                UART4_IRQHandler
 .text._getpid  0x0000000008004c98       0x10 Src/syscalls.o
                0x0000000008004c98                _getpid
 .text._kill    0x0000000008004ca8       0x20 Src/syscalls.o
                0x0000000008004ca8                _kill
 .text._exit    0x0000000008004cc8       0x14 Src/syscalls.o
                0x0000000008004cc8                _exit
 .text._sbrk    0x0000000008004cdc       0x58 Src/sysmem.o
                0x0000000008004cdc                _sbrk
 .text.SystemInit
                0x0000000008004d34       0x6c Src/system_stm32f4xx.o
                0x0000000008004d34                SystemInit
 .text.Reset_Handler
                0x0000000008004da0       0x50 Startup/startup_stm32f407zgtx.o
                0x0000000008004da0                Reset_Handler
 .text.Default_Handler
                0x0000000008004df0        0x2 Startup/startup_stm32f407zgtx.o
                0x0000000008004df0                RTC_Alarm_IRQHandler
                0x0000000008004df0                HASH_RNG_IRQHandler
                0x0000000008004df0                EXTI2_IRQHandler
                0x0000000008004df0                TIM8_CC_IRQHandler
                0x0000000008004df0                TIM1_CC_IRQHandler
                0x0000000008004df0                DMA2_Stream5_IRQHandler
                0x0000000008004df0                DMA1_Stream5_IRQHandler
                0x0000000008004df0                PVD_IRQHandler
                0x0000000008004df0                SDIO_IRQHandler
                0x0000000008004df0                TAMP_STAMP_IRQHandler
                0x0000000008004df0                CAN2_RX1_IRQHandler
                0x0000000008004df0                EXTI3_IRQHandler
                0x0000000008004df0                TIM8_TRG_COM_TIM14_IRQHandler
                0x0000000008004df0                TIM1_UP_TIM10_IRQHandler
                0x0000000008004df0                TIM8_UP_TIM13_IRQHandler
                0x0000000008004df0                I2C3_ER_IRQHandler
                0x0000000008004df0                EXTI0_IRQHandler
                0x0000000008004df0                I2C2_EV_IRQHandler
                0x0000000008004df0                CAN1_RX0_IRQHandler
                0x0000000008004df0                FPU_IRQHandler
                0x0000000008004df0                OTG_HS_WKUP_IRQHandler
                0x0000000008004df0                CAN2_SCE_IRQHandler
                0x0000000008004df0                DMA2_Stream2_IRQHandler
                0x0000000008004df0                SPI1_IRQHandler
                0x0000000008004df0                TIM6_DAC_IRQHandler
                0x0000000008004df0                TIM1_BRK_TIM9_IRQHandler
                0x0000000008004df0                DCMI_IRQHandler
                0x0000000008004df0                CAN2_RX0_IRQHandler
                0x0000000008004df0                DMA2_Stream3_IRQHandler
                0x0000000008004df0                USART6_IRQHandler
                0x0000000008004df0                USART3_IRQHandler
                0x0000000008004df0                CAN1_RX1_IRQHandler
                0x0000000008004df0                UART5_IRQHandler
                0x0000000008004df0                DMA2_Stream0_IRQHandler
                0x0000000008004df0                TIM4_IRQHandler
                0x0000000008004df0                I2C1_EV_IRQHandler
                0x0000000008004df0                DMA1_Stream6_IRQHandler
                0x0000000008004df0                DMA1_Stream1_IRQHandler
                0x0000000008004df0                TIM3_IRQHandler
                0x0000000008004df0                RCC_IRQHandler
                0x0000000008004df0                TIM8_BRK_TIM12_IRQHandler
                0x0000000008004df0                Default_Handler
                0x0000000008004df0                EXTI15_10_IRQHandler
                0x0000000008004df0                ADC_IRQHandler
                0x0000000008004df0                DMA1_Stream7_IRQHandler
                0x0000000008004df0                TIM7_IRQHandler
                0x0000000008004df0                CAN2_TX_IRQHandler
                0x0000000008004df0                TIM5_IRQHandler
                0x0000000008004df0                DMA2_Stream7_IRQHandler
                0x0000000008004df0                I2C3_EV_IRQHandler
                0x0000000008004df0                EXTI9_5_IRQHandler
                0x0000000008004df0                RTC_WKUP_IRQHandler
                0x0000000008004df0                ETH_WKUP_IRQHandler
                0x0000000008004df0                SPI2_IRQHandler