new:168:14:void* operator new(std::size_t, void*)	16	static
gthr-default.h:229:1:int __gthread_key_delete(__gthread_key_t)	16	static
CStateMachine.cpp:11:9:int64_t wyz::CStateMachine::MergeIntToLong(int, int)	32	static
CStateMachine.cpp:26:6:void wyz::CStateMachine::AddItemOfInternalTransitions(int, int, int)	40	static
CStateMachine.cpp:31:6:void wyz::CStateMachine::AddItemOfStateMap(int, wyz::CStateBase*)	24	static
CStateMachine.cpp:36:6:void wyz::CStateMachine::AddItemOfTransitions(int, int, int)	40	static
CStateMachine.cpp:41:6:void wyz::CStateMachine::SetEvent(CMachineEventBase*)	16	static
CStateMachine.cpp:46:6:void wyz::CStateMachine::InternalEvent(CMachineEventBase*)	48	static
CStateMachine.cpp:62:6:void wyz::CStateMachine::ExternalEvent(CMachineEventBase*, int)	48	static
move.h:98:5:constexpr typename std::remove_reference< <template-parameter-1-1> >::type&& std::move(_Tp&&) [with _Tp = long long int&]	16	static
move.h:73:5:constexpr _Tp&& std::forward(typename std::remove_reference<_From>::type&) [with _Tp = long long int]	16	static
tuple:646:19: (_Elements) >= 1)), bool>::type <anonymous> = 1; _Elements = {long long int&&}]	24	static
tuple:365:19:constexpr std::_Tuple_impl<_Idx, _Head>::_Tuple_impl(_UHead&&) [with _UHead = long long int; unsigned int _Idx = 0; _Head = long long int&&]	24	static
tuple:132:19:constexpr std::_Head_base<_Idx, _Head, false>::_Head_base(_UHead&&) [with _UHead = long long int; unsigned int _Idx = 0; _Head = long long int&&]	16	static
tuple:662:17:constexpr std::tuple<_Elements>::tuple(std::tuple<_Elements>&&) [with _Elements = {long long int&&}]	16	static
tuple:1459:5:) [with _Elements = {long long int}]	16	static
stl_map.h:504:7:std::map<_Key, _Tp, _Compare, _Alloc>::mapped_type& std::map<_Key, _Tp, _Compare, _Alloc>::operator[](std::map<_Key, _Tp, _Compare, _Alloc>::key_type&&) [with _Key = long long int; _Tp = int; _Compare = std::less<long long int>; _Alloc = std::allocator<std::pair<const long long int, int> >]	56	static
tuple:608:19: (_Elements) >= 1)), bool>::type <anonymous> = 1; _Elements = {const int&}]	16	static
tuple:360:17:constexpr std::_Tuple_impl<_Idx, _Head>::_Tuple_impl(const _Head&) [with unsigned int _Idx = 0; _Head = const int&]	16	static
tuple:125:17:constexpr std::_Head_base<_Idx, _Head, false>::_Head_base(const _Head&) [with unsigned int _Idx = 0; _Head = const int&]	16	static
stl_map.h:484:7:std::map<_Key, _Tp, _Compare, _Alloc>::mapped_type& std::map<_Key, _Tp, _Compare, _Alloc>::operator[](const key_type&) [with _Key = int; _Tp = wyz::CStateBase*; _Compare = std::less<int>; _Alloc = std::allocator<std::pair<const int, wyz::CStateBase*> >]	56	static
stl_map.h:1209:7:std::map<_Key, _Tp, _Compare, _Alloc>::size_type std::map<_Key, _Tp, _Compare, _Alloc>::count(const key_type&) const [with _Key = long long int; _Tp = int; _Compare = std::less<long long int>; _Alloc = std::allocator<std::pair<const long long int, int> >]	24	static
tuple:608:19: (_Elements) >= 1)), bool>::type <anonymous> = 1; _Elements = {const long long int&}]	16	static
tuple:360:17:constexpr std::_Tuple_impl<_Idx, _Head>::_Tuple_impl(const _Head&) [with unsigned int _Idx = 0; _Head = const long long int&]	16	static
tuple:125:17:constexpr std::_Head_base<_Idx, _Head, false>::_Head_base(const _Head&) [with unsigned int _Idx = 0; _Head = const long long int&]	16	static
stl_map.h:484:7:std::map<_Key, _Tp, _Compare, _Alloc>::mapped_type& std::map<_Key, _Tp, _Compare, _Alloc>::operator[](const key_type&) [with _Key = long long int; _Tp = int; _Compare = std::less<long long int>; _Alloc = std::allocator<std::pair<const long long int, int> >]	56	static
stl_map.h:1209:7:std::map<_Key, _Tp, _Compare, _Alloc>::size_type std::map<_Key, _Tp, _Compare, _Alloc>::count(const key_type&) const [with _Key = int; _Tp = wyz::CStateBase*; _Compare = std::less<int>; _Alloc = std::allocator<std::pair<const int, wyz::CStateBase*> >]	24	static
stl_map.h:1163:7:std::map<_Key, _Tp, _Compare, _Alloc>::iterator std::map<_Key, _Tp, _Compare, _Alloc>::find(const key_type&) [with _Key = long long int; _Tp = int; _Compare = std::less<long long int>; _Alloc = std::allocator<std::pair<const long long int, int> >]	16	static
stl_map.h:366:7:std::map<_Key, _Tp, _Compare, _Alloc>::iterator std::map<_Key, _Tp, _Compare, _Alloc>::end() [with _Key = long long int; _Tp = int; _Compare = std::less<long long int>; _Alloc = std::allocator<std::pair<const long long int, int> >]	16	static
stl_tree.h:319:7:bool std::_Rb_tree_iterator<_Tp>::operator!=(const _Self&) const [with _Tp = std::pair<const long long int, int>]	16	static
stl_tree.h:281:7:_Tp* std::_Rb_tree_iterator<_Tp>::operator->() const [with _Tp = std::pair<const long long int, int>]	16	static
stl_tree.h:736:7:std::_Rb_tree_node<_Val>* std::_Rb_tree<_Key, _Val, _KeyOfValue, _Compare, _Alloc>::_M_begin() [with _Key = int; _Val = std::pair<const int, wyz::CStateBase*>; _KeyOfValue = std::_Select1st<std::pair<const int, wyz::CStateBase*> >; _Compare = std::less<int>; _Alloc = std::allocator<std::pair<const int, wyz::CStateBase*> >]	16	static
stl_tree.h:736:7:std::_Rb_tree_node<_Val>* std::_Rb_tree<_Key, _Val, _KeyOfValue, _Compare, _Alloc>::_M_begin() [with _Key = long long int; _Val = std::pair<const long long int, int>; _KeyOfValue = std::_Select1st<std::pair<const long long int, int> >; _Compare = std::less<long long int>; _Alloc = std::allocator<std::pair<const long long int, int> >]	16	static
stl_map.h:1233:7:std::map<_Key, _Tp, _Compare, _Alloc>::iterator std::map<_Key, _Tp, _Compare, _Alloc>::lower_bound(const key_type&) [with _Key = long long int; _Tp = int; _Compare = std::less<long long int>; _Alloc = std::allocator<std::pair<const long long int, int> >]	16	static
stl_tree.h:315:7:bool std::_Rb_tree_iterator<_Tp>::operator==(const _Self&) const [with _Tp = std::pair<const long long int, int>]	16	static
stl_map.h:1136:7:std::map<_Key, _Tp, _Compare, _Alloc>::key_compare std::map<_Key, _Tp, _Compare, _Alloc>::key_comp() const [with _Key = long long int; _Tp = int; _Compare = std::less<long long int>; _Alloc = std::allocator<std::pair<const long long int, int> >]	24	static
stl_tree.h:277:7:_Tp& std::_Rb_tree_iterator<_Tp>::operator*() const [with _Tp = std::pair<const long long int, int>]	16	static
stl_function.h:385:7:constexpr bool std::less<_Tp>::operator()(const _Tp&, const _Tp&) const [with _Tp = long long int]	24	static
stl_tree.h:348:7:std::_Rb_tree_const_iterator<_Tp>::_Rb_tree_const_iterator(const iterator&) [with _Tp = std::pair<const long long int, int>]	16	static
tuple:351:7:static constexpr _Head& std::_Tuple_impl<_Idx, _Head>::_M_head(std::_Tuple_impl<_Idx, _Head>&) [with unsigned int _Idx = 0; _Head = long long int&&]	16	static
tuple:160:7:static constexpr _Head& std::_Head_base<_Idx, _Head, false>::_M_head(std::_Head_base<_Idx, _Head, false>&) [with unsigned int _Idx = 0; _Head = long long int&&]	16	static
move.h:73:5:constexpr _Tp&& std::forward(typename std::remove_reference<_From>::type&) [with _Tp = long long int&&]	16	static
tuple:371:7:constexpr std::_Tuple_impl<_Idx, _Head>::_Tuple_impl(std::_Tuple_impl<_Idx, _Head>&&) [with unsigned int _Idx = 0; _Head = long long int&&]	24	static
move.h:73:5:constexpr _Tp&& std::forward(typename std::remove_reference<_From>::type&) [with _Tp = const std::piecewise_construct_t&]	16	static
move.h:73:5:constexpr _Tp&& std::forward(typename std::remove_reference<_From>::type&) [with _Tp = std::tuple<long long int&&>]	16	static
move.h:73:5:constexpr _Tp&& std::forward(typename std::remove_reference<_From>::type&) [with _Tp = std::tuple<>]	16	static
stl_tree.h:2395:7:) [with _Args = {const std::piecewise_construct_t&, std::tuple<long long int&&>, std::tuple<>}; _Key = long long int; _Val = std::pair<const long long int, int>; _KeyOfValue = std::_Select1st<std::pair<const long long int, int> >; _Compare = std::less<long long int>; _Alloc = std::allocator<std::pair<const long long int, int> >]	48	static
stl_map.h:1233:7:std::map<_Key, _Tp, _Compare, _Alloc>::iterator std::map<_Key, _Tp, _Compare, _Alloc>::lower_bound(const key_type&) [with _Key = int; _Tp = wyz::CStateBase*; _Compare = std::less<int>; _Alloc = std::allocator<std::pair<const int, wyz::CStateBase*> >]	16	static
stl_map.h:366:7:std::map<_Key, _Tp, _Compare, _Alloc>::iterator std::map<_Key, _Tp, _Compare, _Alloc>::end() [with _Key = int; _Tp = wyz::CStateBase*; _Compare = std::less<int>; _Alloc = std::allocator<std::pair<const int, wyz::CStateBase*> >]	16	static
stl_tree.h:315:7:bool std::_Rb_tree_iterator<_Tp>::operator==(const _Self&) const [with _Tp = std::pair<const int, wyz::CStateBase*>]	16	static
stl_map.h:1136:7:std::map<_Key, _Tp, _Compare, _Alloc>::key_compare std::map<_Key, _Tp, _Compare, _Alloc>::key_comp() const [with _Key = int; _Tp = wyz::CStateBase*; _Compare = std::less<int>; _Alloc = std::allocator<std::pair<const int, wyz::CStateBase*> >]	24	static
stl_tree.h:277:7:_Tp& std::_Rb_tree_iterator<_Tp>::operator*() const [with _Tp = std::pair<const int, wyz::CStateBase*>]	16	static
stl_function.h:385:7:constexpr bool std::less<_Tp>::operator()(const _Tp&, const _Tp&) const [with _Tp = int]	24	static
stl_tree.h:348:7:std::_Rb_tree_const_iterator<_Tp>::_Rb_tree_const_iterator(const iterator&) [with _Tp = std::pair<const int, wyz::CStateBase*>]	16	static
move.h:73:5:constexpr _Tp&& std::forward(typename std::remove_reference<_From>::type&) [with _Tp = std::tuple<const int&>]	16	static
stl_tree.h:2395:7:) [with _Args = {const std::piecewise_construct_t&, std::tuple<const int&>, std::tuple<>}; _Key = int; _Val = std::pair<const int, wyz::CStateBase*>; _KeyOfValue = std::_Select1st<std::pair<const int, wyz::CStateBase*> >; _Compare = std::less<int>; _Alloc = std::allocator<std::pair<const int, wyz::CStateBase*> >]	48	static
stl_tree.h:2533:5:std::_Rb_tree<_Key, _Val, _KeyOfValue, _Compare, _Alloc>::const_iterator std::_Rb_tree<_Key, _Val, _KeyOfValue, _Compare, _Alloc>::find(const _Key&) const [with _Key = long long int; _Val = std::pair<const long long int, int>; _KeyOfValue = std::_Select1st<std::pair<const long long int, int> >; _Compare = std::less<long long int>; _Alloc = std::allocator<std::pair<const long long int, int> >]	32	static
stl_tree.h:972:7:std::_Rb_tree<_Key, _Val, _KeyOfValue, _Compare, _Alloc>::const_iterator std::_Rb_tree<_Key, _Val, _KeyOfValue, _Compare, _Alloc>::end() const [with _Key = long long int; _Val = std::pair<const long long int, int>; _KeyOfValue = std::_Select1st<std::pair<const long long int, int> >; _Compare = std::less<long long int>; _Alloc = std::allocator<std::pair<const long long int, int> >]	24	static
stl_tree.h:394:7:bool std::_Rb_tree_const_iterator<_Tp>::operator==(const _Self&) const [with _Tp = std::pair<const long long int, int>]	16	static
move.h:73:5:constexpr _Tp&& std::forward(typename std::remove_reference<_From>::type&) [with _Tp = std::tuple<const long long int&>]	16	static
stl_tree.h:2395:7:) [with _Args = {const std::piecewise_construct_t&, std::tuple<const long long int&>, std::tuple<>}; _Key = long long int; _Val = std::pair<const long long int, int>; _KeyOfValue = std::_Select1st<std::pair<const long long int, int> >; _Compare = std::less<long long int>; _Alloc = std::allocator<std::pair<const long long int, int> >]	48	static
stl_tree.h:2533:5:std::_Rb_tree<_Key, _Val, _KeyOfValue, _Compare, _Alloc>::const_iterator std::_Rb_tree<_Key, _Val, _KeyOfValue, _Compare, _Alloc>::find(const _Key&) const [with _Key = int; _Val = std::pair<const int, wyz::CStateBase*>; _KeyOfValue = std::_Select1st<std::pair<const int, wyz::CStateBase*> >; _Compare = std::less<int>; _Alloc = std::allocator<std::pair<const int, wyz::CStateBase*> >]	32	static
stl_tree.h:972:7:std::_Rb_tree<_Key, _Val, _KeyOfValue, _Compare, _Alloc>::const_iterator std::_Rb_tree<_Key, _Val, _KeyOfValue, _Compare, _Alloc>::end() const [with _Key = int; _Val = std::pair<const int, wyz::CStateBase*>; _KeyOfValue = std::_Select1st<std::pair<const int, wyz::CStateBase*> >; _Compare = std::less<int>; _Alloc = std::allocator<std::pair<const int, wyz::CStateBase*> >]	24	static
stl_tree.h:394:7:bool std::_Rb_tree_const_iterator<_Tp>::operator==(const _Self&) const [with _Tp = std::pair<const int, wyz::CStateBase*>]	16	static
stl_tree.h:2520:5:std::_Rb_tree<_Key, _Val, _KeyOfValue, _Compare, _Alloc>::iterator std::_Rb_tree<_Key, _Val, _KeyOfValue, _Compare, _Alloc>::find(const _Key&) [with _Key = long long int; _Val = std::pair<const long long int, int>; _KeyOfValue = std::_Select1st<std::pair<const long long int, int> >; _Compare = std::less<long long int>; _Alloc = std::allocator<std::pair<const long long int, int> >]	32	static
stl_tree.h:968:7:std::_Rb_tree<_Key, _Val, _KeyOfValue, _Compare, _Alloc>::iterator std::_Rb_tree<_Key, _Val, _KeyOfValue, _Compare, _Alloc>::end() [with _Key = long long int; _Val = std::pair<const long long int, int>; _KeyOfValue = std::_Select1st<std::pair<const long long int, int> >; _Compare = std::less<long long int>; _Alloc = std::allocator<std::pair<const long long int, int> >]	24	static
stl_tree.h:234:7:_Val* std::_Rb_tree_node<_Val>::_M_valptr() [with _Val = std::pair<const long long int, int>]	16	static
stl_tree.h:771:7:static std::_Rb_tree_node<_Val>* std::_Rb_tree<_Key, _Val, _KeyOfValue, _Compare, _Alloc>::_S_right(std::_Rb_tree<_Key, _Val, _KeyOfValue, _Compare, _Alloc>::_Base_ptr) [with _Key = int; _Val = std::pair<const int, wyz::CStateBase*>; _KeyOfValue = std::_Select1st<std::pair<const int, wyz::CStateBase*> >; _Compare = std::less<int>; _Alloc = std::allocator<std::pair<const int, wyz::CStateBase*> >]	16	static
stl_tree.h:763:7:static std::_Rb_tree_node<_Val>* std::_Rb_tree<_Key, _Val, _KeyOfValue, _Compare, _Alloc>::_S_left(std::_Rb_tree<_Key, _Val, _KeyOfValue, _Compare, _Alloc>::_Base_ptr) [with _Key = int; _Val = std::pair<const int, wyz::CStateBase*>; _KeyOfValue = std::_Select1st<std::pair<const int, wyz::CStateBase*> >; _Compare = std::less<int>; _Alloc = std::allocator<std::pair<const int, wyz::CStateBase*> >]	16	static
stl_tree.h:656:7:void std::_Rb_tree<_Key, _Val, _KeyOfValue, _Compare, _Alloc>::_M_drop_node(std::_Rb_tree<_Key, _Val, _KeyOfValue, _Compare, _Alloc>::_Link_type) [with _Key = int; _Val = std::pair<const int, wyz::CStateBase*>; _KeyOfValue = std::_Select1st<std::pair<const int, wyz::CStateBase*> >; _Compare = std::less<int>; _Alloc = std::allocator<std::pair<const int, wyz::CStateBase*> >]	16	static
stl_tree.h:771:7:static std::_Rb_tree_node<_Val>* std::_Rb_tree<_Key, _Val, _KeyOfValue, _Compare, _Alloc>::_S_right(std::_Rb_tree<_Key, _Val, _KeyOfValue, _Compare, _Alloc>::_Base_ptr) [with _Key = long long int; _Val = std::pair<const long long int, int>; _KeyOfValue = std::_Select1st<std::pair<const long long int, int> >; _Compare = std::less<long long int>; _Alloc = std::allocator<std::pair<const long long int, int> >]	16	static
stl_tree.h:763:7:static std::_Rb_tree_node<_Val>* std::_Rb_tree<_Key, _Val, _KeyOfValue, _Compare, _Alloc>::_S_left(std::_Rb_tree<_Key, _Val, _KeyOfValue, _Compare, _Alloc>::_Base_ptr) [with _Key = long long int; _Val = std::pair<const long long int, int>; _KeyOfValue = std::_Select1st<std::pair<const long long int, int> >; _Compare = std::less<long long int>; _Alloc = std::allocator<std::pair<const long long int, int> >]	16	static
stl_tree.h:656:7:void std::_Rb_tree<_Key, _Val, _KeyOfValue, _Compare, _Alloc>::_M_drop_node(std::_Rb_tree<_Key, _Val, _KeyOfValue, _Compare, _Alloc>::_Link_type) [with _Key = long long int; _Val = std::pair<const long long int, int>; _KeyOfValue = std::_Select1st<std::pair<const long long int, int> >; _Compare = std::less<long long int>; _Alloc = std::allocator<std::pair<const long long int, int> >]	16	static
stl_tree.h:1186:7:std::_Rb_tree<_Key, _Val, _KeyOfValue, _Compare, _Alloc>::iterator std::_Rb_tree<_Key, _Val, _KeyOfValue, _Compare, _Alloc>::lower_bound(const key_type&) [with _Key = long long int; _Val = std::pair<const long long int, int>; _KeyOfValue = std::_Select1st<std::pair<const long long int, int> >; _Compare = std::less<long long int>; _Alloc = std::allocator<std::pair<const long long int, int> >]	24	static
stl_tree.h:956:7:_Compare std::_Rb_tree<_Key, _Val, _KeyOfValue, _Compare, _Alloc>::key_comp() const [with _Key = long long int; _Val = std::pair<const long long int, int>; _KeyOfValue = std::_Select1st<std::pair<const long long int, int> >; _Compare = std::less<long long int>; _Alloc = std::allocator<std::pair<const long long int, int> >]	16	static
stl_tree.h:640:9:) [with _Args = {const std::piecewise_construct_t&, std::tuple<long long int&&>, std::tuple<>}; _Key = long long int; _Val = std::pair<const long long int, int>; _KeyOfValue = std::_Select1st<std::pair<const long long int, int> >; _Compare = std::less<long long int>; _Alloc = std::allocator<std::pair<const long long int, int> >]	48	static
stl_pair.h:314:18:constexpr std::pair<_T1, _T2>::pair(const _T1&, _U2&&) [with _U2 = std::_Rb_tree_node_base*&; typename std::enable_if<std::_PCC<true, _T1, _T2>::_CopyMovePair<true, _T1, _U2>(), bool>::type <anonymous> = 1; _T1 = std::_Rb_tree_node_base*; _T2 = std::_Rb_tree_node_base*]	24	static
move.h:73:5:constexpr _Tp&& std::forward(typename std::remove_reference<_From>::type&) [with _Tp = std::_Rb_tree_node_base*&]	16	static
stl_pair.h:330:12:constexpr std::pair<_T1, _T2>::pair(_U1&&, _U2&&) [with _U1 = std::_Rb_tree_node_base*&; _U2 = std::_Rb_tree_node_base*&; typename std::enable_if<(std::_PCC<true, _T1, _T2>::_MoveConstructiblePair<_U1, _U2>() && std::_PCC<true, _T1, _T2>::_ImplicitlyMoveConvertiblePair<_U1, _U2>()), bool>::type <anonymous> = 1; _T1 = std::_Rb_tree_node_base*; _T2 = std::_Rb_tree_node_base*]	24	static
stl_pair.h:300:18:constexpr std::pair<_T1, _T2>::pair(_U1&&, const _T2&) [with _U1 = std::_Rb_tree_node_base*&; typename std::enable_if<std::_PCC<true, _T1, _T2>::_MoveCopyPair<true, _U1, _T2>(), bool>::type <anonymous> = 1; _T1 = std::_Rb_tree_node_base*; _T2 = std::_Rb_tree_node_base*]	24	static
stl_tree.h:2130:5:std::pair<std::_Rb_tree_node_base*, std::_Rb_tree_node_base*> std::_Rb_tree<_Key, _Val, _KeyOfValue, _Compare, _Alloc>::_M_get_insert_hint_unique_pos(std::_Rb_tree<_Key, _Val, _KeyOfValue, _Compare, _Alloc>::const_iterator, const key_type&) [with _Key = long long int; _Val = std::pair<const long long int, int>; _KeyOfValue = std::_Select1st<std::pair<const long long int, int> >; _Compare = std::less<long long int>; _Alloc = std::allocator<std::pair<const long long int, int> >]	64	static
stl_tree.h:759:7:static const _Key& std::_Rb_tree<_Key, _Val, _KeyOfValue, _Compare, _Alloc>::_S_key(std::_Rb_tree<_Key, _Val, _KeyOfValue, _Compare, _Alloc>::_Const_Link_type) [with _Key = long long int; _Val = std::pair<const long long int, int>; _KeyOfValue = std::_Select1st<std::pair<const long long int, int> >; _Compare = std::less<long long int>; _Alloc = std::allocator<std::pair<const long long int, int> >]	24	static
stl_tree.h:2297:5:std::_Rb_tree<_Key, _Val, _KeyOfValue, _Compare, _Alloc>::iterator std::_Rb_tree<_Key, _Val, _KeyOfValue, _Compare, _Alloc>::_M_insert_node(std::_Rb_tree<_Key, _Val, _KeyOfValue, _Compare, _Alloc>::_Base_ptr, std::_Rb_tree<_Key, _Val, _KeyOfValue, _Compare, _Alloc>::_Base_ptr, std::_Rb_tree<_Key, _Val, _KeyOfValue, _Compare, _Alloc>::_Link_type) [with _Key = long long int; _Val = std::pair<const long long int, int>; _KeyOfValue = std::_Select1st<std::pair<const long long int, int> >; _Compare = std::less<long long int>; _Alloc = std::allocator<std::pair<const long long int, int> >]	40	static
stl_tree.h:273:7:std::_Rb_tree_iterator<_Tp>::_Rb_tree_iterator(std::_Rb_tree_iterator<_Tp>::_Base_ptr) [with _Tp = std::pair<const long long int, int>]	16	static
stl_tree.h:1186:7:std::_Rb_tree<_Key, _Val, _KeyOfValue, _Compare, _Alloc>::iterator std::_Rb_tree<_Key, _Val, _KeyOfValue, _Compare, _Alloc>::lower_bound(const key_type&) [with _Key = int; _Val = std::pair<const int, wyz::CStateBase*>; _KeyOfValue = std::_Select1st<std::pair<const int, wyz::CStateBase*> >; _Compare = std::less<int>; _Alloc = std::allocator<std::pair<const int, wyz::CStateBase*> >]	24	static
stl_tree.h:968:7:std::_Rb_tree<_Key, _Val, _KeyOfValue, _Compare, _Alloc>::iterator std::_Rb_tree<_Key, _Val, _KeyOfValue, _Compare, _Alloc>::end() [with _Key = int; _Val = std::pair<const int, wyz::CStateBase*>; _KeyOfValue = std::_Select1st<std::pair<const int, wyz::CStateBase*> >; _Compare = std::less<int>; _Alloc = std::allocator<std::pair<const int, wyz::CStateBase*> >]	24	static
stl_tree.h:956:7:_Compare std::_Rb_tree<_Key, _Val, _KeyOfValue, _Compare, _Alloc>::key_comp() const [with _Key = int; _Val = std::pair<const int, wyz::CStateBase*>; _KeyOfValue = std::_Select1st<std::pair<const int, wyz::CStateBase*> >; _Compare = std::less<int>; _Alloc = std::allocator<std::pair<const int, wyz::CStateBase*> >]	16	static
stl_tree.h:234:7:_Val* std::_Rb_tree_node<_Val>::_M_valptr() [with _Val = std::pair<const int, wyz::CStateBase*>]	16	static
stl_tree.h:640:9:) [with _Args = {const std::piecewise_construct_t&, std::tuple<const int&>, std::tuple<>}; _Key = int; _Val = std::pair<const int, wyz::CStateBase*>; _KeyOfValue = std::_Select1st<std::pair<const int, wyz::CStateBase*> >; _Compare = std::less<int>; _Alloc = std::allocator<std::pair<const int, wyz::CStateBase*> >]	48	static
stl_tree.h:2130:5:std::pair<std::_Rb_tree_node_base*, std::_Rb_tree_node_base*> std::_Rb_tree<_Key, _Val, _KeyOfValue, _Compare, _Alloc>::_M_get_insert_hint_unique_pos(std::_Rb_tree<_Key, _Val, _KeyOfValue, _Compare, _Alloc>::const_iterator, const key_type&) [with _Key = int; _Val = std::pair<const int, wyz::CStateBase*>; _KeyOfValue = std::_Select1st<std::pair<const int, wyz::CStateBase*> >; _Compare = std::less<int>; _Alloc = std::allocator<std::pair<const int, wyz::CStateBase*> >]	64	static
stl_tree.h:759:7:static const _Key& std::_Rb_tree<_Key, _Val, _KeyOfValue, _Compare, _Alloc>::_S_key(std::_Rb_tree<_Key, _Val, _KeyOfValue, _Compare, _Alloc>::_Const_Link_type) [with _Key = int; _Val = std::pair<const int, wyz::CStateBase*>; _KeyOfValue = std::_Select1st<std::pair<const int, wyz::CStateBase*> >; _Compare = std::less<int>; _Alloc = std::allocator<std::pair<const int, wyz::CStateBase*> >]	24	static
stl_tree.h:2297:5:std::_Rb_tree<_Key, _Val, _KeyOfValue, _Compare, _Alloc>::iterator std::_Rb_tree<_Key, _Val, _KeyOfValue, _Compare, _Alloc>::_M_insert_node(std::_Rb_tree<_Key, _Val, _KeyOfValue, _Compare, _Alloc>::_Base_ptr, std::_Rb_tree<_Key, _Val, _KeyOfValue, _Compare, _Alloc>::_Base_ptr, std::_Rb_tree<_Key, _Val, _KeyOfValue, _Compare, _Alloc>::_Link_type) [with _Key = int; _Val = std::pair<const int, wyz::CStateBase*>; _KeyOfValue = std::_Select1st<std::pair<const int, wyz::CStateBase*> >; _Compare = std::less<int>; _Alloc = std::allocator<std::pair<const int, wyz::CStateBase*> >]	40	static
stl_tree.h:273:7:std::_Rb_tree_iterator<_Tp>::_Rb_tree_iterator(std::_Rb_tree_iterator<_Tp>::_Base_ptr) [with _Tp = std::pair<const int, wyz::CStateBase*>]	16	static
stl_tree.h:740:7:const std::_Rb_tree_node<_Val>* std::_Rb_tree<_Key, _Val, _KeyOfValue, _Compare, _Alloc>::_M_begin() const [with _Key = long long int; _Val = std::pair<const long long int, int>; _KeyOfValue = std::_Select1st<std::pair<const long long int, int> >; _Compare = std::less<long long int>; _Alloc = std::allocator<std::pair<const long long int, int> >]	16	static
stl_tree.h:751:7:const std::_Rb_tree_node_base* std::_Rb_tree<_Key, _Val, _KeyOfValue, _Compare, _Alloc>::_M_end() const [with _Key = long long int; _Val = std::pair<const long long int, int>; _KeyOfValue = std::_Select1st<std::pair<const long long int, int> >; _Compare = std::less<long long int>; _Alloc = std::allocator<std::pair<const long long int, int> >]	16	static
stl_tree.h:1883:5:std::_Rb_tree<_Key, _Val, _KeyOfValue, _Compare, _Alloc>::const_iterator std::_Rb_tree<_Key, _Val, _KeyOfValue, _Compare, _Alloc>::_M_lower_bound(std::_Rb_tree<_Key, _Val, _KeyOfValue, _Compare, _Alloc>::_Const_Link_type, std::_Rb_tree<_Key, _Val, _KeyOfValue, _Compare, _Alloc>::_Const_Base_ptr, const _Key&) const [with _Key = long long int; _Val = std::pair<const long long int, int>; _KeyOfValue = std::_Select1st<std::pair<const long long int, int> >; _Compare = std::less<long long int>; _Alloc = std::allocator<std::pair<const long long int, int> >]	40	static
stl_tree.h:783:7:static const _Key& std::_Rb_tree<_Key, _Val, _KeyOfValue, _Compare, _Alloc>::_S_key(std::_Rb_tree<_Key, _Val, _KeyOfValue, _Compare, _Alloc>::_Const_Base_ptr) [with _Key = long long int; _Val = std::pair<const long long int, int>; _KeyOfValue = std::_Select1st<std::pair<const long long int, int> >; _Compare = std::less<long long int>; _Alloc = std::allocator<std::pair<const long long int, int> >]	24	static
stl_tree.h:345:7:std::_Rb_tree_const_iterator<_Tp>::_Rb_tree_const_iterator(std::_Rb_tree_const_iterator<_Tp>::_Base_ptr) [with _Tp = std::pair<const long long int, int>]	16	static
stl_tree.h:640:9:) [with _Args = {const std::piecewise_construct_t&, std::tuple<const long long int&>, std::tuple<>}; _Key = long long int; _Val = std::pair<const long long int, int>; _KeyOfValue = std::_Select1st<std::pair<const long long int, int> >; _Compare = std::less<long long int>; _Alloc = std::allocator<std::pair<const long long int, int> >]	48	static
stl_tree.h:740:7:const std::_Rb_tree_node<_Val>* std::_Rb_tree<_Key, _Val, _KeyOfValue, _Compare, _Alloc>::_M_begin() const [with _Key = int; _Val = std::pair<const int, wyz::CStateBase*>; _KeyOfValue = std::_Select1st<std::pair<const int, wyz::CStateBase*> >; _Compare = std::less<int>; _Alloc = std::allocator<std::pair<const int, wyz::CStateBase*> >]	16	static
stl_tree.h:751:7:const std::_Rb_tree_node_base* std::_Rb_tree<_Key, _Val, _KeyOfValue, _Compare, _Alloc>::_M_end() const [with _Key = int; _Val = std::pair<const int, wyz::CStateBase*>; _KeyOfValue = std::_Select1st<std::pair<const int, wyz::CStateBase*> >; _Compare = std::less<int>; _Alloc = std::allocator<std::pair<const int, wyz::CStateBase*> >]	16	static
stl_tree.h:1883:5:std::_Rb_tree<_Key, _Val, _KeyOfValue, _Compare, _Alloc>::const_iterator std::_Rb_tree<_Key, _Val, _KeyOfValue, _Compare, _Alloc>::_M_lower_bound(std::_Rb_tree<_Key, _Val, _KeyOfValue, _Compare, _Alloc>::_Const_Link_type, std::_Rb_tree<_Key, _Val, _KeyOfValue, _Compare, _Alloc>::_Const_Base_ptr, const _Key&) const [with _Key = int; _Val = std::pair<const int, wyz::CStateBase*>; _KeyOfValue = std::_Select1st<std::pair<const int, wyz::CStateBase*> >; _Compare = std::less<int>; _Alloc = std::allocator<std::pair<const int, wyz::CStateBase*> >]	40	static
stl_tree.h:783:7:static const _Key& std::_Rb_tree<_Key, _Val, _KeyOfValue, _Compare, _Alloc>::_S_key(std::_Rb_tree<_Key, _Val, _KeyOfValue, _Compare, _Alloc>::_Const_Base_ptr) [with _Key = int; _Val = std::pair<const int, wyz::CStateBase*>; _KeyOfValue = std::_Select1st<std::pair<const int, wyz::CStateBase*> >; _Compare = std::less<int>; _Alloc = std::allocator<std::pair<const int, wyz::CStateBase*> >]	24	static
stl_tree.h:345:7:std::_Rb_tree_const_iterator<_Tp>::_Rb_tree_const_iterator(std::_Rb_tree_const_iterator<_Tp>::_Base_ptr) [with _Tp = std::pair<const int, wyz::CStateBase*>]	16	static
stl_tree.h:747:7:std::_Rb_tree_node_base* std::_Rb_tree<_Key, _Val, _KeyOfValue, _Compare, _Alloc>::_M_end() [with _Key = long long int; _Val = std::pair<const long long int, int>; _KeyOfValue = std::_Select1st<std::pair<const long long int, int> >; _Compare = std::less<long long int>; _Alloc = std::allocator<std::pair<const long long int, int> >]	16	static
stl_tree.h:1867:5:std::_Rb_tree<_Key, _Val, _KeyOfValue, _Compare, _Alloc>::iterator std::_Rb_tree<_Key, _Val, _KeyOfValue, _Compare, _Alloc>::_M_lower_bound(std::_Rb_tree<_Key, _Val, _KeyOfValue, _Compare, _Alloc>::_Link_type, std::_Rb_tree<_Key, _Val, _KeyOfValue, _Compare, _Alloc>::_Base_ptr, const _Key&) [with _Key = long long int; _Val = std::pair<const long long int, int>; _KeyOfValue = std::_Select1st<std::pair<const long long int, int> >; _Compare = std::less<long long int>; _Alloc = std::allocator<std::pair<const long long int, int> >]	40	static
aligned_buffer.h:70:7:_Tp* __gnu_cxx::__aligned_membuf<_Tp>::_M_ptr() [with _Tp = std::pair<const long long int, int>]	16	static
stl_tree.h:648:7:void std::_Rb_tree<_Key, _Val, _KeyOfValue, _Compare, _Alloc>::_M_destroy_node(std::_Rb_tree<_Key, _Val, _KeyOfValue, _Compare, _Alloc>::_Link_type) [with _Key = int; _Val = std::pair<const int, wyz::CStateBase*>; _KeyOfValue = std::_Select1st<std::pair<const int, wyz::CStateBase*> >; _Compare = std::less<int>; _Alloc = std::allocator<std::pair<const int, wyz::CStateBase*> >]	24	static
stl_tree.h:591:7:void std::_Rb_tree<_Key, _Val, _KeyOfValue, _Compare, _Alloc>::_M_put_node(std::_Rb_tree<_Key, _Val, _KeyOfValue, _Compare, _Alloc>::_Link_type) [with _Key = int; _Val = std::pair<const int, wyz::CStateBase*>; _KeyOfValue = std::_Select1st<std::pair<const int, wyz::CStateBase*> >; _Compare = std::less<int>; _Alloc = std::allocator<std::pair<const int, wyz::CStateBase*> >]	16	static
stl_tree.h:648:7:void std::_Rb_tree<_Key, _Val, _KeyOfValue, _Compare, _Alloc>::_M_destroy_node(std::_Rb_tree<_Key, _Val, _KeyOfValue, _Compare, _Alloc>::_Link_type) [with _Key = long long int; _Val = std::pair<const long long int, int>; _KeyOfValue = std::_Select1st<std::pair<const long long int, int> >; _Compare = std::less<long long int>; _Alloc = std::allocator<std::pair<const long long int, int> >]	24	static
stl_tree.h:591:7:void std::_Rb_tree<_Key, _Val, _KeyOfValue, _Compare, _Alloc>::_M_put_node(std::_Rb_tree<_Key, _Val, _KeyOfValue, _Compare, _Alloc>::_Link_type) [with _Key = long long int; _Val = std::pair<const long long int, int>; _KeyOfValue = std::_Select1st<std::pair<const long long int, int> >; _Compare = std::less<long long int>; _Alloc = std::allocator<std::pair<const long long int, int> >]	16	static
stl_tree.h:587:7:std::_Rb_tree_node<_Val>* std::_Rb_tree<_Key, _Val, _KeyOfValue, _Compare, _Alloc>::_M_get_node() [with _Key = long long int; _Val = std::pair<const long long int, int>; _KeyOfValue = std::_Select1st<std::pair<const long long int, int> >; _Compare = std::less<long long int>; _Alloc = std::allocator<std::pair<const long long int, int> >]	16	static
stl_tree.h:621:2:) [with _Args = {const std::piecewise_construct_t&, std::tuple<long long int&&>, std::tuple<>}; _Key = long long int; _Val = std::pair<const long long int, int>; _KeyOfValue = std::_Select1st<std::pair<const long long int, int> >; _Compare = std::less<long long int>; _Alloc = std::allocator<std::pair<const long long int, int> >]	48	static
stl_tree.h:352:7:std::_Rb_tree_const_iterator<_Tp>::iterator std::_Rb_tree_const_iterator<_Tp>::_M_const_cast() const [with _Tp = std::pair<const long long int, int>]	24	static
stl_tree.h:996:7:std::_Rb_tree<_Key, _Val, _KeyOfValue, _Compare, _Alloc>::size_type std::_Rb_tree<_Key, _Val, _KeyOfValue, _Compare, _Alloc>::size() const [with _Key = long long int; _Val = std::pair<const long long int, int>; _KeyOfValue = std::_Select1st<std::pair<const long long int, int> >; _Compare = std::less<long long int>; _Alloc = std::allocator<std::pair<const long long int, int> >]	16	static
stl_tree.h:728:7:std::_Rb_tree_node_base*& std::_Rb_tree<_Key, _Val, _KeyOfValue, _Compare, _Alloc>::_M_rightmost() [with _Key = long long int; _Val = std::pair<const long long int, int>; _KeyOfValue = std::_Select1st<std::pair<const long long int, int> >; _Compare = std::less<long long int>; _Alloc = std::allocator<std::pair<const long long int, int> >]	16	static
stl_pair.h:330:12:constexpr std::pair<_T1, _T2>::pair(_U1&&, _U2&&) [with _U1 = std::_Rb_tree_node<std::pair<const long long int, int> >*&; _U2 = std::_Rb_tree_node_base*&; typename std::enable_if<(std::_PCC<true, _T1, _T2>::_MoveConstructiblePair<_U1, _U2>() && std::_PCC<true, _T1, _T2>::_ImplicitlyMoveConvertiblePair<_U1, _U2>()), bool>::type <anonymous> = 1; _T1 = std::_Rb_tree_node_base*; _T2 = std::_Rb_tree_node_base*]	24	static
move.h:73:5:constexpr _Tp&& std::forward(typename std::remove_reference<_From>::type&) [with _Tp = std::_Rb_tree_node<std::pair<const long long int, int> >*&]	16	static
stl_tree.h:2028:5:std::pair<std::_Rb_tree_node_base*, std::_Rb_tree_node_base*> std::_Rb_tree<_Key, _Val, _KeyOfValue, _Compare, _Alloc>::_M_get_insert_unique_pos(const key_type&) [with _Key = long long int; _Val = std::pair<const long long int, int>; _KeyOfValue = std::_Select1st<std::pair<const long long int, int> >; _Compare = std::less<long long int>; _Alloc = std::allocator<std::pair<const long long int, int> >]	56	static
stl_tree.h:720:7:std::_Rb_tree_node_base*& std::_Rb_tree<_Key, _Val, _KeyOfValue, _Compare, _Alloc>::_M_leftmost() [with _Key = long long int; _Val = std::pair<const long long int, int>; _KeyOfValue = std::_Select1st<std::pair<const long long int, int> >; _Compare = std::less<long long int>; _Alloc = std::allocator<std::pair<const long long int, int> >]	16	static
stl_tree.h:300:7:std::_Rb_tree_iterator<_Tp>::_Self& std::_Rb_tree_iterator<_Tp>::operator--() [with _Tp = std::pair<const long long int, int>]	16	static
stl_tree.h:285:7:std::_Rb_tree_iterator<_Tp>::_Self& std::_Rb_tree_iterator<_Tp>::operator++() [with _Tp = std::pair<const long long int, int>]	16	static
stl_tree.h:755:7:static const value_type& std::_Rb_tree<_Key, _Val, _KeyOfValue, _Compare, _Alloc>::_S_value(std::_Rb_tree<_Key, _Val, _KeyOfValue, _Compare, _Alloc>::_Const_Link_type) [with _Key = long long int; _Val = std::pair<const long long int, int>; _KeyOfValue = std::_Select1st<std::pair<const long long int, int> >; _Compare = std::less<long long int>; _Alloc = std::allocator<std::pair<const long long int, int> >]	16	static
stl_function.h:890:7:const typename _Pair::first_type& std::_Select1st<_Pair>::operator()(const _Pair&) const [with _Pair = std::pair<const long long int, int>]	16	static
stl_tree.h:747:7:std::_Rb_tree_node_base* std::_Rb_tree<_Key, _Val, _KeyOfValue, _Compare, _Alloc>::_M_end() [with _Key = int; _Val = std::pair<const int, wyz::CStateBase*>; _KeyOfValue = std::_Select1st<std::pair<const int, wyz::CStateBase*> >; _Compare = std::less<int>; _Alloc = std::allocator<std::pair<const int, wyz::CStateBase*> >]	16	static
stl_tree.h:1867:5:std::_Rb_tree<_Key, _Val, _KeyOfValue, _Compare, _Alloc>::iterator std::_Rb_tree<_Key, _Val, _KeyOfValue, _Compare, _Alloc>::_M_lower_bound(std::_Rb_tree<_Key, _Val, _KeyOfValue, _Compare, _Alloc>::_Link_type, std::_Rb_tree<_Key, _Val, _KeyOfValue, _Compare, _Alloc>::_Base_ptr, const _Key&) [with _Key = int; _Val = std::pair<const int, wyz::CStateBase*>; _KeyOfValue = std::_Select1st<std::pair<const int, wyz::CStateBase*> >; _Compare = std::less<int>; _Alloc = std::allocator<std::pair<const int, wyz::CStateBase*> >]	40	static
aligned_buffer.h:70:7:_Tp* __gnu_cxx::__aligned_membuf<_Tp>::_M_ptr() [with _Tp = std::pair<const int, wyz::CStateBase*>]	16	static
stl_tree.h:587:7:std::_Rb_tree_node<_Val>* std::_Rb_tree<_Key, _Val, _KeyOfValue, _Compare, _Alloc>::_M_get_node() [with _Key = int; _Val = std::pair<const int, wyz::CStateBase*>; _KeyOfValue = std::_Select1st<std::pair<const int, wyz::CStateBase*> >; _Compare = std::less<int>; _Alloc = std::allocator<std::pair<const int, wyz::CStateBase*> >]	16	static
stl_tree.h:621:2:) [with _Args = {const std::piecewise_construct_t&, std::tuple<const int&>, std::tuple<>}; _Key = int; _Val = std::pair<const int, wyz::CStateBase*>; _KeyOfValue = std::_Select1st<std::pair<const int, wyz::CStateBase*> >; _Compare = std::less<int>; _Alloc = std::allocator<std::pair<const int, wyz::CStateBase*> >]	48	static
stl_tree.h:352:7:std::_Rb_tree_const_iterator<_Tp>::iterator std::_Rb_tree_const_iterator<_Tp>::_M_const_cast() const [with _Tp = std::pair<const int, wyz::CStateBase*>]	24	static
stl_tree.h:996:7:std::_Rb_tree<_Key, _Val, _KeyOfValue, _Compare, _Alloc>::size_type std::_Rb_tree<_Key, _Val, _KeyOfValue, _Compare, _Alloc>::size() const [with _Key = int; _Val = std::pair<const int, wyz::CStateBase*>; _KeyOfValue = std::_Select1st<std::pair<const int, wyz::CStateBase*> >; _Compare = std::less<int>; _Alloc = std::allocator<std::pair<const int, wyz::CStateBase*> >]	16	static
stl_tree.h:728:7:std::_Rb_tree_node_base*& std::_Rb_tree<_Key, _Val, _KeyOfValue, _Compare, _Alloc>::_M_rightmost() [with _Key = int; _Val = std::pair<const int, wyz::CStateBase*>; _KeyOfValue = std::_Select1st<std::pair<const int, wyz::CStateBase*> >; _Compare = std::less<int>; _Alloc = std::allocator<std::pair<const int, wyz::CStateBase*> >]	16	static
stl_pair.h:330:12:constexpr std::pair<_T1, _T2>::pair(_U1&&, _U2&&) [with _U1 = std::_Rb_tree_node<std::pair<const int, wyz::CStateBase*> >*&; _U2 = std::_Rb_tree_node_base*&; typename std::enable_if<(std::_PCC<true, _T1, _T2>::_MoveConstructiblePair<_U1, _U2>() && std::_PCC<true, _T1, _T2>::_ImplicitlyMoveConvertiblePair<_U1, _U2>()), bool>::type <anonymous> = 1; _T1 = std::_Rb_tree_node_base*; _T2 = std::_Rb_tree_node_base*]	24	static
move.h:73:5:constexpr _Tp&& std::forward(typename std::remove_reference<_From>::type&) [with _Tp = std::_Rb_tree_node<std::pair<const int, wyz::CStateBase*> >*&]	16	static
stl_tree.h:2028:5:std::pair<std::_Rb_tree_node_base*, std::_Rb_tree_node_base*> std::_Rb_tree<_Key, _Val, _KeyOfValue, _Compare, _Alloc>::_M_get_insert_unique_pos(const key_type&) [with _Key = int; _Val = std::pair<const int, wyz::CStateBase*>; _KeyOfValue = std::_Select1st<std::pair<const int, wyz::CStateBase*> >; _Compare = std::less<int>; _Alloc = std::allocator<std::pair<const int, wyz::CStateBase*> >]	56	static
stl_tree.h:720:7:std::_Rb_tree_node_base*& std::_Rb_tree<_Key, _Val, _KeyOfValue, _Compare, _Alloc>::_M_leftmost() [with _Key = int; _Val = std::pair<const int, wyz::CStateBase*>; _KeyOfValue = std::_Select1st<std::pair<const int, wyz::CStateBase*> >; _Compare = std::less<int>; _Alloc = std::allocator<std::pair<const int, wyz::CStateBase*> >]	16	static
stl_tree.h:300:7:std::_Rb_tree_iterator<_Tp>::_Self& std::_Rb_tree_iterator<_Tp>::operator--() [with _Tp = std::pair<const int, wyz::CStateBase*>]	16	static
stl_tree.h:285:7:std::_Rb_tree_iterator<_Tp>::_Self& std::_Rb_tree_iterator<_Tp>::operator++() [with _Tp = std::pair<const int, wyz::CStateBase*>]	16	static
stl_tree.h:755:7:static const value_type& std::_Rb_tree<_Key, _Val, _KeyOfValue, _Compare, _Alloc>::_S_value(std::_Rb_tree<_Key, _Val, _KeyOfValue, _Compare, _Alloc>::_Const_Link_type) [with _Key = int; _Val = std::pair<const int, wyz::CStateBase*>; _KeyOfValue = std::_Select1st<std::pair<const int, wyz::CStateBase*> >; _Compare = std::less<int>; _Alloc = std::allocator<std::pair<const int, wyz::CStateBase*> >]	16	static
stl_function.h:890:7:const typename _Pair::first_type& std::_Select1st<_Pair>::operator()(const _Pair&) const [with _Pair = std::pair<const int, wyz::CStateBase*>]	16	static
stl_tree.h:767:7:static const std::_Rb_tree_node<_Val>* std::_Rb_tree<_Key, _Val, _KeyOfValue, _Compare, _Alloc>::_S_left(std::_Rb_tree<_Key, _Val, _KeyOfValue, _Compare, _Alloc>::_Const_Base_ptr) [with _Key = long long int; _Val = std::pair<const long long int, int>; _KeyOfValue = std::_Select1st<std::pair<const long long int, int> >; _Compare = std::less<long long int>; _Alloc = std::allocator<std::pair<const long long int, int> >]	16	static
stl_tree.h:775:7:static const std::_Rb_tree_node<_Val>* std::_Rb_tree<_Key, _Val, _KeyOfValue, _Compare, _Alloc>::_S_right(std::_Rb_tree<_Key, _Val, _KeyOfValue, _Compare, _Alloc>::_Const_Base_ptr) [with _Key = long long int; _Val = std::pair<const long long int, int>; _KeyOfValue = std::_Select1st<std::pair<const long long int, int> >; _Compare = std::less<long long int>; _Alloc = std::allocator<std::pair<const long long int, int> >]	16	static
stl_tree.h:779:7:static const value_type& std::_Rb_tree<_Key, _Val, _KeyOfValue, _Compare, _Alloc>::_S_value(std::_Rb_tree<_Key, _Val, _KeyOfValue, _Compare, _Alloc>::_Const_Base_ptr) [with _Key = long long int; _Val = std::pair<const long long int, int>; _KeyOfValue = std::_Select1st<std::pair<const long long int, int> >; _Compare = std::less<long long int>; _Alloc = std::allocator<std::pair<const long long int, int> >]	16	static
stl_tree.h:621:2:) [with _Args = {const std::piecewise_construct_t&, std::tuple<const long long int&>, std::tuple<>}; _Key = long long int; _Val = std::pair<const long long int, int>; _KeyOfValue = std::_Select1st<std::pair<const long long int, int> >; _Compare = std::less<long long int>; _Alloc = std::allocator<std::pair<const long long int, int> >]	48	static
stl_tree.h:767:7:static const std::_Rb_tree_node<_Val>* std::_Rb_tree<_Key, _Val, _KeyOfValue, _Compare, _Alloc>::_S_left(std::_Rb_tree<_Key, _Val, _KeyOfValue, _Compare, _Alloc>::_Const_Base_ptr) [with _Key = int; _Val = std::pair<const int, wyz::CStateBase*>; _KeyOfValue = std::_Select1st<std::pair<const int, wyz::CStateBase*> >; _Compare = std::less<int>; _Alloc = std::allocator<std::pair<const int, wyz::CStateBase*> >]	16	static
stl_tree.h:775:7:static const std::_Rb_tree_node<_Val>* std::_Rb_tree<_Key, _Val, _KeyOfValue, _Compare, _Alloc>::_S_right(std::_Rb_tree<_Key, _Val, _KeyOfValue, _Compare, _Alloc>::_Const_Base_ptr) [with _Key = int; _Val = std::pair<const int, wyz::CStateBase*>; _KeyOfValue = std::_Select1st<std::pair<const int, wyz::CStateBase*> >; _Compare = std::less<int>; _Alloc = std::allocator<std::pair<const int, wyz::CStateBase*> >]	16	static
stl_tree.h:779:7:static const value_type& std::_Rb_tree<_Key, _Val, _KeyOfValue, _Compare, _Alloc>::_S_value(std::_Rb_tree<_Key, _Val, _KeyOfValue, _Compare, _Alloc>::_Const_Base_ptr) [with _Key = int; _Val = std::pair<const int, wyz::CStateBase*>; _KeyOfValue = std::_Select1st<std::pair<const int, wyz::CStateBase*> >; _Compare = std::less<int>; _Alloc = std::allocator<std::pair<const int, wyz::CStateBase*> >]	16	static
aligned_buffer.h:62:7:void* __gnu_cxx::__aligned_membuf<_Tp>::_M_addr() [with _Tp = std::pair<const long long int, int>]	16	static
stl_tree.h:574:7:std::_Rb_tree<_Key, _Val, _KeyOfValue, _Compare, _Alloc>::_Node_allocator& std::_Rb_tree<_Key, _Val, _KeyOfValue, _Compare, _Alloc>::_M_get_Node_allocator() [with _Key = int; _Val = std::pair<const int, wyz::CStateBase*>; _KeyOfValue = std::_Select1st<std::pair<const int, wyz::CStateBase*> >; _Compare = std::less<int>; _Alloc = std::allocator<std::pair<const int, wyz::CStateBase*> >]	16	static
alloc_traits.h:486:2:static void std::allocator_traits<std::allocator<_Tp1> >::destroy(std::allocator_traits<std::allocator<_Tp1> >::allocator_type&, _Up*) [with _Up = std::pair<const int, wyz::CStateBase*>; _Tp = std::_Rb_tree_node<std::pair<const int, wyz::CStateBase*> >]	16	static
alloc_traits.h:461:7:static void std::allocator_traits<std::allocator<_Tp1> >::deallocate(std::allocator_traits<std::allocator<_Tp1> >::allocator_type&, std::allocator_traits<std::allocator<_Tp1> >::pointer, std::allocator_traits<std::allocator<_Tp1> >::size_type) [with _Tp = std::_Rb_tree_node<std::pair<const int, wyz::CStateBase*> >]	24	static
stl_tree.h:574:7:std::_Rb_tree<_Key, _Val, _KeyOfValue, _Compare, _Alloc>::_Node_allocator& std::_Rb_tree<_Key, _Val, _KeyOfValue, _Compare, _Alloc>::_M_get_Node_allocator() [with _Key = long long int; _Val = std::pair<const long long int, int>; _KeyOfValue = std::_Select1st<std::pair<const long long int, int> >; _Compare = std::less<long long int>; _Alloc = std::allocator<std::pair<const long long int, int> >]	16	static
alloc_traits.h:486:2:static void std::allocator_traits<std::allocator<_Tp1> >::destroy(std::allocator_traits<std::allocator<_Tp1> >::allocator_type&, _Up*) [with _Up = std::pair<const long long int, int>; _Tp = std::_Rb_tree_node<std::pair<const long long int, int> >]	16	static
alloc_traits.h:461:7:static void std::allocator_traits<std::allocator<_Tp1> >::deallocate(std::allocator_traits<std::allocator<_Tp1> >::allocator_type&, std::allocator_traits<std::allocator<_Tp1> >::pointer, std::allocator_traits<std::allocator<_Tp1> >::size_type) [with _Tp = std::_Rb_tree_node<std::pair<const long long int, int> >]	24	static
alloc_traits.h:435:7:static _Tp* std::allocator_traits<std::allocator<_Tp1> >::allocate(std::allocator_traits<std::allocator<_Tp1> >::allocator_type&, std::allocator_traits<std::allocator<_Tp1> >::size_type) [with _Tp = std::_Rb_tree_node<std::pair<const long long int, int> >]	16	static
alloc_traits.h:474:2:) [with _Up = std::pair<const long long int, int>; _Args = {const std::piecewise_construct_t&, std::tuple<long long int&&>, std::tuple<>}; _Tp = std::_Rb_tree_node<std::pair<const long long int, int> >]	40	static
stl_tree.h:960:7:std::_Rb_tree<_Key, _Val, _KeyOfValue, _Compare, _Alloc>::iterator std::_Rb_tree<_Key, _Val, _KeyOfValue, _Compare, _Alloc>::begin() [with _Key = long long int; _Val = std::pair<const long long int, int>; _KeyOfValue = std::_Select1st<std::pair<const long long int, int> >; _Compare = std::less<long long int>; _Alloc = std::allocator<std::pair<const long long int, int> >]	24	static
stl_tree.h:238:7:const _Val* std::_Rb_tree_node<_Val>::_M_valptr() const [with _Val = std::pair<const long long int, int>]	16	static
aligned_buffer.h:62:7:void* __gnu_cxx::__aligned_membuf<_Tp>::_M_addr() [with _Tp = std::pair<const int, wyz::CStateBase*>]	16	static
alloc_traits.h:435:7:static _Tp* std::allocator_traits<std::allocator<_Tp1> >::allocate(std::allocator_traits<std::allocator<_Tp1> >::allocator_type&, std::allocator_traits<std::allocator<_Tp1> >::size_type) [with _Tp = std::_Rb_tree_node<std::pair<const int, wyz::CStateBase*> >]	16	static
alloc_traits.h:474:2:) [with _Up = std::pair<const int, wyz::CStateBase*>; _Args = {const std::piecewise_construct_t&, std::tuple<const int&>, std::tuple<>}; _Tp = std::_Rb_tree_node<std::pair<const int, wyz::CStateBase*> >]	40	static
stl_tree.h:960:7:std::_Rb_tree<_Key, _Val, _KeyOfValue, _Compare, _Alloc>::iterator std::_Rb_tree<_Key, _Val, _KeyOfValue, _Compare, _Alloc>::begin() [with _Key = int; _Val = std::pair<const int, wyz::CStateBase*>; _KeyOfValue = std::_Select1st<std::pair<const int, wyz::CStateBase*> >; _Compare = std::less<int>; _Alloc = std::allocator<std::pair<const int, wyz::CStateBase*> >]	24	static
stl_tree.h:238:7:const _Val* std::_Rb_tree_node<_Val>::_M_valptr() const [with _Val = std::pair<const int, wyz::CStateBase*>]	16	static
alloc_traits.h:474:2:) [with _Up = std::pair<const long long int, int>; _Args = {const std::piecewise_construct_t&, std::tuple<const long long int&>, std::tuple<>}; _Tp = std::_Rb_tree_node<std::pair<const long long int, int> >]	40	static
new_allocator.h:140:2:void __gnu_cxx::new_allocator<_Tp>::destroy(_Up*) [with _Up = std::pair<const int, wyz::CStateBase*>; _Tp = std::_Rb_tree_node<std::pair<const int, wyz::CStateBase*> >]	16	static
new_allocator.h:116:7:void __gnu_cxx::new_allocator<_Tp>::deallocate(__gnu_cxx::new_allocator<_Tp>::pointer, __gnu_cxx::new_allocator<_Tp>::size_type) [with _Tp = std::_Rb_tree_node<std::pair<const int, wyz::CStateBase*> >]	24	static
new_allocator.h:140:2:void __gnu_cxx::new_allocator<_Tp>::destroy(_Up*) [with _Up = std::pair<const long long int, int>; _Tp = std::_Rb_tree_node<std::pair<const long long int, int> >]	16	static
new_allocator.h:116:7:void __gnu_cxx::new_allocator<_Tp>::deallocate(__gnu_cxx::new_allocator<_Tp>::pointer, __gnu_cxx::new_allocator<_Tp>::size_type) [with _Tp = std::_Rb_tree_node<std::pair<const long long int, int> >]	24	static
new_allocator.h:99:7:_Tp* __gnu_cxx::new_allocator<_Tp>::allocate(__gnu_cxx::new_allocator<_Tp>::size_type, const void*) [with _Tp = std::_Rb_tree_node<std::pair<const long long int, int> >]	24	static
new_allocator.h:135:2:) [with _Up = std::pair<const long long int, int>; _Args = {const std::piecewise_construct_t&, std::tuple<long long int&&>, std::tuple<>}; _Tp = std::_Rb_tree_node<std::pair<const long long int, int> >]	48	static
aligned_buffer.h:74:7:const _Tp* __gnu_cxx::__aligned_membuf<_Tp>::_M_ptr() const [with _Tp = std::pair<const long long int, int>]	16	static
new_allocator.h:99:7:_Tp* __gnu_cxx::new_allocator<_Tp>::allocate(__gnu_cxx::new_allocator<_Tp>::size_type, const void*) [with _Tp = std::_Rb_tree_node<std::pair<const int, wyz::CStateBase*> >]	24	static
tuple:662:17:constexpr std::tuple<_Elements>::tuple(std::tuple<_Elements>&&) [with _Elements = {const int&}]	16	static
tuple:351:7:static constexpr _Head& std::_Tuple_impl<_Idx, _Head>::_M_head(std::_Tuple_impl<_Idx, _Head>&) [with unsigned int _Idx = 0; _Head = const int&]	16	static
tuple:160:7:static constexpr _Head& std::_Head_base<_Idx, _Head, false>::_M_head(std::_Head_base<_Idx, _Head, false>&) [with unsigned int _Idx = 0; _Head = const int&]	16	static
move.h:73:5:constexpr _Tp&& std::forward(typename std::remove_reference<_From>::type&) [with _Tp = const int&]	16	static
tuple:371:7:constexpr std::_Tuple_impl<_Idx, _Head>::_Tuple_impl(std::_Tuple_impl<_Idx, _Head>&&) [with unsigned int _Idx = 0; _Head = const int&]	24	static
new_allocator.h:135:2:) [with _Up = std::pair<const int, wyz::CStateBase*>; _Args = {const std::piecewise_construct_t&, std::tuple<const int&>, std::tuple<>}; _Tp = std::_Rb_tree_node<std::pair<const int, wyz::CStateBase*> >]	48	static
aligned_buffer.h:74:7:const _Tp* __gnu_cxx::__aligned_membuf<_Tp>::_M_ptr() const [with _Tp = std::pair<const int, wyz::CStateBase*>]	16	static
tuple:662:17:constexpr std::tuple<_Elements>::tuple(std::tuple<_Elements>&&) [with _Elements = {const long long int&}]	16	static
tuple:351:7:static constexpr _Head& std::_Tuple_impl<_Idx, _Head>::_M_head(std::_Tuple_impl<_Idx, _Head>&) [with unsigned int _Idx = 0; _Head = const long long int&]	16	static
tuple:160:7:static constexpr _Head& std::_Head_base<_Idx, _Head, false>::_M_head(std::_Head_base<_Idx, _Head, false>&) [with unsigned int _Idx = 0; _Head = const long long int&]	16	static
move.h:73:5:constexpr _Tp&& std::forward(typename std::remove_reference<_From>::type&) [with _Tp = const long long int&]	16	static
tuple:371:7:constexpr std::_Tuple_impl<_Idx, _Head>::_Tuple_impl(std::_Tuple_impl<_Idx, _Head>&&) [with unsigned int _Idx = 0; _Head = const long long int&]	24	static
new_allocator.h:135:2:) [with _Up = std::pair<const long long int, int>; _Args = {const std::piecewise_construct_t&, std::tuple<const long long int&>, std::tuple<>}; _Tp = std::_Rb_tree_node<std::pair<const long long int, int> >]	48	static
new_allocator.h:129:7:__gnu_cxx::new_allocator<_Tp>::size_type __gnu_cxx::new_allocator<_Tp>::max_size() const [with _Tp = std::_Rb_tree_node<std::pair<const long long int, int> >]	16	static
tuple:1636:7:>) [with _Args1 = {long long int&&}; _Args2 = {}; _T1 = const long long int; _T2 = int]	48	static
aligned_buffer.h:66:7:const void* __gnu_cxx::__aligned_membuf<_Tp>::_M_addr() const [with _Tp = std::pair<const long long int, int>]	16	static
new_allocator.h:129:7:__gnu_cxx::new_allocator<_Tp>::size_type __gnu_cxx::new_allocator<_Tp>::max_size() const [with _Tp = std::_Rb_tree_node<std::pair<const int, wyz::CStateBase*> >]	16	static
tuple:1636:7:>) [with _Args1 = {const int&}; _Args2 = {}; _T1 = const int; _T2 = wyz::CStateBase*]	48	static
aligned_buffer.h:66:7:const void* __gnu_cxx::__aligned_membuf<_Tp>::_M_addr() const [with _Tp = std::pair<const int, wyz::CStateBase*>]	16	static
tuple:1636:7:>) [with _Args1 = {const long long int&}; _Args2 = {}; _T1 = const long long int; _T2 = int]	48	static
tuple:1314:5:>&) [with unsigned int __i = 0; _Elements = {long long int&&}]	16	static
tuple:1303:5:>&) [with unsigned int __i = 0; _Head = long long int&&; _Tail = {}]	16	static
tuple:1648:7:_Indexes2 = {}; _T1 = const long long int; _T2 = int]	32	static
tuple:1314:5:>&) [with unsigned int __i = 0; _Elements = {const int&}]	16	static
tuple:1303:5:>&) [with unsigned int __i = 0; _Head = const int&; _Tail = {}]	16	static
tuple:1648:7:_Indexes2 = {}; _T1 = const int; _T2 = wyz::CStateBase*]	24	static
tuple:1314:5:>&) [with unsigned int __i = 0; _Elements = {const long long int&}]	16	static
tuple:1303:5:>&) [with unsigned int __i = 0; _Head = const long long int&; _Tail = {}]	16	static
tuple:1648:7:_Indexes2 = {}; _T1 = const long long int; _T2 = int]	32	static
