new:168:14:void* operator new(std::size_t, void*)	16	static
gthr-default.h:229:1:int __gthread_key_delete(__gthread_key_t)	16	static
CRelateOfHandleAndCUart.h:17:35:static wyz::CRelateOfHandleAndCUart* wyz::CRelateOfHandleAndCUart::GetInstance()	4	static
CUart.cpp:13:6:void HAL_UART_RxCpltCallback(UART_HandleTypeDef*)	16	static
CUart.cpp:21:6:void HAL_UART_RxHalfCpltCallback(UART_HandleTypeDef*)	16	static
CDevice.h:15:7:constexpr wyz::CDevice::CDevice()	16	static
CSubject.h:14:7:constexpr wyz::CSubject::CSubject()	16	static
stl_list.h:733:7:std::__cxx11::list<_Tp, _Alloc>::~list() [with _Tp = wyz::CObserver*; _Alloc = std::allocator<wyz::CObserver*>]	16	static
CUart.cpp:31:1:wyz::CUart::CUart(UART_HandleTypeDef*, uint32_t, uint32_t, uint8_t)	24	static
CUart.cpp:41:1:wyz::CUart::~CUart()	16	static
CUart.cpp:49:9:virtual uint8_t wyz::CUart::Open()	16	static
CUart.cpp:53:9:virtual uint8_t wyz::CUart::Close()	16	static
CUart.cpp:58:10:uint32_t wyz::CUart::GetSizeOfRxBuf()	16	static
CUart.cpp:63:10:uint8_t* wyz::CUart::GetPointOfRxBuf()	16	static
CUart.cpp:74:6:virtual void wyz::CUart::BlockRead(uint8_t*, uint32_t, uint32_t)	24	static
CUart.cpp:79:6:virtual void wyz::CUart::Blockwrite(uint8_t*, uint32_t, uint32_t)	24	static
CUart.cpp:84:6:virtual void wyz::CUart::NonBlockRead(uint8_t*, uint32_t, uint32_t)	24	static
CUart.cpp:99:6:virtual void wyz::CUart::NonBlockWrite(uint8_t*, uint32_t, uint32_t)	24	static
CUart.cpp:114:6:virtual void wyz::CUart::Attach(wyz::CObserver*)	16	static
CUart.cpp:120:6:virtual void wyz::CUart::Detach(wyz::CObserver*)	16	static
CUart.cpp:125:6:virtual void wyz::CUart::Notify()	24	static
CUart.cpp:136:6:void wyz::CUart::StartObserverMode()	16	static
CUart.cpp:141:6:void wyz::CUart::HardInterrupt(uint8_t)	16	static
CUart.cpp:147:5:int wyz::CUart::GetUartMode()	16	static
stl_list.h:589:7:std::__cxx11::list<_Tp, _Alloc>::list() [with _Tp = wyz::CObserver*; _Alloc = std::allocator<wyz::CObserver*>]	16	static
stl_list.h:323:14:std::__cxx11::_List_base<wyz::CObserver*, std::allocator<wyz::CObserver*> >::_List_impl::~_List_impl()	16	static
stl_list.h:441:7:std::__cxx11::_List_base<_Tp, _Alloc>::~_List_base() [with _Tp = wyz::CObserver*; _Alloc = std::allocator<wyz::CObserver*>]	16	static
stl_list.h:1117:7:void std::__cxx11::list<_Tp, _Alloc>::push_back(const value_type&) [with _Tp = wyz::CObserver*; _Alloc = std::allocator<wyz::CObserver*>]	16	static
list.tcc:324:5:void std::__cxx11::list<_Tp, _Alloc>::remove(const value_type&) [with _Tp = wyz::CObserver*; _Alloc = std::allocator<wyz::CObserver*>]	40	static
stl_list.h:851:7:std::__cxx11::list<_Tp, _Alloc>::iterator std::__cxx11::list<_Tp, _Alloc>::begin() [with _Tp = wyz::CObserver*; _Alloc = std::allocator<wyz::CObserver*>]	24	static
stl_list.h:869:7:std::__cxx11::list<_Tp, _Alloc>::iterator std::__cxx11::list<_Tp, _Alloc>::end() [with _Tp = wyz::CObserver*; _Alloc = std::allocator<wyz::CObserver*>]	24	static
stl_list.h:194:7:bool std::_List_iterator< <template-parameter-1-1> >::operator!=(const _Self&) const [with _Tp = wyz::CObserver*]	16	static
stl_list.h:152:7:_Tp& std::_List_iterator< <template-parameter-1-1> >::operator*() const [with _Tp = wyz::CObserver*]	16	static
stl_list.h:160:7:std::_List_iterator< <template-parameter-1-1> >::_Self& std::_List_iterator< <template-parameter-1-1> >::operator++() [with _Tp = wyz::CObserver*]	16	static
stl_list.h:400:7:std::__cxx11::_List_base<_Tp, _Alloc>::_List_base() [with _Tp = wyz::CObserver*; _Alloc = std::allocator<wyz::CObserver*>]	16	static
allocator.h:139:7:std::allocator< <template-parameter-1-1> >::~allocator() [with _Tp = std::_List_node<wyz::CObserver*>]	16	static
list.tcc:65:5:void std::__cxx11::_List_base<_Tp, _Alloc>::_M_clear() [with _Tp = wyz::CObserver*; _Alloc = std::allocator<wyz::CObserver*>]	32	static
move.h:73:5:constexpr _Tp&& std::forward(typename std::remove_reference<_From>::type&) [with _Tp = wyz::CObserver* const&]	16	static
stl_list.h:1799:8:) [with _Args = {wyz::CObserver* const&}; _Tp = wyz::CObserver*; _Alloc = std::allocator<wyz::CObserver*>]	32	static
move.h:47:5:constexpr _Tp* std::__addressof(_Tp&) [with _Tp = wyz::CObserver*]	16	static
move.h:47:5:constexpr _Tp* std::__addressof(_Tp&) [with _Tp = wyz::CObserver* const]	16	static
stl_list.h:1809:7:void std::__cxx11::list<_Tp, _Alloc>::_M_erase(std::__cxx11::list<_Tp, _Alloc>::iterator) [with _Tp = wyz::CObserver*; _Alloc = std::allocator<wyz::CObserver*>]	32	static
stl_list.h:143:7:std::_List_iterator< <template-parameter-1-1> >::_List_iterator(std::__detail::_List_node_base*) [with _Tp = wyz::CObserver*]	16	static
stl_list.h:113:18:_Tp* std::_List_node<_Tp>::_M_valptr() [with _Tp = wyz::CObserver*]	16	static
stl_list.h:332:2:std::__cxx11::_List_base<_Tp, _Alloc>::_List_impl::_List_impl() [with _Tp = wyz::CObserver*; _Alloc = std::allocator<wyz::CObserver*>]	16	static
stl_list.h:448:7:void std::__cxx11::_List_base<_Tp, _Alloc>::_M_init() [with _Tp = wyz::CObserver*; _Alloc = std::allocator<wyz::CObserver*>]	16	static
new_allocator.h:86:7:__gnu_cxx::new_allocator<_Tp>::~new_allocator() [with _Tp = std::_List_node<wyz::CObserver*>]	16	static
stl_list.h:393:7:std::__cxx11::_List_base<_Tp, _Alloc>::_Node_alloc_type& std::__cxx11::_List_base<_Tp, _Alloc>::_M_get_Node_allocator() [with _Tp = wyz::CObserver*; _Alloc = std::allocator<wyz::CObserver*>]	16	static
alloc_traits.h:486:2:static void std::allocator_traits<std::allocator<_Tp1> >::destroy(std::allocator_traits<std::allocator<_Tp1> >::allocator_type&, _Up*) [with _Up = wyz::CObserver*; _Tp = std::_List_node<wyz::CObserver*>]	16	static
stl_list.h:386:7:void std::__cxx11::_List_base<_Tp, _Alloc>::_M_put_node(typename std::__cxx11::_List_base<_Tp, _Alloc>::_Node_alloc_traits::pointer) [with _Tp = wyz::CObserver*; _Alloc = std::allocator<wyz::CObserver*>]	16	static
stl_list.h:570:2:) [with _Args = {wyz::CObserver* const&}; _Tp = wyz::CObserver*; _Alloc = std::allocator<wyz::CObserver*>]	40	static
stl_list.h:354:12:void std::__cxx11::_List_base<_Tp, _Alloc>::_M_inc_size(std::size_t) [with _Tp = wyz::CObserver*; _Alloc = std::allocator<wyz::CObserver*>]	16	static
stl_list.h:356:12:void std::__cxx11::_List_base<_Tp, _Alloc>::_M_dec_size(std::size_t) [with _Tp = wyz::CObserver*; _Alloc = std::allocator<wyz::CObserver*>]	16	static
aligned_buffer.h:70:7:_Tp* __gnu_cxx::__aligned_membuf<_Tp>::_M_ptr() [with _Tp = wyz::CObserver*]	16	static
allocator.h:131:7:std::allocator< <template-parameter-1-1> >::allocator() [with _Tp = std::_List_node<wyz::CObserver*>]	16	static
stl_list.h:352:12:void std::__cxx11::_List_base<_Tp, _Alloc>::_M_set_size(std::size_t) [with _Tp = wyz::CObserver*; _Alloc = std::allocator<wyz::CObserver*>]	16	static
new_allocator.h:140:2:void __gnu_cxx::new_allocator<_Tp>::destroy(_Up*) [with _Up = wyz::CObserver*; _Tp = std::_List_node<wyz::CObserver*>]	16	static
alloc_traits.h:461:7:static void std::allocator_traits<std::allocator<_Tp1> >::deallocate(std::allocator_traits<std::allocator<_Tp1> >::allocator_type&, std::allocator_traits<std::allocator<_Tp1> >::pointer, std::allocator_traits<std::allocator<_Tp1> >::size_type) [with _Tp = std::_List_node<wyz::CObserver*>]	24	static
stl_list.h:382:7:typename std::__cxx11::_List_base<_Tp, _Alloc>::_Node_alloc_traits::pointer std::__cxx11::_List_base<_Tp, _Alloc>::_M_get_node() [with _Tp = wyz::CObserver*; _Alloc = std::allocator<wyz::CObserver*>]	16	static
allocated_ptr.h:52:7:std::__allocated_ptr<_Alloc>::__allocated_ptr(_Alloc&, std::__allocated_ptr<_Alloc>::pointer) [with _Alloc = std::allocator<std::_List_node<wyz::CObserver*> >]	24	static
allocated_ptr.h:70:7:std::__allocated_ptr<_Alloc>::~__allocated_ptr() [with _Alloc = std::allocator<std::_List_node<wyz::CObserver*> >]	16	static
alloc_traits.h:474:2:) [with _Up = wyz::CObserver*; _Args = {wyz::CObserver* const&}; _Tp = std::_List_node<wyz::CObserver*>]	24	static
allocated_ptr.h:78:7:std::__allocated_ptr<_Alloc>& std::__allocated_ptr<_Alloc>::operator=(std::nullptr_t) [with _Alloc = std::allocator<std::_List_node<wyz::CObserver*> >]	16	static
stl_list.h:113:18:_Tp* std::_List_node<_Tp>::_M_valptr() [with _Tp = unsigned int]	16	static
aligned_buffer.h:62:7:void* __gnu_cxx::__aligned_membuf<_Tp>::_M_addr() [with _Tp = wyz::CObserver*]	16	static
new_allocator.h:79:7:__gnu_cxx::new_allocator<_Tp>::new_allocator() [with _Tp = std::_List_node<wyz::CObserver*>]	16	static
new_allocator.h:116:7:void __gnu_cxx::new_allocator<_Tp>::deallocate(__gnu_cxx::new_allocator<_Tp>::pointer, __gnu_cxx::new_allocator<_Tp>::size_type) [with _Tp = std::_List_node<wyz::CObserver*>]	24	static
alloc_traits.h:435:7:static _Tp* std::allocator_traits<std::allocator<_Tp1> >::allocate(std::allocator_traits<std::allocator<_Tp1> >::allocator_type&, std::allocator_traits<std::allocator<_Tp1> >::size_type) [with _Tp = std::_List_node<wyz::CObserver*>]	16	static
move.h:47:5:constexpr _Tp* std::__addressof(_Tp&) [with _Tp = std::allocator<std::_List_node<wyz::CObserver*> >]	16	static
new_allocator.h:135:2:) [with _Up = wyz::CObserver*; _Args = {wyz::CObserver* const&}; _Tp = std::_List_node<wyz::CObserver*>]	32	static
aligned_buffer.h:70:7:_Tp* __gnu_cxx::__aligned_membuf<_Tp>::_M_ptr() [with _Tp = unsigned int]	16	static
new_allocator.h:99:7:_Tp* __gnu_cxx::new_allocator<_Tp>::allocate(__gnu_cxx::new_allocator<_Tp>::size_type, const void*) [with _Tp = std::_List_node<wyz::CObserver*>]	24	static
aligned_buffer.h:62:7:void* __gnu_cxx::__aligned_membuf<_Tp>::_M_addr() [with _Tp = unsigned int]	16	static
new_allocator.h:129:7:__gnu_cxx::new_allocator<_Tp>::size_type __gnu_cxx::new_allocator<_Tp>::max_size() const [with _Tp = std::_List_node<wyz::CObserver*>]	16	static
