gthr-default.h:229:1:int __gthread_key_delete(__gthread_key_t)	16	static
CMachineEventBase.h:13:10:CMachineEventBase::~CMachineEventBase()	16	static
CMachineEventBase.h:13:10:virtual CMachineEventBase::~CMachineEventBase()	16	static
CMachineEventBase.h:11:7:CMachineEventBase::CMachineEventBase()	16	static
A1Protocol.h:24:2:wyz::CA1_Event::CA1_Event(int, int, std::__cxx11::string)	24	static
A1Protocol.h:29:2:wyz::CA1_Event::~CA1_Event()	16	static
A1Protocol.h:29:2:virtual wyz::CA1_Event::~CA1_Event()	16	static
main.cpp:71:5:int main()	72	static
main.cpp:127:6:void SystemClock_Config()	88	static
main.cpp:166:13:void MX_UART4_Init()	8	static
main.cpp:197:13:void MX_DMA_Init()	16	static
main.cpp:215:13:void MX_GPIO_Init()	24	static
main.cpp:233:6:void Error_Handler()	4	static
